[16:56:15] ======================================================================
[16:56:15] K1116d: TRUE ALFRED first-release vintage retest
[16:56:15] ======================================================================
[16:56:16] Fetching SPY + VIX daily 2018-2026...
[16:56:17] SPY+VIX weekly: 431 weeks, 2018-01-12 to 2026-04-10
[16:56:17] 
Vintage panels: weekly_mean=(438, 5), pit=(439, 5)
[16:56:17] Revised panels: weekly_mean=(438, 5), pit=(438, 5)
[16:56:17] 
Vintage-vs-revised PIT differences:
[16:56:17]   USEPU     n=438  corr=0.7706  max|d|=1283.990  mean|d|=63.4887
[16:56:17]   WLEMU     n=438  corr=0.8140  max|d|=1127.010  mean|d|=58.8145
[16:56:17]   NFCI      n=438  corr=0.8286  max|d|=0.530  mean|d|=0.1248
[16:56:17]   ANFCI     n=438  corr=0.8299  max|d|=0.620  mean|d|=0.1014
[16:56:17]   STLFSI    n=438  corr=0.4118  max|d|=5.734  mean|d|=0.4778
[16:56:17] 
======================================================================
CYCLE: VINTAGE (K1116d primary)
======================================================================
[16:56:17]   orig_shift1               panel=(431, 8) 2018-01-12..2026-04-10
[16:56:19]   corrected_shift2          panel=(431, 8) 2018-01-12..2026-04-10
[16:56:19]   conservative_shift2       panel=(431, 8) 2018-01-12..2026-04-10
[16:56:19]   pit_shift0                panel=(431, 8) 2018-01-12..2026-04-10
[16:56:19]   pit_shift1                panel=(431, 8) 2018-01-12..2026-04-10
[16:56:19]   multi_lag_3               panel=(431, 8) 2018-01-12..2026-04-10
[16:56:21] 
======================================================================
CYCLE: REVISED (K1116c replication)
======================================================================
[16:56:21]   orig_shift1               panel=(431, 8) 2018-01-12..2026-04-10
[16:56:21]   corrected_shift2          panel=(431, 8) 2018-01-12..2026-04-10
[16:56:21]   conservative_shift2       panel=(431, 8) 2018-01-12..2026-04-10
[16:56:21]   pit_shift0                panel=(431, 8) 2018-01-12..2026-04-10
[16:56:21]   pit_shift1                panel=(431, 8) 2018-01-12..2026-04-10
[16:56:21]   multi_lag_3               panel=(431, 8) 2018-01-12..2026-04-10
[16:56:22] 
======================================================================
[16:56:22] VERDICTS
[16:56:22] ======================================================================
[16:56:22]   Vintage cycle: H2_ROBUST_NULL  (0 cells passing)
[16:56:22]   Revised cycle: H2_ROBUST_NULL  (0 cells passing)
[16:56:22] 
MASTER VERDICT: H2_ROBUST_NULL_VINTAGE_CONFIRMED
[16:56:22]   True ALFRED vintage data confirms K1116c upper-bound argument. All 6 lag/PIT variants × 5 specs fail to reach Harvey |t|>3. Paper 4 alt-data NULL is robust to vintage concern.
[16:56:22] 
Results saved: /Users/yhlai0911/Desktop/volpred-research/experiments/k1116d/k1116d_results.json

======================================================================
VINTAGE — DM-HLN t-stats (vs M2_vix baseline) — Harvey threshold |t|>3
======================================================================
Variant                       base      epu  finstress      all
orig_shift1                 -3.021   -2.218     -2.966   -4.567
corrected_shift2            -3.021   -2.218     -3.081   -4.465
conservative_shift2         -3.021   -2.015     -3.081   -4.297
pit_shift0                  -3.021   -1.906     -2.964   -3.872
pit_shift1                  -3.021   -3.267     -3.081   -5.213
multi_lag_3                 -3.021   -2.070     -3.120   -3.606
