{
  "env": {
    "CLAUDE_CODE_EXPERIMENTAL_AGENT_TEAMS": "1"
  },
  "permissions": {
    "allow": [
      "Bash(./node_modules/.bin/next build:*)",
      "Bash(./scripts/deploy-zeabur-safe.sh)",
      "Bash(VERIFY_BASE_URL=https://volpred.zeabur.app node scripts/verify-regressions.mjs)",
      "Bash(awk '$6==\"Apr\" && $7==17 {print $6, $7, $8, $5, $NF}')",
      "Bash(awk '{print $1, $2}')",
      "Bash(awk '{print $5, $6, $7, $8}')",
      "Bash(awk '{print $5, $9}')",
      "Bash(awk '{print $NF}')",
      "Bash(awk -F/ '{print $2}')",
      "Bash(bash scripts/deploy-zeabur-safe.sh)",
      "Bash(crontab -l)",
      "Bash(curl -fsSL https://raw.githubusercontent.com/win4r/notebooklm-py/v0.3.4-hermes.4/README.md -o /tmp/notebooklm-README.md)",
      "Bash(curl -fsSL https://raw.githubusercontent.com/win4r/notebooklm-py/v0.3.4-hermes.4/SKILL.md -o /tmp/notebooklm-SKILL.md)",
      "Bash(curl -s -L \"https://sci-hub.mk/10.1162/REST_a_00300\" -A \"Mozilla/5.0 \\(Macintosh; Intel Mac OS X 10_15_7\\)\" --connect-timeout 15)",
      "Bash(curl -s -L -o /tmp/garch_midas_engle2013.pdf \"https://sci.bban.top/pdf/10.1162/REST_a_00300.pdf\" -A \"Mozilla/5.0 \\(Macintosh; Intel Mac OS X 10_15_7\\)\" --connect-timeout 15 -w \"%{http_code}\")",
      "Bash(curl -sL https://raw.githubusercontent.com/win4r/notebooklm-py/main/README.md)",
      "Bash(find *)",
      "Bash(gh repo *)",
      "Bash(git add *)",
      "Bash(git add:*)",
      "Bash(git checkout:*)",
      "Bash(git commit -m ' *)",
      "Bash(git commit -m ':*)",
      "Bash(git commit -m 'CLAUDE.md 瘦身：10 類任務表搬 agent-delegation.md + 自動化段壓縮 *)",
      "Bash(git push:*)",
      "Bash(git stash:*)",
      "Bash(git status:*)",
      "Bash(git submodule:*)",
      "Bash(grep -E \"\\\\.\\(md|py|json\\)$\")",
      "Bash(grep -nE \"^#{2,3} \" CLAUDE.md)",
      "Bash(grep -r \"Supabase.*error\\\\|HTTP.*400\\\\|patch error\" /tmp/*.log)",
      "Bash(kill %%)",
      "Bash(kill %1)",
      "Bash(ls -d experiments/K*)",
      "Bash(ls -d frontend*/)",
      "Bash(ls -la /tmp/daily_update*.log)",
      "Bash(ls -lt docs/research_archive/*.md)",
      "Bash(ls data/*calendar* data/*trading*)",
      "Bash(ls storage/*calendar* storage/*trading* storage/*holiday*)",
      "Bash(node -e ':*)",
      "Bash(node_modules/.bin/next build:*)",
      "Bash(notebooklm skill *)",
      "Bash(npm install:*)",
      "Bash(npm run:*)",
      "Bash(npx --yes next build)",
      "Bash(npx next:*)",
      "Bash(npx tsc:*)",
      "Bash(npx zeabur@latest service list --project-id 69b5b264800a475a1f82b073)",
      "Bash(npx zeabur@latest service redeploy --id 69be521a1066986b9a1692be -i=false -y)",
      "Bash(python3 -c \":*)",
      "Bash(python3 -c ':*)",
      "Bash(python3:*)",
      "Bash(rm -rf .claude/skills/journal-review-report .agents/skills/journal-review-report)",
      "Bash(rm .agents/skills/academic-finance-reviewer/SKILL.md)",
      "Bash(rm .claude/skills/academic-finance-reviewer/SKILL.md)",
      "Bash(sort -t'K' -k1 -n)",
      "Bash(uv run:*)",
      "Edit(/.claude/skills/admin-ops/**)",
      "Edit(/.claude/skills/member-questions/**)",
      "Read(//Users/yhlai0911/Library/Logs/**)",
      "Read(//private/tmp/**)",
      "Read(//tmp/**)",
      "Skill(codex:rescue)",
      "Skill(codex:rescue:*)",
      "WebFetch(domain:economics.ucr.edu)",
      "WebFetch(domain:findresearcher.sdu.dk)",
      "WebFetch(domain:raw.githubusercontent.com)",
      "WebFetch(domain:sci-hub.se)",
      "WebFetch(domain:volpred-v3.zeabur.app)",
      "WebFetch(domain:volpred.zeabur.app)",
      "WebFetch(domain:www.econstor.eu)",
      "WebFetch(domain:www.oru.se)",
      "WebSearch",
      "mcp__claude-in-chrome__browser_batch",
      "mcp__claude-in-chrome__computer",
      "mcp__claude-in-chrome__find",
      "mcp__claude-in-chrome__form_input",
      "mcp__claude-in-chrome__navigate",
      "mcp__claude-in-chrome__read_page",
      "mcp__claude-in-chrome__switch_browser",
      "mcp__claude-in-chrome__tabs_context_mcp",
      "mcp__claude-in-chrome__tabs_create_mcp",
      "mcp__plugin_chrome-devtools-mcp_chrome-devtools__evaluate_script",
      "mcp__plugin_chrome-devtools-mcp_chrome-devtools__navigate_page",
      "mcp__plugin_chrome-devtools-mcp_chrome-devtools__take_screenshot",
      "mcp__plugin_supabase_supabase__execute_sql",
      "Bash(brew install *)",
      "Bash(agy --help)",
      "Bash(cat /opt/homebrew/bin/agy; echo \"===caskinfo===\"; brew info --cask antigravity 2>&1 | head -15; echo \"===app===\"; ls -la /Applications/ | grep -i antigrav; ls -la \"/Applications/Antigravity.app/Contents/Resources/app/bin/\" 2>&1 | head)",
      "Read(//Applications/**)",
      "Read(//Applications/Antigravity.app/Contents/Resources/app/**)",
      "Bash(npx --yes @electron/asar list /Applications/Antigravity.app/Contents/Resources/app.asar)",
      "Bash(grep -iE \"antigravity|/bin$|resources/app/bin\")",
      "Bash(npx --yes @electron/asar extract-file /Applications/Antigravity.app/Contents/Resources/app.asar product.json)",
      "Bash(grep -iE \"^/bin|cli\\\\.js|/out/cli|main\\\\.js$\")",
      "Bash(rm -rf agy_x)",
      "Bash(npx --yes @electron/asar extract /Applications/Antigravity.app/Contents/Resources/app.asar /tmp/agy_x)",
      "Bash(ls -d \"/Applications/Antigravity IDE.app\" 2>&1; ls ~/.gemini/ 2>&1; echo \"===ide bin===\"; find \"/Applications/Antigravity IDE.app\" -name \"agy\" -o -name \"antigravity\" 2>/dev/null | grep bin; ls \"/Applications/Antigravity IDE.app/Contents/Resources/app/bin/\" 2>&1)",
      "Read(//Users/yhlai0911/.gemini/**)",
      "Bash(curl -s --max-time 20 https://antigravity-ide-auto-updater-974169037036.us-central1.run.app/api/update/__TRACKED_VAR__/stable/latest)",
      "Bash(curl -sL --max-time 480 -o \"Antigravity-IDE.zip\" \"https://edgedl.me.gvt1.com/edgedl/release2/j0qc3/antigravity/stable/2.0.1-4861014005645312/darwin-arm/Antigravity IDE.zip\")",
      "Bash(shasum -a 256 Antigravity-IDE.zip)",
      "Bash(rm -rf \"Antigravity IDE.app\")",
      "Bash(unzip -q Antigravity-IDE.zip)",
      "Bash(find \"Antigravity IDE.app/Contents/Resources/app/bin\" -type f)",
      "Bash(rm -rf \"/Applications/Antigravity IDE.app\")",
      "Bash(mv \"/tmp/Antigravity IDE.app\" /Applications/)",
      "Bash(xattr -dr com.apple.quarantine \"/Applications/Antigravity IDE.app\")",
      "Bash(cat)",
      "Bash(chmod +x /opt/homebrew/bin/agy)",
      "Bash(rm -f /tmp/Antigravity-IDE.zip)",
      "Bash(rm -rf /tmp/agy_x)",
      "Bash(echo \"USER=$\\(whoami\\) HOME=$HOME\"; echo \"--- PATH agy 現況 ---\"; which -a agy 2>/dev/null; echo \"--- 既有 ~/.local/bin ---\"; ls -la ~/.local/bin/ 2>/dev/null | head)",
      "Read(//Users/yhlai0911/.local/bin/**)",
      "Bash(curl -fsSL https://antigravity.google/cli/install.sh)",
      "Bash(bash)",
      "Read(//Users/yhlai0911/volpred-research/**)",
      "Read(//Users/yhlai0911/.claude/**)",
      "Bash(echo \"---exit $?\")",
      "Bash(rg -rn -l -i \"say\" /Users/yhlai0911/.claude/projects/-Users-yhlai0911-volpred-research/memory/)",
      "Bash(xargs -I {} ls \"~/.claude/projects/{}\"/*.jsonl)",
      "Bash(bash scripts/tests/test_enforce_final_text.sh)"
    ],
    "defaultMode": "dontAsk"
  },
  "hooks": {
    "Stop": [
      {
        "hooks": [
          {
            "type": "command",
            "command": "/usr/bin/python3",
            "args": [
              "/Users/yhlai0911/volpred-research/scripts/hooks/enforce_final_text.py",
              "--speech-only"
            ],
            "timeout": 5
          }
        ]
      }
    ]
  },
  "statusLine": {
    "type": "command",
    "command": "bash /Users/yhlai0911/.claude/statusline-command.sh"
  },
  "enabledPlugins": {
    "skill-creator@claude-plugins-official": true,
    "frontend-design@claude-plugins-official": true,
    "context7@claude-plugins-official": true,
    "code-review@claude-plugins-official": false,
    "github@claude-plugins-official": false,
    "code-simplifier@claude-plugins-official": false,
    "feature-dev@claude-plugins-official": true,
    "ralph-loop@claude-plugins-official": false,
    "typescript-lsp@claude-plugins-official": true,
    "security-guidance@claude-plugins-official": true,
    "supabase@claude-plugins-official": true,
    "chrome-devtools-mcp@claude-plugins-official": false,
    "telegram@claude-plugins-official": true,
    "codex@openai-codex": true,
    "andrej-karpathy-skills@karpathy-skills": true,
    "claude-code-setup@claude-plugins-official": true
  },
  "extraKnownMarketplaces": {
    "openai-codex": {
      "source": {
        "source": "github",
        "repo": "openai/codex-plugin-cc"
      }
    },
    "karpathy-skills": {
      "source": {
        "source": "github",
        "repo": "forrestchang/andrej-karpathy-skills"
      }
    }
  },
  "language": "繁體中文",
  "effortLevel": "xhigh",
  "advisorModel": "fable",
  "tui": "fullscreen",
  "skipDangerousModePermissionPrompt": true,
  "skipWorkflowUsageWarning": true,
  "theme": "light",
  "autoCompactEnabled": true,
  "remoteControlAtStartup": true,
  "agentPushNotifEnabled": true,
  "allow": [
    "mcp__claude-in-chrome__browser_batch",
    "mcp__claude-in-chrome__computer",
    "mcp__claude-in-chrome__find",
    "mcp__claude-in-chrome__form_input",
    "mcp__claude-in-chrome__navigate",
    "mcp__claude-in-chrome__read_page",
    "mcp__claude-in-chrome__switch_browser",
    "mcp__claude-in-chrome__tabs_context_mcp",
    "mcp__claude-in-chrome__tabs_create_mcp"
  ],
  "model": "claude-fable-5[1m]"
}
