=== [audit_fb_pipeline] piggy-back fire at 2026-05-20T10:16:07.609072+00:00 ===
=== [audit_fb_pipeline] start at 2026-05-20T10:16:08Z ===
{
  "audit": "fb_pipeline",
  "stale_hours": 24,
  "stale_pending_count": 0,
  "stale_pending": [],
  "generated_at": "2026-05-20T10:16:08Z"
}
=== [audit_fb_pipeline] exit 0 at 2026-05-20T10:16:08Z ===
=== [audit_fb_pipeline] exit 0 at 2026-05-20T10:16:08.254176+00:00 (duration=0.6s) ===
=== [audit_fb_pipeline] piggy-back fire at 2026-05-20T11:00:04.822708+00:00 ===
=== [audit_fb_pipeline] start at 2026-05-20T11:00:04Z ===
{
  "audit": "fb_pipeline",
  "stale_hours": 24,
  "stale_pending_count": 0,
  "stale_pending": [],
  "generated_at": "2026-05-20T11:00:05Z"
}
=== [audit_fb_pipeline] exit 0 at 2026-05-20T11:00:05Z ===
=== [audit_fb_pipeline] exit 0 at 2026-05-20T11:00:05.915803+00:00 (duration=1.1s) ===
