=== [audit_publish_sync] piggy-back fire at 2026-05-20T10:15:57.099512+00:00 ===
=== [audit_publish_sync] start at 2026-05-20T10:15:58Z ===
{
  "audit": "publish_sync",
  "window_hours": 72,
  "local_published_count": 29,
  "supabase_synced_count": 29,
  "missing_supabase": [],
  "live_404": [],
  "mismatch_total": 0,
  "generated_at": "2026-05-20T10:16:07Z"
}
=== [audit_publish_sync] exit 0 at 2026-05-20T10:16:07Z ===
=== [audit_publish_sync] exit 0 at 2026-05-20T10:16:07.604554+00:00 (duration=10.5s) ===
=== [audit_publish_sync] piggy-back fire at 2026-05-20T12:00:08.828120+00:00 ===
=== [audit_publish_sync] start at 2026-05-20T12:00:08Z ===
{
  "audit": "publish_sync",
  "window_hours": 72,
  "local_published_count": 30,
  "supabase_synced_count": 30,
  "missing_supabase": [],
  "live_404": [],
  "mismatch_total": 0,
  "generated_at": "2026-05-20T12:00:18Z"
}
=== [audit_publish_sync] exit 0 at 2026-05-20T12:00:18Z ===
=== [audit_publish_sync] exit 0 at 2026-05-20T12:00:19.099795+00:00 (duration=10.3s) ===
=== [audit_publish_sync] piggy-back fire at 2026-05-20T13:00:10.468903+00:00 ===
=== [audit_publish_sync] start at 2026-05-20T13:00:10Z ===
{
  "audit": "publish_sync",
  "window_hours": 72,
  "local_published_count": 29,
  "supabase_synced_count": 29,
  "missing_supabase": [],
  "live_404": [],
  "mismatch_total": 0,
  "generated_at": "2026-05-20T13:00:23Z"
}
=== [audit_publish_sync] exit 0 at 2026-05-20T13:00:23Z ===
=== [audit_publish_sync] exit 0 at 2026-05-20T13:00:23.702453+00:00 (duration=13.2s) ===
=== [audit_publish_sync] piggy-back fire at 2026-05-20T14:00:23.625183+00:00 ===
=== [audit_publish_sync] start at 2026-05-20T14:00:23Z ===
{
  "audit": "publish_sync",
  "window_hours": 72,
  "local_published_count": 29,
  "supabase_synced_count": 29,
  "missing_supabase": [],
  "live_404": [],
  "mismatch_total": 0,
  "generated_at": "2026-05-20T14:00:28Z"
}
=== [audit_publish_sync] exit 0 at 2026-05-20T14:00:28Z ===
=== [audit_publish_sync] exit 0 at 2026-05-20T14:00:28.872406+00:00 (duration=5.2s) ===
=== [audit_publish_sync] piggy-back fire at 2026-05-20T15:00:04.659767+00:00 ===
=== [audit_publish_sync] start at 2026-05-20T15:00:04Z ===
{
  "audit": "publish_sync",
  "window_hours": 72,
  "local_published_count": 29,
  "supabase_synced_count": 29,
  "missing_supabase": [],
  "live_404": [],
  "mismatch_total": 0,
  "generated_at": "2026-05-20T15:00:12Z"
}
=== [audit_publish_sync] exit 0 at 2026-05-20T15:00:12Z ===
=== [audit_publish_sync] exit 0 at 2026-05-20T15:00:12.549628+00:00 (duration=7.9s) ===
=== [audit_publish_sync] piggy-back fire at 2026-05-20T16:00:22.134076+00:00 ===
=== [audit_publish_sync] start at 2026-05-20T16:00:22Z ===
{
  "audit": "publish_sync",
  "window_hours": 72,
  "local_published_count": 28,
  "supabase_synced_count": 28,
  "missing_supabase": [],
  "live_404": [],
  "mismatch_total": 0,
  "generated_at": "2026-05-20T16:00:26Z"
}
=== [audit_publish_sync] exit 0 at 2026-05-20T16:00:26Z ===
=== [audit_publish_sync] exit 0 at 2026-05-20T16:00:26.253970+00:00 (duration=4.1s) ===
=== [audit_publish_sync] piggy-back fire at 2026-05-20T17:00:28.155195+00:00 ===
=== [audit_publish_sync] start at 2026-05-20T17:00:28Z ===
{
  "audit": "publish_sync",
  "window_hours": 72,
  "local_published_count": 28,
  "supabase_synced_count": 28,
  "missing_supabase": [],
  "live_404": [],
  "mismatch_total": 0,
  "generated_at": "2026-05-20T17:00:35Z"
}
=== [audit_publish_sync] exit 0 at 2026-05-20T17:00:35Z ===
=== [audit_publish_sync] exit 0 at 2026-05-20T17:00:35.519146+00:00 (duration=7.4s) ===
