  Auto-detected: fetching 59 days back for SPY

SPY 5-min RV: 65 days total
Latest: 2026-04-17

Done.
=== 美股數據收集: 2026-04-20 08:34 ===
  Supabase heartbeat OK

--- 日線數據 ---
  SPY     : 2026-04-17 close=710.14 (1580 rows)
  GLD     : 2026-04-17 close=445.93 (1580 rows)
  TLT     : 2026-04-17 close=87.07 (1580 rows)
  QQQ     : 2026-04-17 close=648.85 (1580 rows)
  EEM     : 2026-04-17 close=63.64 (1580 rows)
  ^VIX    : 2026-04-17 close=17.48 (1580 rows)
  ^VIX3M  : 2026-04-17 close=20.51 (1580 rows)
  ^N225   : 2026-04-20 close=58801.61 (1536 rows)

--- SPY 5-min ---

--- FRED 總經指標（週一更新）---
  ✅ AWHMAN               → 2026-03-01
  ✅ BAMLH0A0HYM2         → 2026-04-16
  ✅ CPIAUCSL             → 2026-03-01
  ✅ DGORDER              → 2026-02-01
  ✅ DGS10                → 2026-04-16
  ✅ DGS2                 → 2026-04-16
  ✅ EFFR                 → 2026-04-16
  ✅ FEDFUNDS             → 2026-03-01
  ✅ GDP                  → 2025-10-01
  ✅ GDPC1                → 2025-10-01
  ✅ HOUST                → 2026-01-01
  ✅ ICSA                 → 2026-04-11
  ✅ INDPRO               → 2026-03-01
  ✅ M2SL                 → 2026-02-01
  ✅ PAYEMS               → 2026-03-01
  ✅ PCEPILFE             → 2026-02-01
  ✅ PERMIT               → 2026-01-01
  ✅ RSAFS                → 2026-02-01
  ✅ STLFSI4              → 2026-04-10
  ✅ T10YIE               → 2026-04-17
  ✅ UMCSENT              → 2026-02-01
  ✅ UNRATE               → 2026-03-01
  ✅ WALCL                → 2026-04-15
  FRED: 23 updated, 0 failed

✓ 美股數據收集完成
