=== compute-worker 2026-05-12 14:45:01 CST ===
no queued jobs
=== compute-worker end 2026-05-12 14:45:01 CST ===
=== compute-worker 2026-05-12 15:00:00 CST ===
no queued jobs
=== compute-worker end 2026-05-12 15:00:00 CST ===
=== compute-worker 2026-05-12 15:15:00 CST ===
no queued jobs
=== compute-worker end 2026-05-12 15:15:00 CST ===
=== compute-worker 2026-05-12 15:30:00 CST ===
no queued jobs
=== compute-worker end 2026-05-12 15:30:00 CST ===
=== compute-worker 2026-05-12 15:45:03 CST ===
no queued jobs
=== compute-worker end 2026-05-12 15:45:03 CST ===
=== compute-worker 2026-05-12 16:00:04 CST ===
no queued jobs
=== compute-worker end 2026-05-12 16:00:04 CST ===
=== compute-worker 2026-05-12 16:15:04 CST ===
no queued jobs
=== compute-worker end 2026-05-12 16:15:04 CST ===
=== compute-worker 2026-05-12 16:30:05 CST ===
no queued jobs
=== compute-worker end 2026-05-12 16:30:05 CST ===
=== compute-worker 2026-05-12 16:45:04 CST ===
no queued jobs
=== compute-worker end 2026-05-12 16:45:04 CST ===
=== compute-worker 2026-05-12 17:00:02 CST ===
no queued jobs
=== compute-worker end 2026-05-12 17:00:02 CST ===
=== compute-worker 2026-05-12 17:15:00 CST ===
no queued jobs
=== compute-worker end 2026-05-12 17:15:00 CST ===
=== compute-worker 2026-05-12 17:30:04 CST ===
no queued jobs
=== compute-worker end 2026-05-12 17:30:04 CST ===
=== compute-worker 2026-05-12 17:45:05 CST ===
no queued jobs
=== compute-worker end 2026-05-12 17:45:05 CST ===
=== compute-worker 2026-05-12 18:00:04 CST ===
no queued jobs
=== compute-worker end 2026-05-12 18:00:05 CST ===
=== compute-worker 2026-05-12 18:15:05 CST ===
no queued jobs
=== compute-worker end 2026-05-12 18:15:05 CST ===
=== compute-worker 2026-05-12 18:30:05 CST ===
no queued jobs
=== compute-worker end 2026-05-12 18:30:05 CST ===
=== compute-worker 2026-05-12 18:45:03 CST ===
no queued jobs
=== compute-worker end 2026-05-12 18:45:03 CST ===
=== compute-worker 2026-05-12 19:00:05 CST ===
no queued jobs
=== compute-worker end 2026-05-12 19:00:05 CST ===
=== compute-worker 2026-05-12 19:15:05 CST ===
no queued jobs
=== compute-worker end 2026-05-12 19:15:05 CST ===
=== compute-worker 2026-05-12 19:30:04 CST ===
no queued jobs
=== compute-worker end 2026-05-12 19:30:04 CST ===
=== compute-worker 2026-05-12 19:45:03 CST ===
no queued jobs
=== compute-worker end 2026-05-12 19:45:03 CST ===
=== compute-worker 2026-05-12 20:00:02 CST ===
no queued jobs
=== compute-worker end 2026-05-12 20:00:02 CST ===
=== compute-worker 2026-05-12 20:15:05 CST ===
no queued jobs
=== compute-worker end 2026-05-12 20:15:05 CST ===
=== compute-worker 2026-05-12 20:30:05 CST ===
no queued jobs
=== compute-worker end 2026-05-12 20:30:05 CST ===
=== compute-worker 2026-05-12 20:45:04 CST ===
no queued jobs
=== compute-worker end 2026-05-12 20:45:04 CST ===
=== compute-worker 2026-05-12 21:00:05 CST ===
no queued jobs
=== compute-worker end 2026-05-12 21:00:05 CST ===
=== compute-worker 2026-05-12 21:15:04 CST ===
no queued jobs
=== compute-worker end 2026-05-12 21:15:04 CST ===
=== compute-worker 2026-05-12 21:30:05 CST ===
no queued jobs
=== compute-worker end 2026-05-12 21:30:05 CST ===
=== compute-worker 2026-05-12 21:45:05 CST ===
no queued jobs
=== compute-worker end 2026-05-12 21:45:05 CST ===
=== compute-worker 2026-05-12 22:00:02 CST ===
no queued jobs
=== compute-worker end 2026-05-12 22:00:02 CST ===
=== compute-worker 2026-05-12 22:15:05 CST ===
no queued jobs
=== compute-worker end 2026-05-12 22:15:05 CST ===
=== compute-worker 2026-05-12 22:30:05 CST ===
no queued jobs
=== compute-worker end 2026-05-12 22:30:05 CST ===
=== compute-worker 2026-05-12 22:45:05 CST ===
no queued jobs
=== compute-worker end 2026-05-12 22:45:05 CST ===
=== compute-worker 2026-05-12 23:00:05 CST ===
no queued jobs
=== compute-worker end 2026-05-12 23:00:05 CST ===
=== compute-worker 2026-05-12 23:15:05 CST ===
no queued jobs
=== compute-worker end 2026-05-12 23:15:05 CST ===
=== compute-worker 2026-05-12 23:30:05 CST ===
no queued jobs
=== compute-worker end 2026-05-12 23:30:05 CST ===
=== compute-worker 2026-05-12 23:45:05 CST ===
no queued jobs
=== compute-worker end 2026-05-12 23:45:05 CST ===
=== compute-worker 2026-05-13 00:00:04 CST ===
no queued jobs
=== compute-worker end 2026-05-13 00:00:04 CST ===
=== compute-worker 2026-05-13 00:15:05 CST ===
no queued jobs
=== compute-worker end 2026-05-13 00:15:05 CST ===
=== compute-worker 2026-05-13 00:30:05 CST ===
no queued jobs
=== compute-worker end 2026-05-13 00:30:06 CST ===
=== compute-worker 2026-05-13 00:45:05 CST ===
no queued jobs
=== compute-worker end 2026-05-13 00:45:05 CST ===
=== compute-worker 2026-05-13 01:00:05 CST ===
no queued jobs
=== compute-worker end 2026-05-13 01:00:05 CST ===
=== compute-worker 2026-05-13 01:15:05 CST ===
no queued jobs
=== compute-worker end 2026-05-13 01:15:05 CST ===
=== compute-worker 2026-05-13 01:30:04 CST ===
no queued jobs
=== compute-worker end 2026-05-13 01:30:04 CST ===
=== compute-worker 2026-05-13 01:45:04 CST ===
no queued jobs
=== compute-worker end 2026-05-13 01:45:04 CST ===
=== compute-worker 2026-05-13 02:00:03 CST ===
no queued jobs
=== compute-worker end 2026-05-13 02:00:03 CST ===
=== compute-worker 2026-05-13 02:15:05 CST ===
no queued jobs
=== compute-worker end 2026-05-13 02:15:05 CST ===
=== compute-worker 2026-05-13 02:30:05 CST ===
no queued jobs
=== compute-worker end 2026-05-13 02:30:05 CST ===
=== compute-worker 2026-05-13 02:45:04 CST ===
no queued jobs
=== compute-worker end 2026-05-13 02:45:04 CST ===
=== compute-worker 2026-05-13 03:00:05 CST ===
no queued jobs
=== compute-worker end 2026-05-13 03:00:05 CST ===
=== compute-worker 2026-05-13 03:15:05 CST ===
no queued jobs
=== compute-worker end 2026-05-13 03:15:05 CST ===
=== compute-worker 2026-05-13 03:30:02 CST ===
no queued jobs
=== compute-worker end 2026-05-13 03:30:02 CST ===
=== compute-worker 2026-05-13 03:45:05 CST ===
no queued jobs
=== compute-worker end 2026-05-13 03:45:05 CST ===
=== compute-worker 2026-05-13 04:00:03 CST ===
no queued jobs
=== compute-worker end 2026-05-13 04:00:03 CST ===
=== compute-worker 2026-05-13 04:15:01 CST ===
no queued jobs
=== compute-worker end 2026-05-13 04:15:01 CST ===
=== compute-worker 2026-05-13 04:30:03 CST ===
no queued jobs
=== compute-worker end 2026-05-13 04:30:03 CST ===
=== compute-worker 2026-05-13 04:45:05 CST ===
no queued jobs
=== compute-worker end 2026-05-13 04:45:05 CST ===
=== compute-worker 2026-05-13 05:00:02 CST ===
no queued jobs
=== compute-worker end 2026-05-13 05:00:02 CST ===
=== compute-worker 2026-05-13 05:15:01 CST ===
no queued jobs
=== compute-worker end 2026-05-13 05:15:01 CST ===
=== compute-worker 2026-05-13 05:30:05 CST ===
no queued jobs
=== compute-worker end 2026-05-13 05:30:05 CST ===
=== compute-worker 2026-05-13 05:45:04 CST ===
no queued jobs
=== compute-worker end 2026-05-13 05:45:04 CST ===
=== compute-worker 2026-05-13 06:00:05 CST ===
no queued jobs
=== compute-worker end 2026-05-13 06:00:05 CST ===
=== compute-worker 2026-05-13 06:15:04 CST ===
no queued jobs
=== compute-worker end 2026-05-13 06:15:04 CST ===
=== compute-worker 2026-05-13 06:30:01 CST ===
no queued jobs
=== compute-worker end 2026-05-13 06:30:01 CST ===
=== compute-worker 2026-05-13 06:45:05 CST ===
no queued jobs
=== compute-worker end 2026-05-13 06:45:05 CST ===
=== compute-worker 2026-05-13 07:00:05 CST ===
no queued jobs
=== compute-worker end 2026-05-13 07:00:05 CST ===
=== compute-worker 2026-05-13 07:15:05 CST ===
no queued jobs
=== compute-worker end 2026-05-13 07:15:05 CST ===
=== compute-worker 2026-05-13 07:30:05 CST ===
no queued jobs
=== compute-worker end 2026-05-13 07:30:05 CST ===
=== compute-worker 2026-05-13 07:45:04 CST ===
no queued jobs
=== compute-worker end 2026-05-13 07:45:04 CST ===
=== compute-worker 2026-05-13 08:00:04 CST ===
running: compute-k1304-bma-0050-tw-h1-fail-decomposition-h-sample-h-pool-h-mi-1778629580 (experiments/k1304/k1304.py)
done: compute-k1304-bma-0050-tw-h1-fail-decomposition-h-sample-h-pool-h-mi-1778629580 status=completed exit=0
=== compute-worker end 2026-05-13 08:17:31 CST ===
=== compute-worker 2026-05-13 08:30:04 CST ===
running: compute-k1304-k1257-bma-0050-tw-h1-fail-h-sample-h-pool-h-micro-1778631266 (experiments/k1304/k1304.py)
done: compute-k1304-k1257-bma-0050-tw-h1-fail-h-sample-h-pool-h-micro-1778631266 status=completed exit=0
=== compute-worker end 2026-05-13 08:47:19 CST ===
=== compute-worker 2026-05-13 09:00:05 CST ===
no queued jobs
=== compute-worker end 2026-05-13 09:00:05 CST ===
=== compute-worker 2026-05-13 09:15:02 CST ===
no queued jobs
=== compute-worker end 2026-05-13 09:15:02 CST ===
=== compute-worker 2026-05-13 09:30:04 CST ===
no queued jobs
=== compute-worker end 2026-05-13 09:30:05 CST ===
=== compute-worker 2026-05-13 09:45:05 CST ===
no queued jobs
=== compute-worker end 2026-05-13 09:45:05 CST ===
=== compute-worker 2026-05-13 10:00:05 CST ===
no queued jobs
=== compute-worker end 2026-05-13 10:00:05 CST ===
=== compute-worker 2026-05-13 10:15:05 CST ===
no queued jobs
=== compute-worker end 2026-05-13 10:15:05 CST ===
=== compute-worker 2026-05-13 10:30:04 CST ===
no queued jobs
=== compute-worker end 2026-05-13 10:30:04 CST ===
=== compute-worker 2026-05-13 10:45:05 CST ===
no queued jobs
=== compute-worker end 2026-05-13 10:45:05 CST ===
=== compute-worker 2026-05-13 11:00:04 CST ===
no queued jobs
=== compute-worker end 2026-05-13 11:00:04 CST ===
=== compute-worker 2026-05-13 11:15:04 CST ===
no queued jobs
=== compute-worker end 2026-05-13 11:15:04 CST ===
=== compute-worker 2026-05-13 11:30:05 CST ===
no queued jobs
=== compute-worker end 2026-05-13 11:30:05 CST ===
=== compute-worker 2026-05-13 11:45:00 CST ===
no queued jobs
=== compute-worker end 2026-05-13 11:45:00 CST ===
=== compute-worker 2026-05-13 12:00:04 CST ===
no queued jobs
=== compute-worker end 2026-05-13 12:00:05 CST ===
=== compute-worker 2026-05-13 12:15:05 CST ===
no queued jobs
=== compute-worker end 2026-05-13 12:15:05 CST ===
=== compute-worker 2026-05-13 12:30:04 CST ===
no queued jobs
=== compute-worker end 2026-05-13 12:30:04 CST ===
=== compute-worker 2026-05-13 12:45:05 CST ===
no queued jobs
=== compute-worker end 2026-05-13 12:45:05 CST ===
=== compute-worker 2026-05-13 13:00:05 CST ===
no queued jobs
=== compute-worker end 2026-05-13 13:00:05 CST ===
=== compute-worker 2026-05-13 13:15:05 CST ===
no queued jobs
=== compute-worker end 2026-05-13 13:15:05 CST ===
=== compute-worker 2026-05-13 13:30:05 CST ===
no queued jobs
=== compute-worker end 2026-05-13 13:30:05 CST ===
=== compute-worker 2026-05-13 13:45:04 CST ===
no queued jobs
=== compute-worker end 2026-05-13 13:45:04 CST ===
=== compute-worker 2026-05-13 14:00:05 CST ===
no queued jobs
=== compute-worker end 2026-05-13 14:00:05 CST ===
=== compute-worker 2026-05-13 14:15:01 CST ===
no queued jobs
=== compute-worker end 2026-05-13 14:15:01 CST ===
=== compute-worker 2026-05-13 14:30:05 CST ===
no queued jobs
=== compute-worker end 2026-05-13 14:30:05 CST ===
=== compute-worker 2026-05-13 14:45:05 CST ===
no queued jobs
=== compute-worker end 2026-05-13 14:45:05 CST ===
=== compute-worker 2026-05-13 15:00:05 CST ===
no queued jobs
=== compute-worker end 2026-05-13 15:00:05 CST ===
=== compute-worker 2026-05-13 15:15:05 CST ===
no queued jobs
=== compute-worker end 2026-05-13 15:15:05 CST ===
=== compute-worker 2026-05-13 15:30:05 CST ===
no queued jobs
=== compute-worker end 2026-05-13 15:30:05 CST ===
=== compute-worker 2026-05-13 15:45:05 CST ===
no queued jobs
=== compute-worker end 2026-05-13 15:45:05 CST ===
=== compute-worker 2026-05-13 16:00:05 CST ===
no queued jobs
=== compute-worker end 2026-05-13 16:00:06 CST ===
=== compute-worker 2026-05-13 16:15:04 CST ===
no queued jobs
=== compute-worker end 2026-05-13 16:15:04 CST ===
=== compute-worker 2026-05-13 16:30:04 CST ===
no queued jobs
=== compute-worker end 2026-05-13 16:30:04 CST ===
=== compute-worker 2026-05-13 16:45:05 CST ===
no queued jobs
=== compute-worker end 2026-05-13 16:45:05 CST ===
=== compute-worker 2026-05-13 17:00:02 CST ===
no queued jobs
=== compute-worker end 2026-05-13 17:00:02 CST ===
=== compute-worker 2026-05-13 17:15:05 CST ===
no queued jobs
=== compute-worker end 2026-05-13 17:15:05 CST ===
=== compute-worker 2026-05-13 17:30:05 CST ===
no queued jobs
=== compute-worker end 2026-05-13 17:30:05 CST ===
=== compute-worker 2026-05-13 17:45:02 CST ===
no queued jobs
=== compute-worker end 2026-05-13 17:45:02 CST ===
=== compute-worker 2026-05-13 18:00:02 CST ===
no queued jobs
=== compute-worker end 2026-05-13 18:00:02 CST ===
=== compute-worker 2026-05-13 18:15:05 CST ===
no queued jobs
=== compute-worker end 2026-05-13 18:15:05 CST ===
=== compute-worker 2026-05-13 18:30:05 CST ===
no queued jobs
=== compute-worker end 2026-05-13 18:30:05 CST ===
=== compute-worker 2026-05-13 18:45:05 CST ===
no queued jobs
=== compute-worker end 2026-05-13 18:45:05 CST ===
=== compute-worker 2026-05-13 19:00:02 CST ===
no queued jobs
=== compute-worker end 2026-05-13 19:00:02 CST ===
=== compute-worker 2026-05-13 19:15:05 CST ===
no queued jobs
=== compute-worker end 2026-05-13 19:15:05 CST ===
=== compute-worker 2026-05-13 19:30:05 CST ===
no queued jobs
=== compute-worker end 2026-05-13 19:30:05 CST ===
=== compute-worker 2026-05-13 19:45:02 CST ===
no queued jobs
=== compute-worker end 2026-05-13 19:45:02 CST ===
=== compute-worker 2026-05-13 20:00:04 CST ===
no queued jobs
=== compute-worker end 2026-05-13 20:00:05 CST ===
=== compute-worker 2026-05-13 20:15:04 CST ===
no queued jobs
=== compute-worker end 2026-05-13 20:15:04 CST ===
=== compute-worker 2026-05-13 20:30:05 CST ===
no queued jobs
=== compute-worker end 2026-05-13 20:30:05 CST ===
=== compute-worker 2026-05-13 20:45:05 CST ===
no queued jobs
=== compute-worker end 2026-05-13 20:45:05 CST ===
=== compute-worker 2026-05-13 21:00:03 CST ===
no queued jobs
=== compute-worker end 2026-05-13 21:00:04 CST ===
=== compute-worker 2026-05-13 21:15:05 CST ===
no queued jobs
=== compute-worker end 2026-05-13 21:15:05 CST ===
=== compute-worker 2026-05-13 21:30:05 CST ===
no queued jobs
=== compute-worker end 2026-05-13 21:30:05 CST ===
=== compute-worker 2026-05-13 21:45:04 CST ===
no queued jobs
=== compute-worker end 2026-05-13 21:45:05 CST ===
=== compute-worker 2026-05-13 22:00:05 CST ===
no queued jobs
=== compute-worker end 2026-05-13 22:00:05 CST ===
=== compute-worker 2026-05-13 22:15:04 CST ===
no queued jobs
=== compute-worker end 2026-05-13 22:15:05 CST ===
=== compute-worker 2026-05-13 22:30:05 CST ===
no queued jobs
=== compute-worker end 2026-05-13 22:30:05 CST ===
=== compute-worker 2026-05-13 22:45:05 CST ===
no queued jobs
=== compute-worker end 2026-05-13 22:45:05 CST ===
=== compute-worker 2026-05-13 23:00:05 CST ===
no queued jobs
=== compute-worker end 2026-05-13 23:00:05 CST ===
=== compute-worker 2026-05-13 23:15:01 CST ===
no queued jobs
=== compute-worker end 2026-05-13 23:15:01 CST ===
=== compute-worker 2026-05-13 23:30:02 CST ===
no queued jobs
=== compute-worker end 2026-05-13 23:30:03 CST ===
=== compute-worker 2026-05-13 23:45:05 CST ===
no queued jobs
=== compute-worker end 2026-05-13 23:45:05 CST ===
=== compute-worker 2026-05-14 00:00:05 CST ===
no queued jobs
=== compute-worker end 2026-05-14 00:00:05 CST ===
=== compute-worker 2026-05-14 00:15:05 CST ===
no queued jobs
=== compute-worker end 2026-05-14 00:15:05 CST ===
=== compute-worker 2026-05-14 00:30:04 CST ===
no queued jobs
=== compute-worker end 2026-05-14 00:30:04 CST ===
=== compute-worker 2026-05-14 00:45:05 CST ===
no queued jobs
=== compute-worker end 2026-05-14 00:45:05 CST ===
=== compute-worker 2026-05-14 01:00:02 CST ===
no queued jobs
=== compute-worker end 2026-05-14 01:00:03 CST ===
=== compute-worker 2026-05-14 01:15:04 CST ===
no queued jobs
=== compute-worker end 2026-05-14 01:15:05 CST ===
=== compute-worker 2026-05-14 01:30:05 CST ===
no queued jobs
=== compute-worker end 2026-05-14 01:30:05 CST ===
=== compute-worker 2026-05-14 01:45:04 CST ===
no queued jobs
=== compute-worker end 2026-05-14 01:45:05 CST ===
=== compute-worker 2026-05-14 02:00:05 CST ===
no queued jobs
=== compute-worker end 2026-05-14 02:00:05 CST ===
=== compute-worker 2026-05-14 02:15:05 CST ===
no queued jobs
=== compute-worker end 2026-05-14 02:15:05 CST ===
=== compute-worker 2026-05-14 02:30:04 CST ===
no queued jobs
=== compute-worker end 2026-05-14 02:30:04 CST ===
=== compute-worker 2026-05-14 02:45:05 CST ===
no queued jobs
=== compute-worker end 2026-05-14 02:45:05 CST ===
=== compute-worker 2026-05-14 03:00:02 CST ===
no queued jobs
=== compute-worker end 2026-05-14 03:00:02 CST ===
=== compute-worker 2026-05-14 03:15:05 CST ===
no queued jobs
=== compute-worker end 2026-05-14 03:15:05 CST ===
=== compute-worker 2026-05-14 03:30:05 CST ===
no queued jobs
=== compute-worker end 2026-05-14 03:30:05 CST ===
=== compute-worker 2026-05-14 03:45:04 CST ===
no queued jobs
=== compute-worker end 2026-05-14 03:45:05 CST ===
=== compute-worker 2026-05-14 04:00:05 CST ===
no queued jobs
=== compute-worker end 2026-05-14 04:00:05 CST ===
=== compute-worker 2026-05-14 04:15:05 CST ===
no queued jobs
=== compute-worker end 2026-05-14 04:15:05 CST ===
=== compute-worker 2026-05-14 04:30:04 CST ===
no queued jobs
=== compute-worker end 2026-05-14 04:30:05 CST ===
=== compute-worker 2026-05-14 04:45:05 CST ===
no queued jobs
=== compute-worker end 2026-05-14 04:45:05 CST ===
=== compute-worker 2026-05-14 05:00:05 CST ===
no queued jobs
=== compute-worker end 2026-05-14 05:00:05 CST ===
=== compute-worker 2026-05-14 05:15:04 CST ===
no queued jobs
=== compute-worker end 2026-05-14 05:15:05 CST ===
=== compute-worker 2026-05-14 05:30:04 CST ===
no queued jobs
=== compute-worker end 2026-05-14 05:30:05 CST ===
=== compute-worker 2026-05-14 05:45:05 CST ===
no queued jobs
=== compute-worker end 2026-05-14 05:45:05 CST ===
=== compute-worker 2026-05-14 06:00:05 CST ===
no queued jobs
=== compute-worker end 2026-05-14 06:00:05 CST ===
=== compute-worker 2026-05-14 06:15:05 CST ===
no queued jobs
=== compute-worker end 2026-05-14 06:15:05 CST ===
=== compute-worker 2026-05-14 06:30:02 CST ===
no queued jobs
=== compute-worker end 2026-05-14 06:30:03 CST ===
=== compute-worker 2026-05-14 06:45:05 CST ===
no queued jobs
=== compute-worker end 2026-05-14 06:45:05 CST ===
=== compute-worker 2026-05-14 07:00:05 CST ===
no queued jobs
=== compute-worker end 2026-05-14 07:00:05 CST ===
=== compute-worker 2026-05-14 07:15:05 CST ===
no queued jobs
=== compute-worker end 2026-05-14 07:15:05 CST ===
=== compute-worker 2026-05-14 07:30:03 CST ===
no queued jobs
=== compute-worker end 2026-05-14 07:30:03 CST ===
=== compute-worker 2026-05-14 07:45:05 CST ===
no queued jobs
=== compute-worker end 2026-05-14 07:45:05 CST ===
=== compute-worker 2026-05-14 08:00:05 CST ===
no queued jobs
=== compute-worker end 2026-05-14 08:00:05 CST ===
=== compute-worker 2026-05-14 08:15:05 CST ===
no queued jobs
=== compute-worker end 2026-05-14 08:15:05 CST ===
=== compute-worker 2026-05-14 08:30:02 CST ===
no queued jobs
=== compute-worker end 2026-05-14 08:30:03 CST ===
=== compute-worker 2026-05-14 08:45:04 CST ===
no queued jobs
=== compute-worker end 2026-05-14 08:45:05 CST ===
=== compute-worker 2026-05-14 09:00:03 CST ===
no queued jobs
=== compute-worker end 2026-05-14 09:00:03 CST ===
=== compute-worker 2026-05-14 09:15:05 CST ===
no queued jobs
=== compute-worker end 2026-05-14 09:15:05 CST ===
=== compute-worker 2026-05-14 09:30:02 CST ===
no queued jobs
=== compute-worker end 2026-05-14 09:30:03 CST ===
=== compute-worker 2026-05-14 09:45:04 CST ===
no queued jobs
=== compute-worker end 2026-05-14 09:45:05 CST ===
=== compute-worker 2026-05-14 10:00:05 CST ===
no queued jobs
=== compute-worker end 2026-05-14 10:00:05 CST ===
=== compute-worker 2026-05-14 10:15:04 CST ===
no queued jobs
=== compute-worker end 2026-05-14 10:15:05 CST ===
=== compute-worker 2026-05-14 10:30:04 CST ===
no queued jobs
=== compute-worker end 2026-05-14 10:30:04 CST ===
=== compute-worker 2026-05-14 10:45:05 CST ===
no queued jobs
=== compute-worker end 2026-05-14 10:45:05 CST ===
=== compute-worker 2026-05-14 11:00:03 CST ===
no queued jobs
=== compute-worker end 2026-05-14 11:00:03 CST ===
=== compute-worker 2026-05-14 11:15:04 CST ===
no queued jobs
=== compute-worker end 2026-05-14 11:15:05 CST ===
=== compute-worker 2026-05-14 11:30:05 CST ===
no queued jobs
=== compute-worker end 2026-05-14 11:30:06 CST ===
=== compute-worker 2026-05-14 11:45:05 CST ===
no queued jobs
=== compute-worker end 2026-05-14 11:45:05 CST ===
=== compute-worker 2026-05-14 12:00:05 CST ===
no queued jobs
=== compute-worker end 2026-05-14 12:00:05 CST ===
=== compute-worker 2026-05-14 12:15:05 CST ===
no queued jobs
=== compute-worker end 2026-05-14 12:15:06 CST ===
=== compute-worker 2026-05-14 12:30:05 CST ===
running: compute-k1135-skew-t-gas-commodities-full-re-run-seed-42-canonical-j-1778732222 (experiments/k1135/k1135.py)
done: compute-k1135-skew-t-gas-commodities-full-re-run-seed-42-canonical-j-1778732222 status=completed exit=0
=== compute-worker end 2026-05-14 12:53:34 CST ===
=== compute-worker 2026-05-14 13:00:05 CST ===
no queued jobs
=== compute-worker end 2026-05-14 13:00:05 CST ===
=== compute-worker 2026-05-14 13:15:03 CST ===
no queued jobs
=== compute-worker end 2026-05-14 13:15:03 CST ===
=== compute-worker 2026-05-14 13:30:05 CST ===
no queued jobs
=== compute-worker end 2026-05-14 13:30:05 CST ===
=== compute-worker 2026-05-14 13:45:04 CST ===
no queued jobs
=== compute-worker end 2026-05-14 13:45:04 CST ===
=== compute-worker 2026-05-14 14:00:05 CST ===
no queued jobs
=== compute-worker end 2026-05-14 14:00:05 CST ===
=== compute-worker 2026-05-14 14:15:04 CST ===
no queued jobs
=== compute-worker end 2026-05-14 14:15:04 CST ===
=== compute-worker 2026-05-14 14:30:04 CST ===
no queued jobs
=== compute-worker end 2026-05-14 14:30:05 CST ===
=== compute-worker 2026-05-14 14:45:05 CST ===
no queued jobs
=== compute-worker end 2026-05-14 14:45:05 CST ===
=== compute-worker 2026-05-14 15:00:05 CST ===
no queued jobs
=== compute-worker end 2026-05-14 15:00:05 CST ===
=== compute-worker 2026-05-14 15:15:01 CST ===
no queued jobs
=== compute-worker end 2026-05-14 15:15:01 CST ===
=== compute-worker 2026-05-14 15:30:05 CST ===
no queued jobs
=== compute-worker end 2026-05-14 15:30:06 CST ===
=== compute-worker 2026-05-14 15:45:02 CST ===
no queued jobs
=== compute-worker end 2026-05-14 15:45:02 CST ===
=== compute-worker 2026-05-14 16:00:05 CST ===
no queued jobs
=== compute-worker end 2026-05-14 16:00:05 CST ===
=== compute-worker 2026-05-14 16:15:04 CST ===
no queued jobs
=== compute-worker end 2026-05-14 16:15:05 CST ===
=== compute-worker 2026-05-14 16:30:05 CST ===
no queued jobs
=== compute-worker end 2026-05-14 16:30:05 CST ===
=== compute-worker 2026-05-14 16:45:03 CST ===
no queued jobs
=== compute-worker end 2026-05-14 16:45:03 CST ===
=== compute-worker 2026-05-14 17:00:03 CST ===
no queued jobs
=== compute-worker end 2026-05-14 17:00:03 CST ===
=== compute-worker 2026-05-14 17:15:05 CST ===
no queued jobs
=== compute-worker end 2026-05-14 17:15:06 CST ===
=== compute-worker 2026-05-14 17:30:05 CST ===
no queued jobs
=== compute-worker end 2026-05-14 17:30:05 CST ===
=== compute-worker 2026-05-14 17:45:04 CST ===
no queued jobs
=== compute-worker end 2026-05-14 17:45:05 CST ===
=== compute-worker 2026-05-14 18:00:05 CST ===
no queued jobs
=== compute-worker end 2026-05-14 18:00:05 CST ===
=== compute-worker 2026-05-14 18:15:03 CST ===
no queued jobs
=== compute-worker end 2026-05-14 18:15:04 CST ===
=== compute-worker 2026-05-14 18:30:05 CST ===
no queued jobs
=== compute-worker end 2026-05-14 18:30:05 CST ===
=== compute-worker 2026-05-14 18:45:05 CST ===
no queued jobs
=== compute-worker end 2026-05-14 18:45:05 CST ===
=== compute-worker 2026-05-14 19:00:03 CST ===
no queued jobs
=== compute-worker end 2026-05-14 19:00:03 CST ===
=== compute-worker 2026-05-14 19:15:04 CST ===
no queued jobs
=== compute-worker end 2026-05-14 19:15:04 CST ===
=== compute-worker 2026-05-14 19:30:05 CST ===
no queued jobs
=== compute-worker end 2026-05-14 19:30:05 CST ===
=== compute-worker 2026-05-14 19:45:05 CST ===
no queued jobs
=== compute-worker end 2026-05-14 19:45:05 CST ===
=== compute-worker 2026-05-14 20:00:05 CST ===
no queued jobs
=== compute-worker end 2026-05-14 20:00:05 CST ===
=== compute-worker 2026-05-14 20:15:05 CST ===
no queued jobs
=== compute-worker end 2026-05-14 20:15:05 CST ===
=== compute-worker 2026-05-14 20:30:05 CST ===
no queued jobs
=== compute-worker end 2026-05-14 20:30:05 CST ===
=== compute-worker 2026-05-14 20:45:05 CST ===
no queued jobs
=== compute-worker end 2026-05-14 20:45:05 CST ===
=== compute-worker 2026-05-14 21:00:05 CST ===
no queued jobs
=== compute-worker end 2026-05-14 21:00:06 CST ===
=== compute-worker 2026-05-14 21:15:05 CST ===
no queued jobs
=== compute-worker end 2026-05-14 21:15:05 CST ===
=== compute-worker 2026-05-14 21:30:05 CST ===
no queued jobs
=== compute-worker end 2026-05-14 21:30:05 CST ===
=== compute-worker 2026-05-14 21:45:05 CST ===
no queued jobs
=== compute-worker end 2026-05-14 21:45:05 CST ===
=== compute-worker 2026-05-14 22:00:05 CST ===
no queued jobs
=== compute-worker end 2026-05-14 22:00:05 CST ===
=== compute-worker 2026-05-14 22:15:05 CST ===
no queued jobs
=== compute-worker end 2026-05-14 22:15:05 CST ===
=== compute-worker 2026-05-14 22:30:05 CST ===
no queued jobs
=== compute-worker end 2026-05-14 22:30:05 CST ===
=== compute-worker 2026-05-14 22:45:05 CST ===
no queued jobs
=== compute-worker end 2026-05-14 22:45:05 CST ===
=== compute-worker 2026-05-14 23:00:05 CST ===
no queued jobs
=== compute-worker end 2026-05-14 23:00:05 CST ===
=== compute-worker 2026-05-14 23:15:05 CST ===
no queued jobs
=== compute-worker end 2026-05-14 23:15:05 CST ===
=== compute-worker 2026-05-14 23:30:02 CST ===
no queued jobs
=== compute-worker end 2026-05-14 23:30:02 CST ===
=== compute-worker 2026-05-14 23:45:05 CST ===
no queued jobs
=== compute-worker end 2026-05-14 23:45:05 CST ===
=== compute-worker 2026-05-15 00:00:05 CST ===
no queued jobs
=== compute-worker end 2026-05-15 00:00:05 CST ===
=== compute-worker 2026-05-15 00:15:05 CST ===
no queued jobs
=== compute-worker end 2026-05-15 00:15:05 CST ===
=== compute-worker 2026-05-15 00:30:05 CST ===
no queued jobs
=== compute-worker end 2026-05-15 00:30:05 CST ===
=== compute-worker 2026-05-15 00:45:04 CST ===
no queued jobs
=== compute-worker end 2026-05-15 00:45:04 CST ===
=== compute-worker 2026-05-15 01:00:05 CST ===
no queued jobs
=== compute-worker end 2026-05-15 01:00:05 CST ===
=== compute-worker 2026-05-15 01:15:05 CST ===
no queued jobs
=== compute-worker end 2026-05-15 01:15:05 CST ===
=== compute-worker 2026-05-15 01:30:05 CST ===
no queued jobs
=== compute-worker end 2026-05-15 01:30:05 CST ===
=== compute-worker 2026-05-15 01:45:05 CST ===
no queued jobs
=== compute-worker end 2026-05-15 01:45:05 CST ===
=== compute-worker 2026-05-15 02:00:05 CST ===
no queued jobs
=== compute-worker end 2026-05-15 02:00:05 CST ===
=== compute-worker 2026-05-15 02:15:05 CST ===
no queued jobs
=== compute-worker end 2026-05-15 02:15:05 CST ===
=== compute-worker 2026-05-15 02:30:05 CST ===
no queued jobs
=== compute-worker end 2026-05-15 02:30:05 CST ===
=== compute-worker 2026-05-15 02:45:05 CST ===
no queued jobs
=== compute-worker end 2026-05-15 02:45:05 CST ===
=== compute-worker 2026-05-15 03:00:05 CST ===
no queued jobs
=== compute-worker end 2026-05-15 03:00:05 CST ===
=== compute-worker 2026-05-15 03:15:05 CST ===
no queued jobs
=== compute-worker end 2026-05-15 03:15:05 CST ===
=== compute-worker 2026-05-15 03:30:05 CST ===
no queued jobs
=== compute-worker end 2026-05-15 03:30:06 CST ===
=== compute-worker 2026-05-15 03:45:04 CST ===
no queued jobs
=== compute-worker end 2026-05-15 03:45:04 CST ===
=== compute-worker 2026-05-15 04:00:05 CST ===
no queued jobs
=== compute-worker end 2026-05-15 04:00:05 CST ===
=== compute-worker 2026-05-15 04:15:05 CST ===
no queued jobs
=== compute-worker end 2026-05-15 04:15:05 CST ===
=== compute-worker 2026-05-15 04:30:03 CST ===
no queued jobs
=== compute-worker end 2026-05-15 04:30:04 CST ===
=== compute-worker 2026-05-15 04:45:04 CST ===
no queued jobs
=== compute-worker end 2026-05-15 04:45:04 CST ===
=== compute-worker 2026-05-15 05:00:03 CST ===
no queued jobs
=== compute-worker end 2026-05-15 05:00:03 CST ===
=== compute-worker 2026-05-15 05:15:05 CST ===
no queued jobs
=== compute-worker end 2026-05-15 05:15:05 CST ===
=== compute-worker 2026-05-15 05:30:05 CST ===
no queued jobs
=== compute-worker end 2026-05-15 05:30:05 CST ===
=== compute-worker 2026-05-15 05:45:05 CST ===
no queued jobs
=== compute-worker end 2026-05-15 05:45:05 CST ===
=== compute-worker 2026-05-15 06:00:05 CST ===
no queued jobs
=== compute-worker end 2026-05-15 06:00:06 CST ===
=== compute-worker 2026-05-15 06:15:05 CST ===
no queued jobs
=== compute-worker end 2026-05-15 06:15:05 CST ===
=== compute-worker 2026-05-15 06:30:05 CST ===
no queued jobs
=== compute-worker end 2026-05-15 06:30:05 CST ===
=== compute-worker 2026-05-15 06:45:06 CST ===
no queued jobs
=== compute-worker end 2026-05-15 06:45:06 CST ===
=== compute-worker 2026-05-15 07:00:05 CST ===
no queued jobs
=== compute-worker end 2026-05-15 07:00:05 CST ===
=== compute-worker 2026-05-15 07:15:05 CST ===
no queued jobs
=== compute-worker end 2026-05-15 07:15:05 CST ===
=== compute-worker 2026-05-15 07:30:05 CST ===
no queued jobs
=== compute-worker end 2026-05-15 07:30:05 CST ===
=== compute-worker 2026-05-15 07:45:05 CST ===
no queued jobs
=== compute-worker end 2026-05-15 07:45:05 CST ===
=== compute-worker 2026-05-15 08:00:05 CST ===
no queued jobs
=== compute-worker end 2026-05-15 08:00:05 CST ===
=== compute-worker 2026-05-15 08:15:05 CST ===
no queued jobs
=== compute-worker end 2026-05-15 08:15:05 CST ===
=== compute-worker 2026-05-15 08:30:03 CST ===
no queued jobs
=== compute-worker end 2026-05-15 08:30:04 CST ===
=== compute-worker 2026-05-15 08:45:05 CST ===
no queued jobs
=== compute-worker end 2026-05-15 08:45:05 CST ===
=== compute-worker 2026-05-15 09:00:04 CST ===
no queued jobs
=== compute-worker end 2026-05-15 09:00:04 CST ===
=== compute-worker 2026-05-15 09:15:00 CST ===
no queued jobs
=== compute-worker end 2026-05-15 09:15:00 CST ===
=== compute-worker 2026-05-15 09:30:05 CST ===
no queued jobs
=== compute-worker end 2026-05-15 09:30:05 CST ===
=== compute-worker 2026-05-15 09:45:04 CST ===
no queued jobs
=== compute-worker end 2026-05-15 09:45:04 CST ===
=== compute-worker 2026-05-15 10:00:05 CST ===
no queued jobs
=== compute-worker end 2026-05-15 10:00:05 CST ===
=== compute-worker 2026-05-15 10:15:05 CST ===
no queued jobs
=== compute-worker end 2026-05-15 10:15:05 CST ===
=== compute-worker 2026-05-15 10:30:05 CST ===
no queued jobs
=== compute-worker end 2026-05-15 10:30:05 CST ===
=== compute-worker 2026-05-15 10:45:04 CST ===
no queued jobs
=== compute-worker end 2026-05-15 10:45:05 CST ===
=== compute-worker 2026-05-15 11:00:04 CST ===
no queued jobs
=== compute-worker end 2026-05-15 11:00:05 CST ===
=== compute-worker 2026-05-15 11:15:04 CST ===
no queued jobs
=== compute-worker end 2026-05-15 11:15:04 CST ===
=== compute-worker 2026-05-15 11:30:05 CST ===
no queued jobs
=== compute-worker end 2026-05-15 11:30:05 CST ===
=== compute-worker 2026-05-15 11:45:05 CST ===
no queued jobs
=== compute-worker end 2026-05-15 11:45:05 CST ===
=== compute-worker 2026-05-15 12:00:06 CST ===
no queued jobs
=== compute-worker end 2026-05-15 12:00:06 CST ===
=== compute-worker 2026-05-15 12:15:05 CST ===
no queued jobs
=== compute-worker end 2026-05-15 12:15:05 CST ===
=== compute-worker 2026-05-15 12:30:05 CST ===
no queued jobs
=== compute-worker end 2026-05-15 12:30:05 CST ===
=== compute-worker 2026-05-15 12:45:02 CST ===
no queued jobs
=== compute-worker end 2026-05-15 12:45:03 CST ===
=== compute-worker 2026-05-15 13:00:05 CST ===
no queued jobs
=== compute-worker end 2026-05-15 13:00:06 CST ===
=== compute-worker 2026-05-15 13:15:05 CST ===
no queued jobs
=== compute-worker end 2026-05-15 13:15:06 CST ===
=== compute-worker 2026-05-15 13:30:03 CST ===
no queued jobs
=== compute-worker end 2026-05-15 13:30:04 CST ===
=== compute-worker 2026-05-15 13:45:05 CST ===
no queued jobs
=== compute-worker end 2026-05-15 13:45:05 CST ===
=== compute-worker 2026-05-15 14:00:05 CST ===
no queued jobs
=== compute-worker end 2026-05-15 14:00:05 CST ===
=== compute-worker 2026-05-15 14:15:00 CST ===
no queued jobs
=== compute-worker end 2026-05-15 14:15:00 CST ===
=== compute-worker 2026-05-15 14:30:05 CST ===
no queued jobs
=== compute-worker end 2026-05-15 14:30:05 CST ===
=== compute-worker 2026-05-15 14:45:00 CST ===
no queued jobs
=== compute-worker end 2026-05-15 14:45:00 CST ===
=== compute-worker 2026-05-15 15:00:03 CST ===
no queued jobs
=== compute-worker end 2026-05-15 15:00:07 CST ===
=== compute-worker 2026-05-15 15:15:00 CST ===
no queued jobs
=== compute-worker end 2026-05-15 15:15:03 CST ===
=== compute-worker 2026-05-15 15:30:05 CST ===
no queued jobs
=== compute-worker end 2026-05-15 15:30:05 CST ===
=== compute-worker 2026-05-15 15:45:01 CST ===
no queued jobs
=== compute-worker end 2026-05-15 15:45:06 CST ===
=== compute-worker 2026-05-15 16:00:05 CST ===
no queued jobs
=== compute-worker end 2026-05-15 16:00:06 CST ===
=== compute-worker 2026-05-15 16:15:05 CST ===
no queued jobs
=== compute-worker end 2026-05-15 16:15:09 CST ===
=== compute-worker 2026-05-15 16:30:05 CST ===
no queued jobs
=== compute-worker end 2026-05-15 16:30:06 CST ===
=== compute-worker 2026-05-15 16:45:00 CST ===
no queued jobs
=== compute-worker end 2026-05-15 16:45:05 CST ===
=== compute-worker 2026-05-15 17:00:01 CST ===
no queued jobs
=== compute-worker end 2026-05-15 17:00:05 CST ===
=== compute-worker 2026-05-15 17:15:00 CST ===
no queued jobs
=== compute-worker end 2026-05-15 17:15:04 CST ===
=== compute-worker 2026-05-15 17:30:05 CST ===
no queued jobs
=== compute-worker end 2026-05-15 17:30:10 CST ===
=== compute-worker 2026-05-15 17:45:02 CST ===
no queued jobs
=== compute-worker end 2026-05-15 17:45:06 CST ===
=== compute-worker 2026-05-15 18:00:02 CST ===
no queued jobs
=== compute-worker end 2026-05-15 18:00:03 CST ===
=== compute-worker 2026-05-15 18:15:02 CST ===
no queued jobs
=== compute-worker end 2026-05-15 18:15:07 CST ===
=== compute-worker 2026-05-15 18:30:00 CST ===
no queued jobs
=== compute-worker end 2026-05-15 18:30:04 CST ===
=== compute-worker 2026-05-15 18:45:04 CST ===
no queued jobs
=== compute-worker end 2026-05-15 18:45:08 CST ===
=== compute-worker 2026-05-15 19:00:03 CST ===
no queued jobs
=== compute-worker end 2026-05-15 19:00:06 CST ===
=== compute-worker 2026-05-15 19:15:00 CST ===
no queued jobs
=== compute-worker end 2026-05-15 19:15:01 CST ===
=== compute-worker 2026-05-15 19:30:04 CST ===
no queued jobs
=== compute-worker end 2026-05-15 19:30:05 CST ===
=== compute-worker 2026-05-15 19:45:04 CST ===
no queued jobs
=== compute-worker end 2026-05-15 19:45:09 CST ===
=== compute-worker 2026-05-15 20:00:00 CST ===
no queued jobs
=== compute-worker end 2026-05-15 20:00:05 CST ===
=== compute-worker 2026-05-15 20:15:00 CST ===
no queued jobs
=== compute-worker end 2026-05-15 20:15:03 CST ===
=== compute-worker 2026-05-15 20:30:01 CST ===
no queued jobs
=== compute-worker end 2026-05-15 20:30:05 CST ===
=== compute-worker 2026-05-15 20:45:00 CST ===
no queued jobs
=== compute-worker end 2026-05-15 20:45:02 CST ===
=== compute-worker 2026-05-15 21:00:00 CST ===
no queued jobs
=== compute-worker end 2026-05-15 21:00:04 CST ===
=== compute-worker 2026-05-15 21:15:03 CST ===
no queued jobs
=== compute-worker end 2026-05-15 21:15:08 CST ===
=== compute-worker 2026-05-15 21:30:00 CST ===
no queued jobs
=== compute-worker end 2026-05-15 21:30:05 CST ===
=== compute-worker 2026-05-15 21:45:00 CST ===
no queued jobs
=== compute-worker end 2026-05-15 21:45:05 CST ===
=== compute-worker 2026-05-15 22:00:05 CST ===
no queued jobs
=== compute-worker end 2026-05-15 22:00:07 CST ===
=== compute-worker 2026-05-15 22:15:04 CST ===
no queued jobs
=== compute-worker end 2026-05-15 22:15:09 CST ===
=== compute-worker 2026-05-15 22:30:05 CST ===
no queued jobs
=== compute-worker end 2026-05-15 22:30:12 CST ===
=== compute-worker 2026-05-15 22:45:01 CST ===
no queued jobs
=== compute-worker end 2026-05-15 22:45:04 CST ===
=== compute-worker 2026-05-15 23:00:02 CST ===
no queued jobs
=== compute-worker end 2026-05-15 23:00:03 CST ===
=== compute-worker 2026-05-15 23:15:00 CST ===
no queued jobs
=== compute-worker end 2026-05-15 23:15:01 CST ===
=== compute-worker 2026-05-15 23:30:03 CST ===
no queued jobs
=== compute-worker end 2026-05-15 23:30:06 CST ===
=== compute-worker 2026-05-15 23:45:05 CST ===
no queued jobs
=== compute-worker end 2026-05-15 23:45:09 CST ===
=== compute-worker 2026-05-16 00:00:05 CST ===
no queued jobs
=== compute-worker end 2026-05-16 00:00:08 CST ===
=== compute-worker 2026-05-16 00:15:04 CST ===
no queued jobs
=== compute-worker end 2026-05-16 00:15:09 CST ===
=== compute-worker 2026-05-16 00:30:03 CST ===
no queued jobs
=== compute-worker end 2026-05-16 00:30:06 CST ===
=== compute-worker 2026-05-16 00:45:05 CST ===
no queued jobs
=== compute-worker end 2026-05-16 00:45:10 CST ===
=== compute-worker 2026-05-16 01:00:05 CST ===
no queued jobs
=== compute-worker end 2026-05-16 01:00:07 CST ===
=== compute-worker 2026-05-16 01:15:06 CST ===
no queued jobs
=== compute-worker end 2026-05-16 01:15:12 CST ===
=== compute-worker 2026-05-16 01:30:00 CST ===
no queued jobs
=== compute-worker end 2026-05-16 01:30:05 CST ===
=== compute-worker 2026-05-16 01:45:05 CST ===
no queued jobs
=== compute-worker end 2026-05-16 01:45:10 CST ===
=== compute-worker 2026-05-16 02:00:01 CST ===
no queued jobs
=== compute-worker end 2026-05-16 02:00:07 CST ===
=== compute-worker 2026-05-16 02:15:03 CST ===
no queued jobs
=== compute-worker end 2026-05-16 02:15:03 CST ===
=== compute-worker 2026-05-16 02:30:05 CST ===
no queued jobs
=== compute-worker end 2026-05-16 02:30:06 CST ===
=== compute-worker 2026-05-16 02:45:06 CST ===
no queued jobs
=== compute-worker end 2026-05-16 02:45:09 CST ===
=== compute-worker 2026-05-16 03:00:06 CST ===
no queued jobs
=== compute-worker end 2026-05-16 03:00:08 CST ===
=== compute-worker 2026-05-16 03:15:06 CST ===
no queued jobs
=== compute-worker end 2026-05-16 03:15:12 CST ===
=== compute-worker 2026-05-16 03:30:05 CST ===
no queued jobs
=== compute-worker end 2026-05-16 03:30:05 CST ===
=== compute-worker 2026-05-16 03:45:04 CST ===
no queued jobs
=== compute-worker end 2026-05-16 03:45:07 CST ===
=== compute-worker 2026-05-16 04:00:02 CST ===
no queued jobs
=== compute-worker end 2026-05-16 04:00:04 CST ===
=== compute-worker 2026-05-16 04:15:00 CST ===
no queued jobs
=== compute-worker end 2026-05-16 04:15:01 CST ===
=== compute-worker 2026-05-16 04:30:00 CST ===
no queued jobs
=== compute-worker end 2026-05-16 04:30:02 CST ===
=== compute-worker 2026-05-16 04:45:04 CST ===
no queued jobs
=== compute-worker end 2026-05-16 04:45:10 CST ===
=== compute-worker 2026-05-16 05:00:03 CST ===
no queued jobs
=== compute-worker end 2026-05-16 05:00:05 CST ===
=== compute-worker 2026-05-16 05:15:04 CST ===
no queued jobs
=== compute-worker end 2026-05-16 05:15:09 CST ===
=== compute-worker 2026-05-16 05:30:00 CST ===
no queued jobs
=== compute-worker end 2026-05-16 05:30:02 CST ===
=== compute-worker 2026-05-16 05:45:01 CST ===
no queued jobs
=== compute-worker end 2026-05-16 05:45:04 CST ===
=== compute-worker 2026-05-16 06:00:03 CST ===
no queued jobs
=== compute-worker end 2026-05-16 06:00:09 CST ===
=== compute-worker 2026-05-16 06:15:05 CST ===
no queued jobs
=== compute-worker end 2026-05-16 06:15:06 CST ===
=== compute-worker 2026-05-16 06:30:04 CST ===
no queued jobs
=== compute-worker end 2026-05-16 06:30:05 CST ===
=== compute-worker 2026-05-16 06:45:01 CST ===
no queued jobs
=== compute-worker end 2026-05-16 06:45:03 CST ===
=== compute-worker 2026-05-16 07:00:06 CST ===
no queued jobs
=== compute-worker end 2026-05-16 07:00:14 CST ===
=== compute-worker 2026-05-16 07:15:06 CST ===
no queued jobs
=== compute-worker end 2026-05-16 07:15:12 CST ===
=== compute-worker 2026-05-16 07:30:06 CST ===
no queued jobs
=== compute-worker end 2026-05-16 07:30:10 CST ===
=== compute-worker 2026-05-16 07:45:04 CST ===
no queued jobs
=== compute-worker end 2026-05-16 07:45:08 CST ===
=== compute-worker 2026-05-16 08:00:03 CST ===
no queued jobs
=== compute-worker end 2026-05-16 08:00:03 CST ===
=== compute-worker 2026-05-16 08:15:01 CST ===
running: compute-k901-re-run-international-vt-13-markets-post-fix-gjr-converg-1778890480 (experiments/k901/k901_international_vt_13markets.py)
done: compute-k901-re-run-international-vt-13-markets-post-fix-gjr-converg-1778890480 status=completed exit=0
=== compute-worker end 2026-05-16 08:16:07 CST ===
=== compute-worker 2026-05-16 08:30:05 CST ===
no queued jobs
=== compute-worker end 2026-05-16 08:30:10 CST ===
=== compute-worker 2026-05-16 08:45:05 CST ===
no queued jobs
=== compute-worker end 2026-05-16 08:45:07 CST ===
=== compute-worker 2026-05-16 09:00:01 CST ===
no queued jobs
=== compute-worker end 2026-05-16 09:00:01 CST ===
=== compute-worker 2026-05-16 09:15:03 CST ===
no queued jobs
=== compute-worker end 2026-05-16 09:15:07 CST ===
=== compute-worker 2026-05-16 09:30:05 CST ===
no queued jobs
=== compute-worker end 2026-05-16 09:30:09 CST ===
=== compute-worker 2026-05-16 09:45:05 CST ===
no queued jobs
=== compute-worker end 2026-05-16 09:45:10 CST ===
=== compute-worker 2026-05-16 10:00:05 CST ===
no queued jobs
=== compute-worker end 2026-05-16 10:00:06 CST ===
=== compute-worker 2026-05-16 10:15:05 CST ===
no queued jobs
=== compute-worker end 2026-05-16 10:15:05 CST ===
=== compute-worker 2026-05-16 10:30:01 CST ===
no queued jobs
=== compute-worker end 2026-05-16 10:30:05 CST ===
=== compute-worker 2026-05-16 10:45:04 CST ===
no queued jobs
=== compute-worker end 2026-05-16 10:45:09 CST ===
=== compute-worker 2026-05-16 11:00:04 CST ===
no queued jobs
=== compute-worker end 2026-05-16 11:00:06 CST ===
=== compute-worker 2026-05-16 11:15:06 CST ===
no queued jobs
=== compute-worker end 2026-05-16 11:15:06 CST ===
=== compute-worker 2026-05-16 11:30:06 CST ===
no queued jobs
=== compute-worker end 2026-05-16 11:30:09 CST ===
=== compute-worker 2026-05-16 11:45:06 CST ===
running: compute-k901-v3-alignment-fix (experiments/k901/k901_international_vt_13markets.py)
done: compute-k901-v3-alignment-fix status=completed exit=0
=== compute-worker end 2026-05-16 11:45:53 CST ===
=== compute-worker 2026-05-16 12:00:03 CST ===
no queued jobs
=== compute-worker end 2026-05-16 12:00:05 CST ===
=== compute-worker 2026-05-16 12:15:05 CST ===
no queued jobs
=== compute-worker end 2026-05-16 12:15:05 CST ===
=== compute-worker 2026-05-16 12:30:03 CST ===
no queued jobs
=== compute-worker end 2026-05-16 12:30:06 CST ===
=== compute-worker 2026-05-16 12:45:03 CST ===
no queued jobs
=== compute-worker end 2026-05-16 12:45:05 CST ===
=== compute-worker 2026-05-16 13:00:06 CST ===
no queued jobs
=== compute-worker end 2026-05-16 13:00:06 CST ===
=== compute-worker 2026-05-16 13:15:01 CST ===
no queued jobs
=== compute-worker end 2026-05-16 13:15:07 CST ===
=== compute-worker 2026-05-16 13:30:06 CST ===
no queued jobs
=== compute-worker end 2026-05-16 13:30:08 CST ===
=== compute-worker 2026-05-16 13:45:00 CST ===
no queued jobs
=== compute-worker end 2026-05-16 13:45:06 CST ===
=== compute-worker 2026-05-16 14:00:02 CST ===
no queued jobs
=== compute-worker end 2026-05-16 14:00:08 CST ===
=== compute-worker 2026-05-16 14:15:05 CST ===
no queued jobs
=== compute-worker end 2026-05-16 14:15:10 CST ===
=== compute-worker 2026-05-16 14:30:05 CST ===
no queued jobs
=== compute-worker end 2026-05-16 14:30:09 CST ===
=== compute-worker 2026-05-16 14:45:01 CST ===
no queued jobs
=== compute-worker end 2026-05-16 14:45:02 CST ===
=== compute-worker 2026-05-16 15:00:05 CST ===
no queued jobs
=== compute-worker end 2026-05-16 15:00:07 CST ===
=== compute-worker 2026-05-16 15:15:03 CST ===
no queued jobs
=== compute-worker end 2026-05-16 15:15:08 CST ===
=== compute-worker 2026-05-16 15:30:02 CST ===
running: compute-k981-v2-wavelet-lag-fix-qlike-floor-fix-is-t-stats-fix-1778915759 (experiments/k981/k981_wavelet_har.py)
done: compute-k981-v2-wavelet-lag-fix-qlike-floor-fix-is-t-stats-fix-1778915759 status=failed exit=1
=== compute-worker end 2026-05-16 15:31:44 CST ===
=== compute-worker 2026-05-16 15:45:00 CST ===
no queued jobs
=== compute-worker end 2026-05-16 15:45:05 CST ===
=== compute-worker 2026-05-16 16:00:05 CST ===
no queued jobs
=== compute-worker end 2026-05-16 16:00:07 CST ===
=== compute-worker 2026-05-16 16:15:04 CST ===
Current directory does not exist
=== compute-worker end 2026-05-16 16:15:06 CST ===
=== compute-worker 2026-05-16 16:30:04 CST ===
no queued jobs
=== compute-worker end 2026-05-16 16:30:10 CST ===
=== compute-worker 2026-05-16 16:45:05 CST ===
no queued jobs
=== compute-worker end 2026-05-16 16:45:06 CST ===
=== compute-worker 2026-05-16 17:00:06 CST ===
no queued jobs
=== compute-worker end 2026-05-16 17:00:06 CST ===
=== compute-worker 2026-05-16 17:15:05 CST ===
no queued jobs
=== compute-worker end 2026-05-16 17:15:05 CST ===
=== compute-worker 2026-05-16 17:30:04 CST ===
no queued jobs
=== compute-worker end 2026-05-16 17:30:06 CST ===
=== compute-worker 2026-05-16 17:45:05 CST ===
no queued jobs
=== compute-worker end 2026-05-16 17:45:08 CST ===
=== compute-worker 2026-05-16 18:00:05 CST ===
no queued jobs
=== compute-worker end 2026-05-16 18:00:06 CST ===
=== compute-worker 2026-05-16 18:15:05 CST ===
no queued jobs
=== compute-worker end 2026-05-16 18:15:07 CST ===
=== compute-worker 2026-05-16 18:30:05 CST ===
no queued jobs
=== compute-worker end 2026-05-16 18:30:06 CST ===
=== compute-worker 2026-05-16 18:45:04 CST ===
no queued jobs
=== compute-worker end 2026-05-16 18:45:09 CST ===
=== compute-worker 2026-05-16 19:00:05 CST ===
no queued jobs
=== compute-worker end 2026-05-16 19:00:10 CST ===
=== compute-worker 2026-05-16 19:15:00 CST ===
no queued jobs
=== compute-worker end 2026-05-16 19:15:01 CST ===
=== compute-worker 2026-05-16 19:30:03 CST ===
no queued jobs
=== compute-worker end 2026-05-16 19:30:08 CST ===
=== compute-worker 2026-05-16 19:45:04 CST ===
no queued jobs
=== compute-worker end 2026-05-16 19:45:07 CST ===
=== compute-worker 2026-05-16 20:00:04 CST ===
no queued jobs
=== compute-worker end 2026-05-16 20:00:07 CST ===
=== compute-worker 2026-05-16 20:15:06 CST ===
no queued jobs
=== compute-worker end 2026-05-16 20:15:10 CST ===
=== compute-worker 2026-05-16 20:30:05 CST ===
no queued jobs
=== compute-worker end 2026-05-16 20:30:06 CST ===
=== compute-worker 2026-05-16 20:45:05 CST ===
no queued jobs
=== compute-worker end 2026-05-16 20:45:09 CST ===
=== compute-worker 2026-05-16 21:00:01 CST ===
no queued jobs
=== compute-worker end 2026-05-16 21:00:04 CST ===
=== compute-worker 2026-05-16 21:15:05 CST ===
no queued jobs
=== compute-worker end 2026-05-16 21:15:09 CST ===
=== compute-worker 2026-05-16 21:30:05 CST ===
no queued jobs
=== compute-worker end 2026-05-16 21:30:09 CST ===
=== compute-worker 2026-05-16 21:45:01 CST ===
running: k1370-bootstrap-b10000 (experiments/k1370/k1370.py)
done: k1370-bootstrap-b10000 status=completed exit=0
=== compute-worker end 2026-05-16 22:31:44 CST ===
=== compute-worker 2026-05-16 22:45:05 CST ===
no queued jobs
=== compute-worker end 2026-05-16 22:45:07 CST ===
=== compute-worker 2026-05-16 23:00:02 CST ===
no queued jobs
=== compute-worker end 2026-05-16 23:00:04 CST ===
=== compute-worker 2026-05-16 23:15:04 CST ===
no queued jobs
=== compute-worker end 2026-05-16 23:15:06 CST ===
=== compute-worker 2026-05-16 23:30:05 CST ===
no queued jobs
=== compute-worker end 2026-05-16 23:30:07 CST ===
=== compute-worker 2026-05-16 23:45:05 CST ===
no queued jobs
=== compute-worker end 2026-05-16 23:45:14 CST ===
=== compute-worker 2026-05-17 00:00:05 CST ===
no queued jobs
=== compute-worker end 2026-05-17 00:00:08 CST ===
=== compute-worker 2026-05-17 00:15:05 CST ===
no queued jobs
=== compute-worker end 2026-05-17 00:15:09 CST ===
=== compute-worker 2026-05-17 00:30:00 CST ===
no queued jobs
=== compute-worker end 2026-05-17 00:30:03 CST ===
=== compute-worker 2026-05-17 00:45:05 CST ===
no queued jobs
=== compute-worker end 2026-05-17 00:45:09 CST ===
=== compute-worker 2026-05-17 01:00:06 CST ===
no queued jobs
=== compute-worker end 2026-05-17 01:00:10 CST ===
=== compute-worker 2026-05-17 01:15:05 CST ===
no queued jobs
=== compute-worker end 2026-05-17 01:15:11 CST ===
=== compute-worker 2026-05-17 01:30:03 CST ===
running: compute-k1312-garch-to-neural-aaai-2024-full-run-1778952048 (experiments/k1312/k1312.py)
done: compute-k1312-garch-to-neural-aaai-2024-full-run-1778952048 status=completed exit=0
=== compute-worker end 2026-05-17 01:34:42 CST ===
=== compute-worker 2026-05-17 01:45:04 CST ===
no queued jobs
=== compute-worker end 2026-05-17 01:45:04 CST ===
=== compute-worker 2026-05-17 02:00:01 CST ===
no queued jobs
=== compute-worker end 2026-05-17 02:00:05 CST ===
=== compute-worker 2026-05-17 02:15:06 CST ===
no queued jobs
=== compute-worker end 2026-05-17 02:15:07 CST ===
=== compute-worker 2026-05-17 02:30:06 CST ===
no queued jobs
=== compute-worker end 2026-05-17 02:30:09 CST ===
=== compute-worker 2026-05-17 02:45:06 CST ===
no queued jobs
=== compute-worker end 2026-05-17 02:45:12 CST ===
=== compute-worker 2026-05-17 03:00:02 CST ===
no queued jobs
=== compute-worker end 2026-05-17 03:00:06 CST ===
=== compute-worker 2026-05-17 03:15:06 CST ===
no queued jobs
=== compute-worker end 2026-05-17 03:15:10 CST ===
=== compute-worker 2026-05-17 03:30:01 CST ===
no queued jobs
=== compute-worker end 2026-05-17 03:30:05 CST ===
=== compute-worker 2026-05-17 03:45:06 CST ===
no queued jobs
=== compute-worker end 2026-05-17 03:45:09 CST ===
=== compute-worker 2026-05-17 04:00:05 CST ===
no queued jobs
=== compute-worker end 2026-05-17 04:00:06 CST ===
=== compute-worker 2026-05-17 04:15:06 CST ===
no queued jobs
=== compute-worker end 2026-05-17 04:15:12 CST ===
=== compute-worker 2026-05-17 04:30:03 CST ===
no queued jobs
=== compute-worker end 2026-05-17 04:30:03 CST ===
=== compute-worker 2026-05-17 04:45:01 CST ===
no queued jobs
=== compute-worker end 2026-05-17 04:45:04 CST ===
=== compute-worker 2026-05-17 05:00:00 CST ===
no queued jobs
=== compute-worker end 2026-05-17 05:00:04 CST ===
=== compute-worker 2026-05-17 05:15:04 CST ===
no queued jobs
=== compute-worker end 2026-05-17 05:15:08 CST ===
=== compute-worker 2026-05-17 05:30:05 CST ===
no queued jobs
=== compute-worker end 2026-05-17 05:30:08 CST ===
=== compute-worker 2026-05-17 05:45:04 CST ===
no queued jobs
=== compute-worker end 2026-05-17 05:45:10 CST ===
=== compute-worker 2026-05-17 06:00:05 CST ===
no queued jobs
=== compute-worker end 2026-05-17 06:00:05 CST ===
=== compute-worker 2026-05-17 06:15:04 CST ===
no queued jobs
=== compute-worker end 2026-05-17 06:15:07 CST ===
=== compute-worker 2026-05-17 06:30:02 CST ===
no queued jobs
=== compute-worker end 2026-05-17 06:30:07 CST ===
=== compute-worker 2026-05-17 06:45:06 CST ===
no queued jobs
=== compute-worker end 2026-05-17 06:45:15 CST ===
=== compute-worker 2026-05-17 07:00:06 CST ===
no queued jobs
=== compute-worker end 2026-05-17 07:00:10 CST ===
=== compute-worker 2026-05-17 07:15:05 CST ===
no queued jobs
=== compute-worker end 2026-05-17 07:15:10 CST ===
=== compute-worker 2026-05-17 07:30:05 CST ===
no queued jobs
=== compute-worker end 2026-05-17 07:30:11 CST ===
=== compute-worker 2026-05-17 07:45:04 CST ===
no queued jobs
=== compute-worker end 2026-05-17 07:45:09 CST ===
=== compute-worker 2026-05-17 08:00:05 CST ===
no queued jobs
=== compute-worker end 2026-05-17 08:00:07 CST ===
=== compute-worker 2026-05-17 08:15:04 CST ===
no queued jobs
=== compute-worker end 2026-05-17 08:15:08 CST ===
=== compute-worker 2026-05-17 08:30:04 CST ===
no queued jobs
=== compute-worker end 2026-05-17 08:30:05 CST ===
=== compute-worker 2026-05-17 08:45:04 CST ===
no queued jobs
=== compute-worker end 2026-05-17 08:45:09 CST ===
=== compute-worker 2026-05-17 09:00:04 CST ===
no queued jobs
=== compute-worker end 2026-05-17 09:00:13 CST ===
=== compute-worker 2026-05-17 09:15:03 CST ===
no queued jobs
=== compute-worker end 2026-05-17 09:15:03 CST ===
=== compute-worker 2026-05-17 09:30:06 CST ===
no queued jobs
=== compute-worker end 2026-05-17 09:30:07 CST ===
=== compute-worker 2026-05-17 09:45:00 CST ===
no queued jobs
=== compute-worker end 2026-05-17 09:45:01 CST ===
=== compute-worker 2026-05-17 10:00:04 CST ===
no queued jobs
=== compute-worker end 2026-05-17 10:00:04 CST ===
=== compute-worker 2026-05-17 10:15:05 CST ===
no queued jobs
=== compute-worker end 2026-05-17 10:15:10 CST ===
=== compute-worker 2026-05-17 10:30:06 CST ===
no queued jobs
=== compute-worker end 2026-05-17 10:30:10 CST ===
=== compute-worker 2026-05-17 10:45:02 CST ===
no queued jobs
=== compute-worker end 2026-05-17 10:45:05 CST ===
=== compute-worker 2026-05-17 11:00:05 CST ===
no queued jobs
=== compute-worker end 2026-05-17 11:00:08 CST ===
=== compute-worker 2026-05-17 11:15:04 CST ===
no queued jobs
=== compute-worker end 2026-05-17 11:15:04 CST ===
=== compute-worker 2026-05-17 11:30:00 CST ===
no queued jobs
=== compute-worker end 2026-05-17 11:30:02 CST ===
=== compute-worker 2026-05-17 11:45:05 CST ===
no queued jobs
=== compute-worker end 2026-05-17 11:45:05 CST ===
=== compute-worker 2026-05-17 12:00:06 CST ===
no queued jobs
=== compute-worker end 2026-05-17 12:00:10 CST ===
=== compute-worker 2026-05-17 12:15:05 CST ===
no queued jobs
=== compute-worker end 2026-05-17 12:15:10 CST ===
=== compute-worker 2026-05-17 12:30:00 CST ===
no queued jobs
=== compute-worker end 2026-05-17 12:30:03 CST ===
=== compute-worker 2026-05-17 12:45:04 CST ===
no queued jobs
=== compute-worker end 2026-05-17 12:45:04 CST ===
=== compute-worker 2026-05-17 13:00:01 CST ===
no queued jobs
=== compute-worker end 2026-05-17 13:00:01 CST ===
=== compute-worker 2026-05-17 13:15:06 CST ===
no queued jobs
=== compute-worker end 2026-05-17 13:15:12 CST ===
=== compute-worker 2026-05-17 13:30:05 CST ===
no queued jobs
=== compute-worker end 2026-05-17 13:30:09 CST ===
=== compute-worker 2026-05-17 13:45:05 CST ===
no queued jobs
=== compute-worker end 2026-05-17 13:45:10 CST ===
=== compute-worker 2026-05-17 14:00:05 CST ===
no queued jobs
=== compute-worker end 2026-05-17 14:00:05 CST ===
=== compute-worker 2026-05-17 14:15:05 CST ===
no queued jobs
=== compute-worker end 2026-05-17 14:15:05 CST ===
=== compute-worker 2026-05-17 14:30:02 CST ===
no queued jobs
=== compute-worker end 2026-05-17 14:30:11 CST ===
=== compute-worker 2026-05-17 14:45:06 CST ===
no queued jobs
=== compute-worker end 2026-05-17 14:45:14 CST ===
=== compute-worker 2026-05-17 15:00:05 CST ===
no queued jobs
=== compute-worker end 2026-05-17 15:00:15 CST ===
=== compute-worker 2026-05-17 15:15:05 CST ===
no queued jobs
=== compute-worker end 2026-05-17 15:15:08 CST ===
=== compute-worker 2026-05-17 15:30:00 CST ===
no queued jobs
=== compute-worker end 2026-05-17 15:30:01 CST ===
=== compute-worker 2026-05-17 15:45:03 CST ===
no queued jobs
=== compute-worker end 2026-05-17 15:45:06 CST ===
=== compute-worker 2026-05-17 16:00:00 CST ===
no queued jobs
=== compute-worker end 2026-05-17 16:00:01 CST ===
=== compute-worker 2026-05-17 16:15:05 CST ===
no queued jobs
=== compute-worker end 2026-05-17 16:15:11 CST ===
=== compute-worker 2026-05-17 16:30:07 CST ===
no queued jobs
=== compute-worker end 2026-05-17 16:30:07 CST ===
=== compute-worker 2026-05-17 16:45:06 CST ===
no queued jobs
=== compute-worker end 2026-05-17 16:45:10 CST ===
=== compute-worker 2026-05-17 17:00:02 CST ===
no queued jobs
=== compute-worker end 2026-05-17 17:00:07 CST ===
=== compute-worker 2026-05-17 17:15:05 CST ===
no queued jobs
=== compute-worker end 2026-05-17 17:15:06 CST ===
=== compute-worker 2026-05-17 17:30:05 CST ===
no queued jobs
=== compute-worker end 2026-05-17 17:30:08 CST ===
=== compute-worker 2026-05-17 17:45:03 CST ===
no queued jobs
=== compute-worker end 2026-05-17 17:45:05 CST ===
=== compute-worker 2026-05-17 18:00:01 CST ===
no queued jobs
=== compute-worker end 2026-05-17 18:00:03 CST ===
=== compute-worker 2026-05-17 18:15:06 CST ===
no queued jobs
=== compute-worker end 2026-05-17 18:15:10 CST ===
=== compute-worker 2026-05-17 18:30:04 CST ===
no queued jobs
=== compute-worker end 2026-05-17 18:30:04 CST ===
=== compute-worker 2026-05-17 18:45:02 CST ===
no queued jobs
=== compute-worker end 2026-05-17 18:45:03 CST ===
=== compute-worker 2026-05-17 19:00:05 CST ===
no queued jobs
=== compute-worker end 2026-05-17 19:00:10 CST ===
=== compute-worker 2026-05-17 19:15:02 CST ===
no queued jobs
=== compute-worker end 2026-05-17 19:15:07 CST ===
=== compute-worker 2026-05-17 19:30:02 CST ===
no queued jobs
=== compute-worker end 2026-05-17 19:30:05 CST ===
=== compute-worker 2026-05-17 19:45:03 CST ===
no queued jobs
=== compute-worker end 2026-05-17 19:45:07 CST ===
=== compute-worker 2026-05-17 20:00:06 CST ===
no queued jobs
=== compute-worker end 2026-05-17 20:00:08 CST ===
=== compute-worker 2026-05-17 20:15:05 CST ===
no queued jobs
=== compute-worker end 2026-05-17 20:15:09 CST ===
=== compute-worker 2026-05-17 20:30:06 CST ===
no queued jobs
=== compute-worker end 2026-05-17 20:30:11 CST ===
=== compute-worker 2026-05-17 20:45:05 CST ===
no queued jobs
=== compute-worker end 2026-05-17 20:45:08 CST ===
=== compute-worker 2026-05-17 21:00:05 CST ===
no queued jobs
=== compute-worker end 2026-05-17 21:00:11 CST ===
=== compute-worker 2026-05-17 21:15:05 CST ===
no queued jobs
=== compute-worker end 2026-05-17 21:15:11 CST ===
=== compute-worker 2026-05-17 21:30:04 CST ===
no queued jobs
=== compute-worker end 2026-05-17 21:30:09 CST ===
=== compute-worker 2026-05-17 21:45:06 CST ===
no queued jobs
=== compute-worker end 2026-05-17 21:45:11 CST ===
=== compute-worker 2026-05-17 22:00:06 CST ===
no queued jobs
=== compute-worker end 2026-05-17 22:00:09 CST ===
=== compute-worker 2026-05-17 22:15:05 CST ===
no queued jobs
=== compute-worker end 2026-05-17 22:15:10 CST ===
=== compute-worker 2026-05-17 22:30:05 CST ===
no queued jobs
=== compute-worker end 2026-05-17 22:30:10 CST ===
=== compute-worker 2026-05-17 22:45:05 CST ===
no queued jobs
=== compute-worker end 2026-05-17 22:45:11 CST ===
=== compute-worker 2026-05-17 23:00:03 CST ===
no queued jobs
=== compute-worker end 2026-05-17 23:00:08 CST ===
=== compute-worker 2026-05-17 23:15:06 CST ===
no queued jobs
=== compute-worker end 2026-05-17 23:15:08 CST ===
=== compute-worker 2026-05-17 23:30:05 CST ===
no queued jobs
=== compute-worker end 2026-05-17 23:30:10 CST ===
=== compute-worker 2026-05-17 23:45:06 CST ===
no queued jobs
=== compute-worker end 2026-05-17 23:45:10 CST ===
=== compute-worker 2026-05-18 00:00:05 CST ===
no queued jobs
=== compute-worker end 2026-05-18 00:00:09 CST ===
=== compute-worker 2026-05-18 00:15:06 CST ===
no queued jobs
=== compute-worker end 2026-05-18 00:15:10 CST ===
=== compute-worker 2026-05-18 00:30:01 CST ===
no queued jobs
=== compute-worker end 2026-05-18 00:30:03 CST ===
=== compute-worker 2026-05-18 00:45:06 CST ===
no queued jobs
=== compute-worker end 2026-05-18 00:45:12 CST ===
=== compute-worker 2026-05-18 01:00:04 CST ===
no queued jobs
=== compute-worker end 2026-05-18 01:00:09 CST ===
=== compute-worker 2026-05-18 01:15:05 CST ===
no queued jobs
=== compute-worker end 2026-05-18 01:15:11 CST ===
=== compute-worker 2026-05-18 01:30:02 CST ===
no queued jobs
=== compute-worker end 2026-05-18 01:30:06 CST ===
=== compute-worker 2026-05-18 01:45:05 CST ===
no queued jobs
=== compute-worker end 2026-05-18 01:45:11 CST ===
=== compute-worker 2026-05-18 02:00:01 CST ===
no queued jobs
=== compute-worker end 2026-05-18 02:00:06 CST ===
=== compute-worker 2026-05-18 02:15:00 CST ===
no queued jobs
=== compute-worker end 2026-05-18 02:15:04 CST ===
=== compute-worker 2026-05-18 02:30:01 CST ===
no queued jobs
=== compute-worker end 2026-05-18 02:30:04 CST ===
=== compute-worker 2026-05-18 02:45:02 CST ===
no queued jobs
=== compute-worker end 2026-05-18 02:45:05 CST ===
=== compute-worker 2026-05-18 03:00:05 CST ===
no queued jobs
=== compute-worker end 2026-05-18 03:00:08 CST ===
=== compute-worker 2026-05-18 03:15:02 CST ===
no queued jobs
=== compute-worker end 2026-05-18 03:15:06 CST ===
=== compute-worker 2026-05-18 03:30:06 CST ===
running: k1370-bootstrap-b10000 (experiments/k1370/k1370.py)
done: k1370-bootstrap-b10000 status=completed exit=0
=== compute-worker end 2026-05-18 04:12:31 CST ===
=== compute-worker 2026-05-18 04:15:05 CST ===
no queued jobs
=== compute-worker end 2026-05-18 04:15:07 CST ===
=== compute-worker 2026-05-18 04:30:06 CST ===
no queued jobs
=== compute-worker end 2026-05-18 04:30:06 CST ===
=== compute-worker 2026-05-18 04:45:02 CST ===
no queued jobs
=== compute-worker end 2026-05-18 04:45:02 CST ===
=== compute-worker 2026-05-18 05:00:01 CST ===
no queued jobs
=== compute-worker end 2026-05-18 05:00:04 CST ===
=== compute-worker 2026-05-18 05:15:06 CST ===
no queued jobs
=== compute-worker end 2026-05-18 05:15:12 CST ===
=== compute-worker 2026-05-18 05:30:05 CST ===
no queued jobs
=== compute-worker end 2026-05-18 05:30:14 CST ===
=== compute-worker 2026-05-18 05:45:06 CST ===
no queued jobs
=== compute-worker end 2026-05-18 05:45:14 CST ===
=== compute-worker 2026-05-18 06:00:06 CST ===
Current directory does not exist
=== compute-worker end 2026-05-18 06:00:07 CST ===
=== compute-worker 2026-05-18 06:15:04 CST ===
Current directory does not exist
=== compute-worker end 2026-05-18 06:15:07 CST ===
=== compute-worker 2026-05-18 06:30:06 CST ===
Exception ignored error evaluating path:
Traceback (most recent call last):
  File "<frozen getpath>", line 353, in <module>
InterruptedError: [Errno 4] Interrupted system call
Fatal Python error: error evaluating path
Python runtime state: core initialized

Current thread 0x00000001f7b9b100 (most recent call first):
  <no Python frame>
=== compute-worker end 2026-05-18 06:30:10 CST ===
=== compute-worker 2026-05-18 06:45:06 CST ===
no queued jobs
=== compute-worker end 2026-05-18 06:45:13 CST ===
=== compute-worker 2026-05-18 07:00:02 CST ===
no queued jobs
=== compute-worker end 2026-05-18 07:00:04 CST ===
=== compute-worker 2026-05-18 07:15:00 CST ===
no queued jobs
=== compute-worker end 2026-05-18 07:15:05 CST ===
=== compute-worker 2026-05-18 07:30:04 CST ===
no queued jobs
=== compute-worker end 2026-05-18 07:30:12 CST ===
=== compute-worker 2026-05-18 07:45:05 CST ===
no queued jobs
=== compute-worker end 2026-05-18 07:45:10 CST ===
=== compute-worker 2026-05-18 08:00:06 CST ===
no queued jobs
=== compute-worker end 2026-05-18 08:00:13 CST ===
=== compute-worker 2026-05-18 08:15:00 CST ===
no queued jobs
=== compute-worker end 2026-05-18 08:15:03 CST ===
=== compute-worker 2026-05-18 08:30:05 CST ===
no queued jobs
=== compute-worker end 2026-05-18 08:30:06 CST ===
=== compute-worker 2026-05-18 08:45:06 CST ===
no queued jobs
=== compute-worker end 2026-05-18 08:45:10 CST ===
=== compute-worker 2026-05-18 09:00:01 CST ===
no queued jobs
=== compute-worker end 2026-05-18 09:00:07 CST ===
=== compute-worker 2026-05-18 09:15:01 CST ===
no queued jobs
=== compute-worker end 2026-05-18 09:15:04 CST ===
=== compute-worker 2026-05-18 09:30:01 CST ===
no queued jobs
=== compute-worker end 2026-05-18 09:30:08 CST ===
=== compute-worker 2026-05-18 09:45:05 CST ===
no queued jobs
=== compute-worker end 2026-05-18 09:45:09 CST ===
=== compute-worker 2026-05-18 10:00:01 CST ===
no queued jobs
=== compute-worker end 2026-05-18 10:00:01 CST ===
=== compute-worker 2026-05-18 10:15:06 CST ===
no queued jobs
=== compute-worker end 2026-05-18 10:15:13 CST ===
=== compute-worker 2026-05-18 10:30:04 CST ===
running: compute-k681b-lookahead-fix-us-efa-pct-shift1-12vix-shift1-1779070836 (experiments/k681b/k681b_lookahead_fix.py)
done: compute-k681b-lookahead-fix-us-efa-pct-shift1-12vix-shift1-1779070836 status=completed exit=0
=== compute-worker end 2026-05-18 10:30:30 CST ===
=== compute-worker 2026-05-18 10:45:05 CST ===
no queued jobs
=== compute-worker end 2026-05-18 10:45:05 CST ===
=== compute-worker 2026-05-18 11:00:06 CST ===
no queued jobs
=== compute-worker end 2026-05-18 11:00:14 CST ===
=== compute-worker 2026-05-18 11:15:05 CST ===
no queued jobs
=== compute-worker end 2026-05-18 11:15:07 CST ===
=== compute-worker 2026-05-18 11:30:00 CST ===
no queued jobs
=== compute-worker end 2026-05-18 11:30:03 CST ===
=== compute-worker 2026-05-18 11:45:03 CST ===
no queued jobs
=== compute-worker end 2026-05-18 11:45:10 CST ===
=== compute-worker 2026-05-18 12:00:03 CST ===
no queued jobs
=== compute-worker end 2026-05-18 12:00:06 CST ===
=== compute-worker 2026-05-18 12:15:05 CST ===
no queued jobs
=== compute-worker end 2026-05-18 12:15:13 CST ===
=== compute-worker 2026-05-18 12:30:01 CST ===
no queued jobs
=== compute-worker end 2026-05-18 12:30:05 CST ===
=== compute-worker 2026-05-18 12:45:04 CST ===
no queued jobs
=== compute-worker end 2026-05-18 12:45:04 CST ===
=== compute-worker 2026-05-18 13:00:01 CST ===
no queued jobs
=== compute-worker end 2026-05-18 13:00:07 CST ===
=== compute-worker 2026-05-18 13:15:05 CST ===
no queued jobs
=== compute-worker end 2026-05-18 13:15:07 CST ===
=== compute-worker 2026-05-18 13:30:06 CST ===
no queued jobs
=== compute-worker end 2026-05-18 13:30:15 CST ===
=== compute-worker 2026-05-18 13:45:01 CST ===
no queued jobs
=== compute-worker end 2026-05-18 13:45:05 CST ===
=== compute-worker 2026-05-18 14:00:05 CST ===
no queued jobs
=== compute-worker end 2026-05-18 14:00:12 CST ===
=== compute-worker 2026-05-18 14:15:00 CST ===
no queued jobs
=== compute-worker end 2026-05-18 14:15:03 CST ===
=== compute-worker 2026-05-18 14:30:06 CST ===
no queued jobs
=== compute-worker end 2026-05-18 14:30:16 CST ===
=== compute-worker 2026-05-18 14:45:06 CST ===
no queued jobs
=== compute-worker end 2026-05-18 14:45:10 CST ===
=== compute-worker 2026-05-18 15:00:07 CST ===
no queued jobs
=== compute-worker end 2026-05-18 15:00:10 CST ===
=== compute-worker 2026-05-18 15:15:04 CST ===
no queued jobs
=== compute-worker end 2026-05-18 15:15:09 CST ===
=== compute-worker 2026-05-18 15:30:02 CST ===
no queued jobs
=== compute-worker end 2026-05-18 15:30:12 CST ===
=== compute-worker 2026-05-18 15:45:05 CST ===
no queued jobs
=== compute-worker end 2026-05-18 15:45:07 CST ===
=== compute-worker 2026-05-18 16:00:05 CST ===
no queued jobs
=== compute-worker end 2026-05-18 16:00:08 CST ===
=== compute-worker 2026-05-18 16:15:02 CST ===
no queued jobs
=== compute-worker end 2026-05-18 16:15:06 CST ===
=== compute-worker 2026-05-18 16:30:06 CST ===
no queued jobs
=== compute-worker end 2026-05-18 16:30:08 CST ===
=== compute-worker 2026-05-18 16:45:05 CST ===
no queued jobs
=== compute-worker end 2026-05-18 16:45:13 CST ===
=== compute-worker 2026-05-18 17:00:03 CST ===
no queued jobs
=== compute-worker end 2026-05-18 17:00:05 CST ===
=== compute-worker 2026-05-18 17:15:05 CST ===
no queued jobs
=== compute-worker end 2026-05-18 17:15:10 CST ===
=== compute-worker 2026-05-18 17:30:02 CST ===
no queued jobs
=== compute-worker end 2026-05-18 17:30:04 CST ===
=== compute-worker 2026-05-18 17:45:05 CST ===
no queued jobs
=== compute-worker end 2026-05-18 17:45:12 CST ===
=== compute-worker 2026-05-18 18:00:05 CST ===
no queued jobs
=== compute-worker end 2026-05-18 18:00:07 CST ===
=== compute-worker 2026-05-18 18:15:05 CST ===
no queued jobs
=== compute-worker end 2026-05-18 18:15:13 CST ===
=== compute-worker 2026-05-18 18:30:06 CST ===
no queued jobs
=== compute-worker end 2026-05-18 18:30:13 CST ===
=== compute-worker 2026-05-18 18:45:05 CST ===
no queued jobs
=== compute-worker end 2026-05-18 18:45:05 CST ===
=== compute-worker 2026-05-18 19:00:06 CST ===
no queued jobs
=== compute-worker end 2026-05-18 19:00:11 CST ===
=== compute-worker 2026-05-18 19:15:07 CST ===
no queued jobs
=== compute-worker end 2026-05-18 19:15:07 CST ===
=== compute-worker 2026-05-18 19:30:06 CST ===
no queued jobs
=== compute-worker end 2026-05-18 19:30:12 CST ===
=== compute-worker 2026-05-18 19:45:02 CST ===
no queued jobs
=== compute-worker end 2026-05-18 19:45:02 CST ===
=== compute-worker 2026-05-18 20:00:06 CST ===
no queued jobs
=== compute-worker end 2026-05-18 20:00:10 CST ===
=== compute-worker 2026-05-18 20:15:05 CST ===
no queued jobs
=== compute-worker end 2026-05-18 20:15:12 CST ===
=== compute-worker 2026-05-18 20:30:06 CST ===
no queued jobs
=== compute-worker end 2026-05-18 20:30:10 CST ===
=== compute-worker 2026-05-18 20:45:04 CST ===
no queued jobs
=== compute-worker end 2026-05-18 20:45:04 CST ===
=== compute-worker 2026-05-18 21:00:05 CST ===
no queued jobs
=== compute-worker end 2026-05-18 21:00:14 CST ===
=== compute-worker 2026-05-18 21:15:03 CST ===
no queued jobs
=== compute-worker end 2026-05-18 21:15:05 CST ===
=== compute-worker 2026-05-18 21:30:04 CST ===
no queued jobs
=== compute-worker end 2026-05-18 21:30:11 CST ===
=== compute-worker 2026-05-18 21:45:04 CST ===
no queued jobs
=== compute-worker end 2026-05-18 21:45:06 CST ===
=== compute-worker 2026-05-18 22:00:03 CST ===
no queued jobs
=== compute-worker end 2026-05-18 22:00:14 CST ===
=== compute-worker 2026-05-18 22:15:05 CST ===
no queued jobs
=== compute-worker end 2026-05-18 22:15:08 CST ===
=== compute-worker 2026-05-18 22:30:07 CST ===
no queued jobs
=== compute-worker end 2026-05-18 22:30:12 CST ===
=== compute-worker 2026-05-18 22:45:05 CST ===
no queued jobs
=== compute-worker end 2026-05-18 22:45:11 CST ===
=== compute-worker 2026-05-18 23:00:03 CST ===
no queued jobs
=== compute-worker end 2026-05-18 23:00:05 CST ===
=== compute-worker 2026-05-18 23:15:05 CST ===
no queued jobs
=== compute-worker end 2026-05-18 23:15:14 CST ===
=== compute-worker 2026-05-18 23:30:05 CST ===
no queued jobs
=== compute-worker end 2026-05-18 23:30:05 CST ===
=== compute-worker 2026-05-18 23:45:05 CST ===
no queued jobs
=== compute-worker end 2026-05-18 23:45:09 CST ===
=== compute-worker 2026-05-19 00:00:03 CST ===
no queued jobs
=== compute-worker end 2026-05-19 00:00:05 CST ===
=== compute-worker 2026-05-19 00:15:06 CST ===
no queued jobs
=== compute-worker end 2026-05-19 00:15:12 CST ===
=== compute-worker 2026-05-19 00:30:01 CST ===
no queued jobs
=== compute-worker end 2026-05-19 00:30:07 CST ===
=== compute-worker 2026-05-19 00:45:01 CST ===
no queued jobs
=== compute-worker end 2026-05-19 00:45:04 CST ===
=== compute-worker 2026-05-19 01:00:05 CST ===
no queued jobs
=== compute-worker end 2026-05-19 01:00:08 CST ===
=== compute-worker 2026-05-19 01:15:04 CST ===
no queued jobs
=== compute-worker end 2026-05-19 01:15:05 CST ===
=== compute-worker 2026-05-19 01:30:00 CST ===
no queued jobs
=== compute-worker end 2026-05-19 01:30:01 CST ===
=== compute-worker 2026-05-19 01:45:00 CST ===
no queued jobs
=== compute-worker end 2026-05-19 01:45:03 CST ===
=== compute-worker 2026-05-19 02:00:06 CST ===
no queued jobs
=== compute-worker end 2026-05-19 02:00:15 CST ===
=== compute-worker 2026-05-19 02:15:05 CST ===
no queued jobs
=== compute-worker end 2026-05-19 02:15:07 CST ===
=== compute-worker 2026-05-19 02:30:04 CST ===
no queued jobs
=== compute-worker end 2026-05-19 02:30:08 CST ===
=== compute-worker 2026-05-19 02:45:06 CST ===
no queued jobs
=== compute-worker end 2026-05-19 02:45:07 CST ===
=== compute-worker 2026-05-19 03:00:06 CST ===
no queued jobs
=== compute-worker end 2026-05-19 03:00:15 CST ===
=== compute-worker 2026-05-19 03:15:02 CST ===
no queued jobs
=== compute-worker end 2026-05-19 03:15:09 CST ===
=== compute-worker 2026-05-19 03:30:05 CST ===
no queued jobs
=== compute-worker end 2026-05-19 03:30:07 CST ===
=== compute-worker 2026-05-19 03:45:03 CST ===
no queued jobs
=== compute-worker end 2026-05-19 03:45:03 CST ===
=== compute-worker 2026-05-19 04:00:06 CST ===
no queued jobs
=== compute-worker end 2026-05-19 04:00:10 CST ===
=== compute-worker 2026-05-19 04:15:06 CST ===
running: compute-k981-v3-wavelet-read-only-buffer-fix-pywt-writeable-re-run-1779135292 (experiments/k981/k981_wavelet_har.py)
done: compute-k981-v3-wavelet-read-only-buffer-fix-pywt-writeable-re-run-1779135292 status=completed exit=0
=== compute-worker end 2026-05-19 04:16:59 CST ===
=== compute-worker 2026-05-19 04:30:05 CST ===
no queued jobs
=== compute-worker end 2026-05-19 04:30:10 CST ===
=== compute-worker 2026-05-19 04:45:05 CST ===
no queued jobs
=== compute-worker end 2026-05-19 04:45:05 CST ===
=== compute-worker 2026-05-19 05:00:06 CST ===
no queued jobs
=== compute-worker end 2026-05-19 05:00:15 CST ===
=== compute-worker 2026-05-19 05:15:05 CST ===
no queued jobs
=== compute-worker end 2026-05-19 05:15:11 CST ===
=== compute-worker 2026-05-19 05:30:03 CST ===
no queued jobs
=== compute-worker end 2026-05-19 05:30:05 CST ===
=== compute-worker 2026-05-19 05:45:06 CST ===
no queued jobs
=== compute-worker end 2026-05-19 05:45:12 CST ===
=== compute-worker 2026-05-19 06:00:01 CST ===
no queued jobs
=== compute-worker end 2026-05-19 06:00:04 CST ===
=== compute-worker 2026-05-19 06:15:04 CST ===
no queued jobs
=== compute-worker end 2026-05-19 06:15:04 CST ===
=== compute-worker 2026-05-19 06:30:05 CST ===
no queued jobs
=== compute-worker end 2026-05-19 06:30:14 CST ===
=== compute-worker 2026-05-19 06:45:06 CST ===
no queued jobs
=== compute-worker end 2026-05-19 06:45:13 CST ===
=== compute-worker 2026-05-19 07:00:06 CST ===
no queued jobs
=== compute-worker end 2026-05-19 07:00:10 CST ===
=== compute-worker 2026-05-19 07:15:02 CST ===
no queued jobs
=== compute-worker end 2026-05-19 07:15:02 CST ===
=== compute-worker 2026-05-19 07:30:05 CST ===
no queued jobs
=== compute-worker end 2026-05-19 07:30:16 CST ===
=== compute-worker 2026-05-19 07:45:06 CST ===
no queued jobs
=== compute-worker end 2026-05-19 07:45:15 CST ===
=== compute-worker 2026-05-19 08:00:03 CST ===
no queued jobs
=== compute-worker end 2026-05-19 08:00:05 CST ===
=== compute-worker 2026-05-19 08:15:05 CST ===
no queued jobs
=== compute-worker end 2026-05-19 08:15:05 CST ===
=== compute-worker 2026-05-19 08:30:00 CST ===
no queued jobs
=== compute-worker end 2026-05-19 08:30:07 CST ===
=== compute-worker 2026-05-19 08:45:03 CST ===
no queued jobs
=== compute-worker end 2026-05-19 08:45:10 CST ===
=== compute-worker 2026-05-19 09:00:06 CST ===
no queued jobs
=== compute-worker end 2026-05-19 09:00:11 CST ===
=== compute-worker 2026-05-19 09:15:06 CST ===
no queued jobs
=== compute-worker end 2026-05-19 09:15:13 CST ===
=== compute-worker 2026-05-19 09:30:00 CST ===
no queued jobs
=== compute-worker end 2026-05-19 09:30:05 CST ===
=== compute-worker 2026-05-19 09:45:01 CST ===
no queued jobs
=== compute-worker end 2026-05-19 09:45:01 CST ===
=== compute-worker 2026-05-19 10:00:02 CST ===
no queued jobs
=== compute-worker end 2026-05-19 10:00:09 CST ===
=== compute-worker 2026-05-19 10:15:05 CST ===
no queued jobs
=== compute-worker end 2026-05-19 10:15:08 CST ===
=== compute-worker 2026-05-19 10:30:01 CST ===
no queued jobs
=== compute-worker end 2026-05-19 10:30:03 CST ===
=== compute-worker 2026-05-19 10:45:05 CST ===
no queued jobs
=== compute-worker end 2026-05-19 10:45:09 CST ===
=== compute-worker 2026-05-19 11:00:00 CST ===
no queued jobs
=== compute-worker end 2026-05-19 11:00:01 CST ===
=== compute-worker 2026-05-19 11:15:00 CST ===
no queued jobs
=== compute-worker end 2026-05-19 11:15:02 CST ===
=== compute-worker 2026-05-19 11:30:03 CST ===
no queued jobs
=== compute-worker end 2026-05-19 11:30:07 CST ===
=== compute-worker 2026-05-19 11:45:05 CST ===
no queued jobs
=== compute-worker end 2026-05-19 11:45:06 CST ===
=== compute-worker 2026-05-19 12:00:04 CST ===
no queued jobs
=== compute-worker end 2026-05-19 12:00:04 CST ===
=== compute-worker 2026-05-19 12:15:02 CST ===
no queued jobs
=== compute-worker end 2026-05-19 12:15:07 CST ===
=== compute-worker 2026-05-19 12:30:01 CST ===
no queued jobs
=== compute-worker end 2026-05-19 12:30:01 CST ===
=== compute-worker 2026-05-19 12:45:06 CST ===
no queued jobs
=== compute-worker end 2026-05-19 12:45:13 CST ===
=== compute-worker 2026-05-19 13:00:01 CST ===
no queued jobs
=== compute-worker end 2026-05-19 13:00:06 CST ===
=== compute-worker 2026-05-19 13:15:05 CST ===
no queued jobs
=== compute-worker end 2026-05-19 13:15:09 CST ===
=== compute-worker 2026-05-19 13:30:04 CST ===
running: k1378-covid-dm (experiments/k1378/k1378.py)
done: k1378-covid-dm status=failed exit=1
=== compute-worker end 2026-05-19 13:30:23 CST ===
=== compute-worker 2026-05-19 13:45:06 CST ===
running: k1379-har-benchmark (experiments/k1379/k1379.py)
done: k1379-har-benchmark status=failed exit=1
=== compute-worker end 2026-05-19 13:45:10 CST ===
=== compute-worker 2026-05-19 14:00:03 CST ===
no queued jobs
=== compute-worker end 2026-05-19 14:00:07 CST ===
=== compute-worker 2026-05-19 14:15:03 CST ===
no queued jobs
=== compute-worker end 2026-05-19 14:15:08 CST ===
=== compute-worker 2026-05-19 14:30:00 CST ===
no queued jobs
=== compute-worker end 2026-05-19 14:30:05 CST ===
=== compute-worker 2026-05-19 14:45:00 CST ===
no queued jobs
=== compute-worker end 2026-05-19 14:45:04 CST ===
=== compute-worker 2026-05-19 15:00:00 CST ===
no queued jobs
=== compute-worker end 2026-05-19 15:00:04 CST ===
=== compute-worker 2026-05-19 15:15:06 CST ===
no queued jobs
=== compute-worker end 2026-05-19 15:15:14 CST ===
=== compute-worker 2026-05-19 15:30:03 CST ===
no queued jobs
=== compute-worker end 2026-05-19 15:30:04 CST ===
=== compute-worker 2026-05-19 15:45:05 CST ===
no queued jobs
=== compute-worker end 2026-05-19 15:45:12 CST ===
=== compute-worker 2026-05-19 16:00:04 CST ===
no queued jobs
=== compute-worker end 2026-05-19 16:00:09 CST ===
=== compute-worker 2026-05-19 16:15:02 CST ===
no queued jobs
=== compute-worker end 2026-05-19 16:15:06 CST ===
=== compute-worker 2026-05-19 16:30:06 CST ===
no queued jobs
=== compute-worker end 2026-05-19 16:30:11 CST ===
=== compute-worker 2026-05-19 16:45:06 CST ===
no queued jobs
=== compute-worker end 2026-05-19 16:45:08 CST ===
=== compute-worker 2026-05-19 17:00:04 CST ===
no queued jobs
=== compute-worker end 2026-05-19 17:00:13 CST ===
=== compute-worker 2026-05-19 17:15:06 CST ===
running: K1378_leave_covid_dm (experiments/k1378/k1378.py)
done: K1378_leave_covid_dm status=failed exit=1
=== compute-worker end 2026-05-19 17:15:11 CST ===
=== compute-worker 2026-05-19 17:30:06 CST ===
running: K1379_har_rv_benchmark (experiments/k1379/k1379.py)
done: K1379_har_rv_benchmark status=completed exit=0
=== compute-worker end 2026-05-19 17:32:11 CST ===
=== compute-worker 2026-05-19 17:45:06 CST ===
running: k1378-covid-dm-v2 (experiments/k1378/k1378.py)
done: k1378-covid-dm-v2 status=failed exit=1
=== compute-worker end 2026-05-19 17:46:41 CST ===
=== compute-worker 2026-05-19 18:00:01 CST ===
running: k1379-har-benchmark-v2 (experiments/k1379/k1379.py)
done: k1379-har-benchmark-v2 status=completed exit=0
=== compute-worker end 2026-05-19 18:01:43 CST ===
=== compute-worker 2026-05-19 18:15:05 CST ===
running: k1380-spa-test (experiments/k1380/k1380.py)
done: k1380-spa-test status=failed exit=-1
=== compute-worker end 2026-05-19 20:15:11 CST ===
=== compute-worker 2026-05-19 20:30:04 CST ===
running: compute-k1378-paper-9-leave-covid-out-dm-test-sf1-robustness-fix-1779189463 (experiments/k1378/k1378.py)
done: compute-k1378-paper-9-leave-covid-out-dm-test-sf1-robustness-fix-1779189463 status=completed exit=0
=== compute-worker end 2026-05-19 20:31:48 CST ===
=== compute-worker 2026-05-19 20:45:05 CST ===
running: compute-k1380-paper-9-white-rc-hansen-spa-test-17-spec-multiple-test-1779189466 (experiments/k1380/k1380.py)
done: compute-k1380-paper-9-white-rc-hansen-spa-test-17-spec-multiple-test-1779189466 status=failed exit=-1
=== compute-worker end 2026-05-19 22:45:11 CST ===
=== compute-worker 2026-05-19 23:00:03 CST ===
no queued jobs
=== compute-worker end 2026-05-19 23:00:07 CST ===
=== compute-worker 2026-05-19 23:15:06 CST ===
no queued jobs
=== compute-worker end 2026-05-19 23:15:06 CST ===
=== compute-worker 2026-05-19 23:30:04 CST ===
no queued jobs
=== compute-worker end 2026-05-19 23:30:07 CST ===
=== compute-worker 2026-05-19 23:45:06 CST ===
no queued jobs
=== compute-worker end 2026-05-19 23:45:10 CST ===
=== compute-worker 2026-05-20 00:00:02 CST ===
no queued jobs
=== compute-worker end 2026-05-20 00:00:05 CST ===
=== compute-worker 2026-05-20 00:15:00 CST ===
no queued jobs
=== compute-worker end 2026-05-20 00:15:06 CST ===
=== compute-worker 2026-05-20 00:30:02 CST ===
no queued jobs
=== compute-worker end 2026-05-20 00:30:06 CST ===
=== compute-worker 2026-05-20 00:45:00 CST ===
no queued jobs
=== compute-worker end 2026-05-20 00:45:03 CST ===
=== compute-worker 2026-05-20 01:00:03 CST ===
no queued jobs
=== compute-worker end 2026-05-20 01:00:04 CST ===
=== compute-worker 2026-05-20 01:15:05 CST ===
no queued jobs
=== compute-worker end 2026-05-20 01:15:09 CST ===
=== compute-worker 2026-05-20 01:30:00 CST ===
   Building volpred @ file:///Users/yhlai0911/Desktop/volpred-research
      Built volpred @ file:///Users/yhlai0911/Desktop/volpred-research
Uninstalled 1 package in 2ms
Installed 1 package in 1ms
no queued jobs
=== compute-worker end 2026-05-20 01:30:06 CST ===
=== compute-worker 2026-05-20 01:45:05 CST ===
no queued jobs
=== compute-worker end 2026-05-20 01:45:09 CST ===
=== compute-worker 2026-05-20 02:00:00 CST ===
no queued jobs
=== compute-worker end 2026-05-20 02:00:00 CST ===
=== compute-worker 2026-05-20 02:15:04 CST ===
no queued jobs
=== compute-worker end 2026-05-20 02:15:08 CST ===
=== compute-worker 2026-05-20 02:30:00 CST ===
no queued jobs
=== compute-worker end 2026-05-20 02:30:02 CST ===
=== compute-worker 2026-05-20 02:45:03 CST ===
no queued jobs
=== compute-worker end 2026-05-20 02:45:07 CST ===
=== compute-worker 2026-05-20 03:00:02 CST ===
no queued jobs
=== compute-worker end 2026-05-20 03:00:02 CST ===
=== compute-worker 2026-05-20 03:15:03 CST ===
no queued jobs
=== compute-worker end 2026-05-20 03:15:07 CST ===
=== compute-worker 2026-05-20 03:30:05 CST ===
running: compute-k1380-v3-numba-jit-spa-rc-test-17-spec-horse-race-paper-9-c3-1779218697 (experiments/k1380/k1380.py)
done: compute-k1380-v3-numba-jit-spa-rc-test-17-spec-horse-race-paper-9-c3-1779218697 status=failed exit=1
=== compute-worker end 2026-05-20 03:46:36 CST ===
=== compute-worker 2026-05-20 04:00:04 CST ===
no queued jobs
=== compute-worker end 2026-05-20 04:00:08 CST ===
=== compute-worker 2026-05-20 04:15:06 CST ===
no queued jobs
=== compute-worker end 2026-05-20 04:15:09 CST ===
=== compute-worker 2026-05-20 04:30:02 CST ===
no queued jobs
=== compute-worker end 2026-05-20 04:30:05 CST ===
=== compute-worker 2026-05-20 04:45:00 CST ===
no queued jobs
=== compute-worker end 2026-05-20 04:45:04 CST ===
=== compute-worker 2026-05-20 05:00:01 CST ===
no queued jobs
=== compute-worker end 2026-05-20 05:00:06 CST ===
=== compute-worker 2026-05-20 05:15:04 CST ===
no queued jobs
=== compute-worker end 2026-05-20 05:15:08 CST ===
=== compute-worker 2026-05-20 05:30:02 CST ===
no queued jobs
=== compute-worker end 2026-05-20 05:30:05 CST ===
=== compute-worker 2026-05-20 05:45:05 CST ===
no queued jobs
=== compute-worker end 2026-05-20 05:45:06 CST ===
=== compute-worker 2026-05-20 06:00:06 CST ===
no queued jobs
=== compute-worker end 2026-05-20 06:00:09 CST ===
=== compute-worker 2026-05-20 06:15:02 CST ===
no queued jobs
=== compute-worker end 2026-05-20 06:15:07 CST ===
=== compute-worker 2026-05-20 06:30:05 CST ===
no queued jobs
=== compute-worker end 2026-05-20 06:30:09 CST ===
=== compute-worker 2026-05-20 06:45:00 CST ===
no queued jobs
=== compute-worker end 2026-05-20 06:45:03 CST ===
=== compute-worker 2026-05-20 07:00:02 CST ===
no queued jobs
=== compute-worker end 2026-05-20 07:00:05 CST ===
=== compute-worker 2026-05-20 07:15:06 CST ===
no queued jobs
=== compute-worker end 2026-05-20 07:15:10 CST ===
=== compute-worker 2026-05-20 07:30:03 CST ===
no queued jobs
=== compute-worker end 2026-05-20 07:30:07 CST ===
=== compute-worker 2026-05-20 07:45:05 CST ===
no queued jobs
=== compute-worker end 2026-05-20 07:45:08 CST ===
=== compute-worker 2026-05-20 08:00:06 CST ===
no queued jobs
=== compute-worker end 2026-05-20 08:00:09 CST ===
=== compute-worker 2026-05-20 08:15:00 CST ===
no queued jobs
=== compute-worker end 2026-05-20 08:15:02 CST ===
=== compute-worker 2026-05-20 08:30:00 CST ===
no queued jobs
=== compute-worker end 2026-05-20 08:30:03 CST ===
=== compute-worker 2026-05-20 08:45:05 CST ===
no queued jobs
=== compute-worker end 2026-05-20 08:45:09 CST ===
=== compute-worker 2026-05-20 09:00:00 CST ===
no queued jobs
=== compute-worker end 2026-05-20 09:00:03 CST ===
=== compute-worker 2026-05-20 09:15:05 CST ===
no queued jobs
=== compute-worker end 2026-05-20 09:15:09 CST ===
=== compute-worker 2026-05-20 09:30:00 CST ===
no queued jobs
=== compute-worker end 2026-05-20 09:30:05 CST ===
=== compute-worker 2026-05-20 09:45:05 CST ===
no queued jobs
=== compute-worker end 2026-05-20 09:45:09 CST ===
=== compute-worker 2026-05-20 10:00:06 CST ===
no queued jobs
=== compute-worker end 2026-05-20 10:00:09 CST ===
=== compute-worker 2026-05-20 10:15:05 CST ===
no queued jobs
=== compute-worker end 2026-05-20 10:15:09 CST ===
=== compute-worker 2026-05-20 10:30:01 CST ===
no queued jobs
=== compute-worker end 2026-05-20 10:30:04 CST ===
=== compute-worker 2026-05-20 10:45:04 CST ===
no queued jobs
=== compute-worker end 2026-05-20 10:45:05 CST ===
=== compute-worker 2026-05-20 11:00:00 CST ===
no queued jobs
=== compute-worker end 2026-05-20 11:00:04 CST ===
=== compute-worker 2026-05-20 11:15:03 CST ===
no queued jobs
=== compute-worker end 2026-05-20 11:15:06 CST ===
=== compute-worker 2026-05-20 11:30:04 CST ===
no queued jobs
=== compute-worker end 2026-05-20 11:30:04 CST ===
=== compute-worker 2026-05-20 11:45:05 CST ===
no queued jobs
=== compute-worker end 2026-05-20 11:45:06 CST ===
=== compute-worker 2026-05-20 12:00:05 CST ===
no queued jobs
=== compute-worker end 2026-05-20 12:00:06 CST ===
=== compute-worker 2026-05-20 12:30:06 CST ===
no queued jobs
=== compute-worker end 2026-05-20 12:30:09 CST ===
=== compute-worker 2026-05-20 12:45:05 CST ===
no queued jobs
=== compute-worker end 2026-05-20 12:45:06 CST ===
=== compute-worker 2026-05-20 13:00:04 CST ===
no queued jobs
=== compute-worker end 2026-05-20 13:00:07 CST ===
=== compute-worker 2026-05-20 13:15:05 CST ===
no queued jobs
=== compute-worker end 2026-05-20 13:15:09 CST ===
=== compute-worker 2026-05-20 13:30:06 CST ===
no queued jobs
=== compute-worker end 2026-05-20 13:30:12 CST ===
=== compute-worker 2026-05-20 13:45:03 CST ===
no queued jobs
=== compute-worker end 2026-05-20 13:45:03 CST ===
=== compute-worker 2026-05-20 14:00:00 CST ===
no queued jobs
=== compute-worker end 2026-05-20 14:00:07 CST ===
=== compute-worker 2026-05-20 14:15:00 CST ===
no queued jobs
=== compute-worker end 2026-05-20 14:15:00 CST ===
=== compute-worker 2026-05-20 14:30:01 CST ===
no queued jobs
=== compute-worker end 2026-05-20 14:30:08 CST ===
=== compute-worker 2026-05-20 14:45:06 CST ===
no queued jobs
=== compute-worker end 2026-05-20 14:45:09 CST ===
=== compute-worker 2026-05-20 15:00:04 CST ===
no queued jobs
=== compute-worker end 2026-05-20 15:00:13 CST ===
=== compute-worker 2026-05-20 15:15:05 CST ===
no queued jobs
=== compute-worker end 2026-05-20 15:15:13 CST ===
=== compute-worker 2026-05-20 15:30:00 CST ===
no queued jobs
=== compute-worker end 2026-05-20 15:30:02 CST ===
=== compute-worker 2026-05-20 15:45:05 CST ===
no queued jobs
=== compute-worker end 2026-05-20 15:45:15 CST ===
=== compute-worker 2026-05-20 16:00:00 CST ===
no queued jobs
=== compute-worker end 2026-05-20 16:00:00 CST ===
=== compute-worker 2026-05-20 16:15:05 CST ===
no queued jobs
=== compute-worker end 2026-05-20 16:15:12 CST ===
=== compute-worker 2026-05-20 16:30:06 CST ===
no queued jobs
=== compute-worker end 2026-05-20 16:30:08 CST ===
=== compute-worker 2026-05-20 16:45:03 CST ===
no queued jobs
=== compute-worker end 2026-05-20 16:45:06 CST ===
=== compute-worker 2026-05-20 17:00:06 CST ===
no queued jobs
=== compute-worker end 2026-05-20 17:00:08 CST ===
=== compute-worker 2026-05-20 17:15:02 CST ===
no queued jobs
=== compute-worker end 2026-05-20 17:15:06 CST ===
=== compute-worker 2026-05-20 17:30:05 CST ===
   Building volpred @ file:///Users/yhlai0911/Desktop/volpred-research
      Built volpred @ file:///Users/yhlai0911/Desktop/volpred-research
Uninstalled 1 package in 1ms
Installed 1 package in 2ms
no queued jobs
=== compute-worker end 2026-05-20 17:30:06 CST ===
=== compute-worker 2026-05-20 17:45:01 CST ===
no queued jobs
=== compute-worker end 2026-05-20 17:45:04 CST ===
=== compute-worker 2026-05-20 18:00:04 CST ===
no queued jobs
=== compute-worker end 2026-05-20 18:00:05 CST ===
=== compute-worker 2026-05-20 18:15:05 CST ===
no queued jobs
=== compute-worker end 2026-05-20 18:15:07 CST ===
=== compute-worker 2026-05-20 18:30:05 CST ===
no queued jobs
=== compute-worker end 2026-05-20 18:30:06 CST ===
=== compute-worker 2026-05-20 18:45:00 CST ===
no queued jobs
=== compute-worker end 2026-05-20 18:45:01 CST ===
=== compute-worker 2026-05-20 19:00:00 CST ===
no queued jobs
=== compute-worker end 2026-05-20 19:00:01 CST ===
=== compute-worker 2026-05-20 19:15:05 CST ===
no queued jobs
=== compute-worker end 2026-05-20 19:15:07 CST ===
=== compute-worker 2026-05-20 19:30:05 CST ===
no queued jobs
=== compute-worker end 2026-05-20 19:30:05 CST ===
=== compute-worker 2026-05-20 19:45:06 CST ===
no queued jobs
=== compute-worker end 2026-05-20 19:45:08 CST ===
=== compute-worker 2026-05-20 20:00:05 CST ===
no queued jobs
=== compute-worker end 2026-05-20 20:00:07 CST ===
=== compute-worker 2026-05-20 20:15:03 CST ===
no queued jobs
=== compute-worker end 2026-05-20 20:15:03 CST ===
=== compute-worker 2026-05-20 20:30:00 CST ===
no queued jobs
=== compute-worker end 2026-05-20 20:30:02 CST ===
=== compute-worker 2026-05-20 20:45:02 CST ===
no queued jobs
=== compute-worker end 2026-05-20 20:45:08 CST ===
=== compute-worker 2026-05-20 21:00:01 CST ===
no queued jobs
=== compute-worker end 2026-05-20 21:00:05 CST ===
=== compute-worker 2026-05-20 21:15:00 CST ===
no queued jobs
=== compute-worker end 2026-05-20 21:15:01 CST ===
=== compute-worker 2026-05-20 21:30:02 CST ===
no queued jobs
=== compute-worker end 2026-05-20 21:30:06 CST ===
=== compute-worker 2026-05-20 21:45:01 CST ===
no queued jobs
=== compute-worker end 2026-05-20 21:45:05 CST ===
=== compute-worker 2026-05-20 22:00:02 CST ===
no queued jobs
=== compute-worker end 2026-05-20 22:00:08 CST ===
=== compute-worker 2026-05-20 22:15:00 CST ===
no queued jobs
=== compute-worker end 2026-05-20 22:15:04 CST ===
=== compute-worker 2026-05-20 22:30:05 CST ===
no queued jobs
=== compute-worker end 2026-05-20 22:30:06 CST ===
=== compute-worker 2026-05-20 22:45:04 CST ===
no queued jobs
=== compute-worker end 2026-05-20 22:45:05 CST ===
=== compute-worker 2026-05-20 23:00:02 CST ===
no queued jobs
=== compute-worker end 2026-05-20 23:00:03 CST ===
=== compute-worker 2026-05-20 23:15:00 CST ===
no queued jobs
=== compute-worker end 2026-05-20 23:15:04 CST ===
=== compute-worker 2026-05-20 23:30:04 CST ===
no queued jobs
=== compute-worker end 2026-05-20 23:30:07 CST ===
=== compute-worker 2026-05-20 23:45:10 CST ===
no queued jobs
=== compute-worker end 2026-05-20 23:45:17 CST ===
=== compute-worker 2026-05-21 00:00:05 CST ===
no queued jobs
=== compute-worker end 2026-05-21 00:00:09 CST ===
=== compute-worker 2026-05-21 00:15:02 CST ===
no queued jobs
=== compute-worker end 2026-05-21 00:15:07 CST ===
=== compute-worker 2026-05-21 00:30:01 CST ===
no queued jobs
=== compute-worker end 2026-05-21 00:30:04 CST ===
=== compute-worker 2026-05-21 00:45:06 CST ===
no queued jobs
=== compute-worker end 2026-05-21 00:45:11 CST ===
=== compute-worker 2026-05-21 01:00:00 CST ===
no queued jobs
=== compute-worker end 2026-05-21 01:00:02 CST ===
=== compute-worker 2026-05-21 01:15:03 CST ===
no queued jobs
=== compute-worker end 2026-05-21 01:15:08 CST ===
