{"status": "ok", "ok": true, "checked_fields": ["mode", "interval_minutes", "max_articles_per_run", "due_only", "include_drafts", "preferred_audiences", "last_released_at"]}
=== [release_settings_audit] piggy-back fire at 2026-05-04T09:21:55.537457+00:00 ===
{"status": "ok", "ok": true, "checked_fields": ["mode", "interval_minutes", "max_articles_per_run", "due_only", "include_drafts", "preferred_audiences", "last_released_at"]}
=== [release_settings_audit] exit 0 at 2026-05-04T09:21:55.853088+00:00 (duration=0.3s) ===
=== [release_settings_audit] piggy-back fire at 2026-05-04T11:00:16.672478+00:00 ===
=== [release_settings_audit] piggy-back fire at 2026-05-04T11:00:16.903277+00:00 ===
{"status": "ok", "ok": true, "checked_fields": ["mode", "interval_minutes", "max_articles_per_run", "due_only", "include_drafts", "preferred_audiences", "last_released_at"]}
=== [release_settings_audit] exit 0 at 2026-05-04T11:00:17.116586+00:00 (duration=0.4s) ===
{"status": "ok", "ok": true, "checked_fields": ["mode", "interval_minutes", "max_articles_per_run", "due_only", "include_drafts", "preferred_audiences", "last_released_at"]}
=== [release_settings_audit] exit 0 at 2026-05-04T11:00:17.539789+00:00 (duration=0.6s) ===
=== [release_settings_audit] piggy-back fire at 2026-05-04T17:00:01.343138+00:00 ===
{"status": "ok", "ok": true, "checked_fields": ["mode", "interval_minutes", "max_articles_per_run", "due_only", "include_drafts", "preferred_audiences", "last_released_at"]}
=== [release_settings_audit] exit 0 at 2026-05-04T17:00:01.873424+00:00 (duration=0.5s) ===
=== [release_settings_audit] piggy-back fire at 2026-05-04T23:00:01.883703+00:00 ===
{"status": "ok", "ok": true, "checked_fields": ["mode", "interval_minutes", "max_articles_per_run", "due_only", "include_drafts", "preferred_audiences", "last_released_at"]}
=== [release_settings_audit] exit 0 at 2026-05-04T23:00:02.427183+00:00 (duration=0.5s) ===
=== [release_settings_audit] piggy-back fire at 2026-05-05T05:00:01.842988+00:00 ===
{"status": "ok", "ok": true, "checked_fields": ["mode", "interval_minutes", "max_articles_per_run", "due_only", "include_drafts", "preferred_audiences", "last_released_at"]}
=== [release_settings_audit] exit 0 at 2026-05-05T05:00:02.408171+00:00 (duration=0.6s) ===
=== [release_settings_audit] piggy-back fire at 2026-05-05T11:00:02.103043+00:00 ===
{"status": "ok", "ok": true, "checked_fields": ["mode", "interval_minutes", "max_articles_per_run", "due_only", "include_drafts", "preferred_audiences", "last_released_at"]}
=== [release_settings_audit] exit 0 at 2026-05-05T11:00:02.593028+00:00 (duration=0.5s) ===
=== [release_settings_audit] piggy-back fire at 2026-05-05T17:00:01.615058+00:00 ===
{"status": "ok", "ok": true, "checked_fields": ["mode", "interval_minutes", "max_articles_per_run", "due_only", "include_drafts", "preferred_audiences", "last_released_at"]}
=== [release_settings_audit] exit 0 at 2026-05-05T17:00:01.988741+00:00 (duration=0.4s) ===
=== [release_settings_audit] piggy-back fire at 2026-05-05T23:00:01.032858+00:00 ===
{"status": "drift_after_fix", "ok": false, "drift_count": 1, "drift": [{"field": "last_released_at", "local": "2026-05-05T21:00:05.867230+00:00", "remote": "2026-05-05T21:00:05.86723+00:00"}], "fix_attempted": true, "fix_ok": true, "drift_after_fix": 1}
=== [release_settings_audit] exit 0 at 2026-05-05T23:00:02.085192+00:00 (duration=1.1s) ===
=== [release_settings_audit] piggy-back fire at 2026-05-06T05:00:00.933425+00:00 ===
{"status": "ok", "ok": true, "checked_fields": ["mode", "interval_minutes", "max_articles_per_run", "due_only", "include_drafts", "preferred_audiences", "last_released_at"]}
=== [release_settings_audit] exit 0 at 2026-05-06T05:00:01.432852+00:00 (duration=0.5s) ===
=== [release_settings_audit] piggy-back fire at 2026-05-06T11:00:02.162298+00:00 ===
{"status": "ok", "ok": true, "checked_fields": ["mode", "interval_minutes", "max_articles_per_run", "due_only", "include_drafts", "preferred_audiences", "last_released_at"]}
=== [release_settings_audit] exit 0 at 2026-05-06T11:00:02.827534+00:00 (duration=0.7s) ===
=== [release_settings_audit] piggy-back fire at 2026-05-06T17:00:01.716213+00:00 ===
{"status": "ok", "ok": true, "checked_fields": ["mode", "interval_minutes", "max_articles_per_run", "due_only", "include_drafts", "preferred_audiences", "last_released_at"]}
=== [release_settings_audit] exit 0 at 2026-05-06T17:00:02.202422+00:00 (duration=0.5s) ===
=== [release_settings_audit] piggy-back fire at 2026-05-06T23:00:01.719936+00:00 ===
{"status": "ok", "ok": true, "checked_fields": ["mode", "interval_minutes", "max_articles_per_run", "due_only", "include_drafts", "preferred_audiences", "last_released_at"]}
=== [release_settings_audit] exit 0 at 2026-05-06T23:00:02.478823+00:00 (duration=0.8s) ===
=== [release_settings_audit] piggy-back fire at 2026-05-07T05:00:01.337072+00:00 ===
{"status": "ok", "ok": true, "checked_fields": ["mode", "interval_minutes", "max_articles_per_run", "due_only", "include_drafts", "preferred_audiences", "last_released_at"]}
=== [release_settings_audit] exit 0 at 2026-05-07T05:00:01.958545+00:00 (duration=0.6s) ===
=== [release_settings_audit] piggy-back fire at 2026-05-07T11:00:01.378991+00:00 ===
{"status": "ok", "ok": true, "checked_fields": ["mode", "interval_minutes", "max_articles_per_run", "due_only", "include_drafts", "preferred_audiences", "last_released_at"]}
=== [release_settings_audit] exit 0 at 2026-05-07T11:00:02.127616+00:00 (duration=0.7s) ===
=== [release_settings_audit] piggy-back fire at 2026-05-07T17:00:00.858351+00:00 ===
{"status": "ok", "ok": true, "checked_fields": ["mode", "interval_minutes", "max_articles_per_run", "due_only", "include_drafts", "preferred_audiences", "last_released_at"]}
=== [release_settings_audit] exit 0 at 2026-05-07T17:00:01.262999+00:00 (duration=0.4s) ===
=== [release_settings_audit] piggy-back fire at 2026-05-07T23:00:01.191486+00:00 ===
{"status": "ok", "ok": true, "checked_fields": ["mode", "interval_minutes", "max_articles_per_run", "due_only", "include_drafts", "preferred_audiences", "last_released_at"]}
=== [release_settings_audit] exit 0 at 2026-05-07T23:00:01.677892+00:00 (duration=0.5s) ===
=== [release_settings_audit] piggy-back fire at 2026-05-08T05:00:01.098758+00:00 ===
{"status": "ok", "ok": true, "checked_fields": ["mode", "interval_minutes", "max_articles_per_run", "due_only", "include_drafts", "preferred_audiences", "last_released_at"]}
=== [release_settings_audit] exit 0 at 2026-05-08T05:00:01.504588+00:00 (duration=0.4s) ===
=== [release_settings_audit] piggy-back fire at 2026-05-08T11:00:01.727258+00:00 ===
{"status": "ok", "ok": true, "checked_fields": ["mode", "interval_minutes", "max_articles_per_run", "due_only", "include_drafts", "preferred_audiences", "last_released_at"]}
=== [release_settings_audit] exit 0 at 2026-05-08T11:00:02.091958+00:00 (duration=0.4s) ===
=== [release_settings_audit] piggy-back fire at 2026-05-08T17:00:01.419713+00:00 ===
{"status": "ok", "ok": true, "checked_fields": ["mode", "interval_minutes", "max_articles_per_run", "due_only", "include_drafts", "preferred_audiences", "last_released_at"]}
=== [release_settings_audit] exit 0 at 2026-05-08T17:00:01.916554+00:00 (duration=0.5s) ===
=== [release_settings_audit] piggy-back fire at 2026-05-08T23:00:01.574230+00:00 ===
=== [release_settings_audit] piggy-back fire at 2026-05-08T23:00:01.856070+00:00 ===
{"status": "ok", "ok": true, "checked_fields": ["mode", "interval_minutes", "max_articles_per_run", "due_only", "include_drafts", "preferred_audiences", "last_released_at"]}
=== [release_settings_audit] exit 0 at 2026-05-08T23:00:02.084736+00:00 (duration=0.5s) ===
{"status": "ok", "ok": true, "checked_fields": ["mode", "interval_minutes", "max_articles_per_run", "due_only", "include_drafts", "preferred_audiences", "last_released_at"]}
=== [release_settings_audit] exit 0 at 2026-05-08T23:00:02.130307+00:00 (duration=0.3s) ===
=== [release_settings_audit] piggy-back fire at 2026-05-09T05:00:01.161370+00:00 ===
{"status": "drift_after_fix", "ok": false, "drift_count": 1, "drift": [{"field": "last_released_at", "local": "2026-05-09T03:00:05.579640+00:00", "remote": "2026-05-09T03:00:05.57964+00:00"}], "fix_attempted": true, "fix_ok": true, "drift_after_fix": 1}
=== [release_settings_audit] exit 0 at 2026-05-09T05:00:02.307466+00:00 (duration=1.1s) ===
=== [release_settings_audit] piggy-back fire at 2026-05-09T11:00:01.624949+00:00 ===
{"status": "ok", "ok": true, "checked_fields": ["mode", "interval_minutes", "max_articles_per_run", "due_only", "include_drafts", "preferred_audiences", "last_released_at"]}
=== [release_settings_audit] exit 0 at 2026-05-09T11:00:02.007281+00:00 (duration=0.4s) ===
=== [release_settings_audit] piggy-back fire at 2026-05-09T17:00:01.878140+00:00 ===
{"status": "ok", "ok": true, "checked_fields": ["mode", "interval_minutes", "max_articles_per_run", "due_only", "include_drafts", "preferred_audiences", "last_released_at"]}
=== [release_settings_audit] exit 0 at 2026-05-09T17:00:02.300005+00:00 (duration=0.4s) ===
=== [release_settings_audit] piggy-back fire at 2026-05-09T23:00:01.459986+00:00 ===
{"status": "ok", "ok": true, "checked_fields": ["mode", "interval_minutes", "max_articles_per_run", "due_only", "include_drafts", "preferred_audiences", "last_released_at"]}
=== [release_settings_audit] exit 0 at 2026-05-09T23:00:01.905868+00:00 (duration=0.4s) ===
=== [release_settings_audit] piggy-back fire at 2026-05-10T05:00:00.986709+00:00 ===
{"status": "ok", "ok": true, "checked_fields": ["mode", "interval_minutes", "max_articles_per_run", "due_only", "include_drafts", "preferred_audiences", "last_released_at"]}
=== [release_settings_audit] exit 0 at 2026-05-10T05:00:01.682373+00:00 (duration=0.7s) ===
=== [release_settings_audit] piggy-back fire at 2026-05-10T11:00:01.730010+00:00 ===
{"status": "ok", "ok": true, "checked_fields": ["mode", "interval_minutes", "max_articles_per_run", "due_only", "include_drafts", "preferred_audiences", "last_released_at"]}
=== [release_settings_audit] exit 0 at 2026-05-10T11:00:02.276076+00:00 (duration=0.5s) ===
=== [release_settings_audit] piggy-back fire at 2026-05-10T17:00:00.899901+00:00 ===
{"status": "ok", "ok": true, "checked_fields": ["mode", "interval_minutes", "max_articles_per_run", "due_only", "include_drafts", "preferred_audiences", "last_released_at"]}
=== [release_settings_audit] exit 0 at 2026-05-10T17:00:01.307490+00:00 (duration=0.4s) ===
=== [release_settings_audit] piggy-back fire at 2026-05-10T23:00:01.615461+00:00 ===
{"status": "ok", "ok": true, "checked_fields": ["mode", "interval_minutes", "max_articles_per_run", "due_only", "include_drafts", "preferred_audiences", "last_released_at"]}
=== [release_settings_audit] exit 0 at 2026-05-10T23:00:02.069627+00:00 (duration=0.5s) ===
=== [release_settings_audit] piggy-back fire at 2026-05-11T05:00:01.620667+00:00 ===
{"status": "ok", "ok": true, "checked_fields": ["mode", "interval_minutes", "max_articles_per_run", "due_only", "include_drafts", "preferred_audiences", "last_released_at"]}
=== [release_settings_audit] exit 0 at 2026-05-11T05:00:02.030961+00:00 (duration=0.4s) ===
=== [release_settings_audit] piggy-back fire at 2026-05-11T11:00:01.241580+00:00 ===
{"status": "ok", "ok": true, "checked_fields": ["mode", "interval_minutes", "max_articles_per_run", "due_only", "include_drafts", "preferred_audiences", "last_released_at"]}
=== [release_settings_audit] exit 0 at 2026-05-11T11:00:01.772442+00:00 (duration=0.5s) ===
=== [release_settings_audit] piggy-back fire at 2026-05-11T17:00:01.449593+00:00 ===
{"status": "ok", "ok": true, "checked_fields": ["mode", "interval_minutes", "max_articles_per_run", "due_only", "include_drafts", "preferred_audiences", "last_released_at"]}
=== [release_settings_audit] exit 0 at 2026-05-11T17:00:01.960960+00:00 (duration=0.5s) ===
=== [release_settings_audit] piggy-back fire at 2026-05-11T23:00:01.336752+00:00 ===
{"status": "ok", "ok": true, "checked_fields": ["mode", "interval_minutes", "max_articles_per_run", "due_only", "include_drafts", "preferred_audiences", "last_released_at"]}
=== [release_settings_audit] exit 0 at 2026-05-11T23:00:01.839374+00:00 (duration=0.5s) ===
=== [release_settings_audit] piggy-back fire at 2026-05-12T05:00:01.622121+00:00 ===
{"status": "ok", "ok": true, "checked_fields": ["mode", "interval_minutes", "max_articles_per_run", "due_only", "include_drafts", "preferred_audiences", "last_released_at"]}
=== [release_settings_audit] exit 0 at 2026-05-12T05:00:02.147955+00:00 (duration=0.5s) ===
=== [release_settings_audit] piggy-back fire at 2026-05-12T11:00:01.836146+00:00 ===
{"status": "drift_after_fix", "ok": false, "drift_count": 1, "drift": [{"field": "last_released_at", "local": "2026-05-12T06:20:03.659240+00:00", "remote": "2026-05-12T06:20:03.65924+00:00"}], "fix_attempted": true, "fix_ok": true, "drift_after_fix": 1}
=== [release_settings_audit] exit 0 at 2026-05-12T11:00:02.871926+00:00 (duration=1.0s) ===
=== [release_settings_audit] piggy-back fire at 2026-05-12T17:00:01.040322+00:00 ===
{"status": "ok", "ok": true, "checked_fields": ["mode", "interval_minutes", "max_articles_per_run", "due_only", "include_drafts", "preferred_audiences", "last_released_at"]}
=== [release_settings_audit] exit 0 at 2026-05-12T17:00:01.509486+00:00 (duration=0.5s) ===
=== [release_settings_audit] piggy-back fire at 2026-05-12T23:00:01.517687+00:00 ===
{"status": "ok", "ok": true, "checked_fields": ["mode", "interval_minutes", "max_articles_per_run", "due_only", "include_drafts", "preferred_audiences", "last_released_at"]}
=== [release_settings_audit] exit 0 at 2026-05-12T23:00:02.174720+00:00 (duration=0.7s) ===
=== [release_settings_audit] piggy-back fire at 2026-05-13T05:00:01.674246+00:00 ===
{"status": "ok", "ok": true, "checked_fields": ["mode", "interval_minutes", "max_articles_per_run", "due_only", "include_drafts", "preferred_audiences", "last_released_at"]}
=== [release_settings_audit] exit 0 at 2026-05-13T05:00:02.087133+00:00 (duration=0.4s) ===
=== [release_settings_audit] piggy-back fire at 2026-05-13T11:00:01.591791+00:00 ===
{"status": "ok", "ok": true, "checked_fields": ["mode", "interval_minutes", "max_articles_per_run", "due_only", "include_drafts", "preferred_audiences", "last_released_at"]}
=== [release_settings_audit] exit 0 at 2026-05-13T11:00:02.206709+00:00 (duration=0.6s) ===
=== [release_settings_audit] piggy-back fire at 2026-05-13T17:00:01.203269+00:00 ===
{"status": "ok", "ok": true, "checked_fields": ["mode", "interval_minutes", "max_articles_per_run", "due_only", "include_drafts", "preferred_audiences", "last_released_at"]}
=== [release_settings_audit] exit 0 at 2026-05-13T17:00:01.669126+00:00 (duration=0.5s) ===
=== [release_settings_audit] piggy-back fire at 2026-05-13T23:00:01.193086+00:00 ===
{"status": "ok", "ok": true, "checked_fields": ["mode", "interval_minutes", "max_articles_per_run", "due_only", "include_drafts", "preferred_audiences", "last_released_at"]}
=== [release_settings_audit] exit 0 at 2026-05-13T23:00:01.703045+00:00 (duration=0.5s) ===
=== [release_settings_audit] piggy-back fire at 2026-05-14T05:00:01.114621+00:00 ===
{"status": "ok", "ok": true, "checked_fields": ["mode", "interval_minutes", "max_articles_per_run", "due_only", "include_drafts", "preferred_audiences", "last_released_at"]}
=== [release_settings_audit] exit 0 at 2026-05-14T05:00:01.588272+00:00 (duration=0.5s) ===
=== [release_settings_audit] piggy-back fire at 2026-05-14T11:00:01.980715+00:00 ===
{"status": "ok", "ok": true, "checked_fields": ["mode", "interval_minutes", "max_articles_per_run", "due_only", "include_drafts", "preferred_audiences", "last_released_at"]}
=== [release_settings_audit] exit 0 at 2026-05-14T11:00:02.521027+00:00 (duration=0.5s) ===
=== [release_settings_audit] piggy-back fire at 2026-05-14T17:00:01.576242+00:00 ===
{"status": "ok", "ok": true, "checked_fields": ["mode", "interval_minutes", "max_articles_per_run", "due_only", "include_drafts", "preferred_audiences", "last_released_at"]}
=== [release_settings_audit] exit 0 at 2026-05-14T17:00:02.130065+00:00 (duration=0.6s) ===
=== [release_settings_audit] piggy-back fire at 2026-05-14T23:00:01.185425+00:00 ===
{"status": "ok", "ok": true, "checked_fields": ["mode", "interval_minutes", "max_articles_per_run", "due_only", "include_drafts", "preferred_audiences", "last_released_at"]}
=== [release_settings_audit] exit 0 at 2026-05-14T23:00:01.730695+00:00 (duration=0.5s) ===
=== [release_settings_audit] piggy-back fire at 2026-05-15T05:00:01.734726+00:00 ===
{"status": "ok", "ok": true, "checked_fields": ["mode", "interval_minutes", "max_articles_per_run", "due_only", "include_drafts", "preferred_audiences", "last_released_at"]}
=== [release_settings_audit] exit 0 at 2026-05-15T05:00:02.187708+00:00 (duration=0.5s) ===
=== [release_settings_audit] piggy-back fire at 2026-05-15T11:00:14.352605+00:00 ===
=== [release_settings_audit] piggy-back fire at 2026-05-15T11:00:15.927463+00:00 ===
{"status": "ok", "ok": true, "checked_fields": ["mode", "interval_minutes", "max_articles_per_run", "due_only", "include_drafts", "preferred_audiences", "last_released_at"]}
=== [release_settings_audit] exit 0 at 2026-05-15T11:00:17.425035+00:00 (duration=3.1s) ===
{"status": "ok", "ok": true, "checked_fields": ["mode", "interval_minutes", "max_articles_per_run", "due_only", "include_drafts", "preferred_audiences", "last_released_at"]}
=== [release_settings_audit] exit 0 at 2026-05-15T11:00:20.121177+00:00 (duration=4.2s) ===
=== [release_settings_audit] piggy-back fire at 2026-05-15T17:00:11.573846+00:00 ===
{"status": "ok", "ok": true, "checked_fields": ["mode", "interval_minutes", "max_articles_per_run", "due_only", "include_drafts", "preferred_audiences", "last_released_at"]}
=== [release_settings_audit] exit 0 at 2026-05-15T17:00:13.969715+00:00 (duration=2.4s) ===
=== [release_settings_audit] piggy-back fire at 2026-05-15T17:00:14.520312+00:00 ===
{"status": "ok", "ok": true, "checked_fields": ["mode", "interval_minutes", "max_articles_per_run", "due_only", "include_drafts", "preferred_audiences", "last_released_at"]}
=== [release_settings_audit] exit 0 at 2026-05-15T17:00:16.856099+00:00 (duration=2.3s) ===
=== [release_settings_audit] piggy-back fire at 2026-05-15T23:00:17.475181+00:00 ===
=== [release_settings_audit] piggy-back fire at 2026-05-15T23:00:17.529379+00:00 ===
{"status": "ok", "ok": true, "checked_fields": ["mode", "interval_minutes", "max_articles_per_run", "due_only", "include_drafts", "preferred_audiences", "last_released_at"]}
{"status": "ok", "ok": true, "checked_fields": ["mode", "interval_minutes", "max_articles_per_run", "due_only", "include_drafts", "preferred_audiences", "last_released_at"]}
=== [release_settings_audit] exit 0 at 2026-05-15T23:00:17.804215+00:00 (duration=0.3s) ===
=== [release_settings_audit] exit 0 at 2026-05-15T23:00:17.809428+00:00 (duration=0.3s) ===
=== [release_settings_audit] piggy-back fire at 2026-05-16T05:10:08.075432+00:00 ===
{"status": "fixed", "ok": false, "drift_count": 1, "drift": [{"field": "interval_minutes", "local": 180, "remote": 360}], "fix_attempted": true, "fix_ok": true, "drift_after_fix": 0}
=== [release_settings_audit] exit 0 at 2026-05-16T05:10:08.821001+00:00 (duration=0.7s) ===
=== [release_settings_audit] piggy-back fire at 2026-05-16T05:10:21.691868+00:00 ===
{"status": "ok", "ok": true, "checked_fields": ["mode", "interval_minutes", "max_articles_per_run", "due_only", "include_drafts", "preferred_audiences", "last_released_at"]}
=== [release_settings_audit] exit 0 at 2026-05-16T05:10:24.927858+00:00 (duration=3.2s) ===
{"status": "drift_after_fix", "ok": false, "drift_count": 1, "drift": [{"field": "last_released_at", "local": "2026-05-16T10:06:15.592040+00:00", "remote": "2026-05-16T10:06:15.59204+00:00"}], "fix_attempted": true, "fix_ok": true, "drift_after_fix": 1}
=== [release_settings_audit] piggy-back fire at 2026-05-16T16:01:40.035915+00:00 ===
{"status": "drift_after_fix", "ok": false, "drift_count": 1, "drift": [{"field": "last_released_at", "local": "2026-05-16T15:56:38.226900+00:00", "remote": "2026-05-16T15:56:38.2269+00:00"}], "fix_attempted": true, "fix_ok": true, "drift_after_fix": 1}
=== [release_settings_audit] exit 0 at 2026-05-16T16:01:40.605260+00:00 (duration=0.6s) ===
=== [release_settings_audit] piggy-back fire at 2026-05-16T16:02:04.734847+00:00 ===
{"status": "drift_after_fix", "ok": false, "drift_count": 1, "drift": [{"field": "last_released_at", "local": "2026-05-16T15:56:38.226900+00:00", "remote": "2026-05-16T15:56:38.2269+00:00"}], "fix_attempted": true, "fix_ok": true, "drift_after_fix": 1}
=== [release_settings_audit] exit 0 at 2026-05-16T16:02:05.258918+00:00 (duration=0.5s) ===
{"status": "drift_after_fix", "ok": false, "drift_count": 1, "drift": [{"field": "last_released_at", "local": "2026-05-16T15:56:38.226900+00:00", "remote": "2026-05-16T15:56:38.2269+00:00"}], "fix_attempted": true, "fix_ok": true, "drift_after_fix": 1}
=== [release_settings_audit] piggy-back fire at 2026-05-16T17:00:25.562483+00:00 ===
{"status": "ok", "ok": true, "checked_fields": ["mode", "interval_minutes", "max_articles_per_run", "due_only", "include_drafts", "preferred_audiences", "last_released_at"]}
=== [release_settings_audit] exit 0 at 2026-05-16T17:00:31.040099+00:00 (duration=5.5s) ===
{"status": "ok", "ok": true, "checked_fields": ["mode", "interval_minutes", "max_articles_per_run", "due_only", "include_drafts", "preferred_audiences", "last_released_at"]}
=== [release_settings_audit] piggy-back fire at 2026-05-16T23:00:11.066217+00:00 ===
{"status": "ok", "ok": true, "checked_fields": ["mode", "interval_minutes", "max_articles_per_run", "due_only", "include_drafts", "preferred_audiences", "last_released_at"]}
=== [release_settings_audit] exit 0 at 2026-05-16T23:00:11.327216+00:00 (duration=0.3s) ===
{"status": "ok", "ok": true, "checked_fields": ["mode", "interval_minutes", "max_articles_per_run", "due_only", "include_drafts", "preferred_audiences", "last_released_at"]}
=== [release_settings_audit] piggy-back fire at 2026-05-17T05:00:02.205062+00:00 ===
{"status": "ok", "ok": true, "checked_fields": ["mode", "interval_minutes", "max_articles_per_run", "due_only", "include_drafts", "preferred_audiences", "last_released_at"]}
=== [release_settings_audit] exit 0 at 2026-05-17T05:00:02.883691+00:00 (duration=0.7s) ===
{"status": "ok", "ok": true, "checked_fields": ["mode", "interval_minutes", "max_articles_per_run", "due_only", "include_drafts", "preferred_audiences", "last_released_at"]}
=== [release_settings_audit] piggy-back fire at 2026-05-17T11:00:15.880432+00:00 ===
{"status": "ok", "ok": true, "checked_fields": ["mode", "interval_minutes", "max_articles_per_run", "due_only", "include_drafts", "preferred_audiences", "last_released_at"]}
=== [release_settings_audit] exit 0 at 2026-05-17T11:00:16.409017+00:00 (duration=0.5s) ===
{"status": "ok", "ok": true, "checked_fields": ["mode", "interval_minutes", "max_articles_per_run", "due_only", "include_drafts", "preferred_audiences", "last_released_at"]}
=== [release_settings_audit] piggy-back fire at 2026-05-17T17:00:25.118418+00:00 ===
{"status": "ok", "ok": true, "checked_fields": ["mode", "interval_minutes", "max_articles_per_run", "due_only", "include_drafts", "preferred_audiences", "last_released_at"]}
=== [release_settings_audit] exit 0 at 2026-05-17T17:00:28.040976+00:00 (duration=2.9s) ===
=== [release_settings_audit] piggy-back fire at 2026-05-17T20:00:47.308131+00:00 ===
{"status": "ok", "ok": true, "checked_fields": ["mode", "interval_minutes", "max_articles_per_run", "due_only", "include_drafts", "preferred_audiences", "last_released_at"]}
=== [release_settings_audit] exit 0 at 2026-05-17T20:00:47.554626+00:00 (duration=0.2s) ===
{"status": "ok", "ok": true, "checked_fields": ["mode", "interval_minutes", "max_articles_per_run", "due_only", "include_drafts", "preferred_audiences", "last_released_at"]}
=== [release_settings_audit] piggy-back fire at 2026-05-17T23:00:17.906833+00:00 ===
{"status": "ok", "ok": true, "checked_fields": ["mode", "interval_minutes", "max_articles_per_run", "due_only", "include_drafts", "preferred_audiences", "last_released_at"]}
=== [release_settings_audit] exit 0 at 2026-05-17T23:00:20.846142+00:00 (duration=2.9s) ===
{"status": "ok", "ok": true, "checked_fields": ["mode", "interval_minutes", "max_articles_per_run", "due_only", "include_drafts", "preferred_audiences", "last_released_at"]}
=== [release_settings_audit] piggy-back fire at 2026-05-18T05:00:17.877599+00:00 ===
{"status": "ok", "ok": true, "checked_fields": ["mode", "interval_minutes", "max_articles_per_run", "due_only", "include_drafts", "preferred_audiences", "last_released_at"]}
=== [release_settings_audit] exit 0 at 2026-05-18T05:00:18.184421+00:00 (duration=0.3s) ===
{"status": "ok", "ok": true, "checked_fields": ["mode", "interval_minutes", "max_articles_per_run", "due_only", "include_drafts", "preferred_audiences", "last_released_at"]}
=== [release_settings_audit] piggy-back fire at 2026-05-18T11:00:32.775959+00:00 ===
{"status": "ok", "ok": true, "checked_fields": ["mode", "interval_minutes", "max_articles_per_run", "due_only", "include_drafts", "preferred_audiences", "last_released_at"]}
=== [release_settings_audit] exit 0 at 2026-05-18T11:00:33.217828+00:00 (duration=0.4s) ===
{"status": "ok", "ok": true, "checked_fields": ["mode", "interval_minutes", "max_articles_per_run", "due_only", "include_drafts", "preferred_audiences", "last_released_at"]}
=== [release_settings_audit] piggy-back fire at 2026-05-18T17:00:30.709968+00:00 ===
{"status": "ok", "ok": true, "checked_fields": ["mode", "interval_minutes", "max_articles_per_run", "due_only", "include_drafts", "preferred_audiences", "last_released_at"]}
=== [release_settings_audit] exit 0 at 2026-05-18T17:00:31.245072+00:00 (duration=0.5s) ===
{"status": "ok", "ok": true, "checked_fields": ["mode", "interval_minutes", "max_articles_per_run", "due_only", "include_drafts", "preferred_audiences", "last_released_at"]}
=== [release_settings_audit] piggy-back fire at 2026-05-18T23:00:37.003169+00:00 ===
{"status": "ok", "ok": true, "checked_fields": ["mode", "interval_minutes", "max_articles_per_run", "due_only", "include_drafts", "preferred_audiences", "last_released_at"]}
=== [release_settings_audit] exit 0 at 2026-05-18T23:00:37.454976+00:00 (duration=0.5s) ===
{"status": "ok", "ok": true, "checked_fields": ["mode", "interval_minutes", "max_articles_per_run", "due_only", "include_drafts", "preferred_audiences", "last_released_at"]}
=== [release_settings_audit] piggy-back fire at 2026-05-19T05:00:23.878799+00:00 ===
{"status": "ok", "ok": true, "checked_fields": ["mode", "interval_minutes", "max_articles_per_run", "due_only", "include_drafts", "preferred_audiences", "last_released_at"]}
=== [release_settings_audit] exit 0 at 2026-05-19T05:00:24.205762+00:00 (duration=0.3s) ===
{"status": "ok", "ok": true, "checked_fields": ["mode", "interval_minutes", "max_articles_per_run", "due_only", "include_drafts", "preferred_audiences", "last_released_at"]}
=== [release_settings_audit] piggy-back fire at 2026-05-19T11:00:28.459949+00:00 ===
{"status": "ok", "ok": true, "checked_fields": ["mode", "interval_minutes", "max_articles_per_run", "due_only", "include_drafts", "preferred_audiences", "last_released_at"]}
=== [release_settings_audit] exit 0 at 2026-05-19T11:00:30.265106+00:00 (duration=1.8s) ===
{"status": "ok", "ok": true, "checked_fields": ["mode", "interval_minutes", "max_articles_per_run", "due_only", "include_drafts", "preferred_audiences", "last_released_at"]}
=== [release_settings_audit] piggy-back fire at 2026-05-19T17:00:05.570370+00:00 ===
{"status": "ok", "ok": true, "checked_fields": ["mode", "interval_minutes", "max_articles_per_run", "due_only", "include_drafts", "preferred_audiences", "last_released_at"]}
=== [release_settings_audit] exit 0 at 2026-05-19T17:00:05.926184+00:00 (duration=0.4s) ===
{"status": "ok", "ok": true, "checked_fields": ["mode", "interval_minutes", "max_articles_per_run", "due_only", "include_drafts", "preferred_audiences", "last_released_at"]}
=== [release_settings_audit] piggy-back fire at 2026-05-19T23:00:08.600754+00:00 ===
{"status": "ok", "ok": true, "checked_fields": ["mode", "interval_minutes", "max_articles_per_run", "due_only", "include_drafts", "preferred_audiences", "last_released_at"]}
=== [release_settings_audit] exit 0 at 2026-05-19T23:00:13.585060+00:00 (duration=5.0s) ===
=== [release_settings_audit] piggy-back fire at 2026-05-20T05:00:43.053916+00:00 ===
{"status": "ok", "ok": true, "checked_fields": ["mode", "interval_minutes", "max_articles_per_run", "due_only", "include_drafts", "preferred_audiences", "last_released_at"]}
=== [release_settings_audit] exit 0 at 2026-05-20T05:00:44.606429+00:00 (duration=1.6s) ===
{"status": "ok", "ok": true, "checked_fields": ["mode", "interval_minutes", "max_articles_per_run", "due_only", "include_drafts", "preferred_audiences", "last_released_at"]}
=== [release_settings_audit] piggy-back fire at 2026-05-20T11:00:03.739976+00:00 ===
{"status": "ok", "ok": true, "checked_fields": ["mode", "interval_minutes", "max_articles_per_run", "due_only", "include_drafts", "preferred_audiences", "last_released_at"]}
=== [release_settings_audit] exit 0 at 2026-05-20T11:00:04.818791+00:00 (duration=1.1s) ===
