=== [research_backlog_daily] piggy-back fire at 2026-05-12T03:00:01.185531+00:00 ===
=== research-backlog 2026-05-12 11:00:01 ===
[research_backlog] added 5: ['K1307', 'K1308', 'K1309', 'K1310', 'K1311']
=== [research_backlog_daily] exit 0 at 2026-05-12T03:00:01.943316+00:00 (duration=0.8s) ===
=== [research_backlog_daily] piggy-back fire at 2026-05-13T00:00:07.267385+00:00 ===
=== research-backlog 2026-05-13 08:00:07 ===
[research_backlog] no add — all_already_covered_or_in_progress
=== [research_backlog_daily] exit 0 at 2026-05-13T00:00:07.376224+00:00 (duration=0.1s) ===
=== [research_backlog_daily] piggy-back fire at 2026-05-13T00:00:09.903229+00:00 ===
=== research-backlog 2026-05-13 08:00:09 ===
[research_backlog] no add — all_already_covered_or_in_progress
=== [research_backlog_daily] exit 0 at 2026-05-13T00:00:09.987921+00:00 (duration=0.1s) ===
=== [research_backlog_daily] piggy-back fire at 2026-05-14T00:00:08.871025+00:00 ===
=== research-backlog 2026-05-14 08:00:08 ===
[research_backlog] no add — all_already_covered_or_in_progress
=== [research_backlog_daily] exit 0 at 2026-05-14T00:00:09.140018+00:00 (duration=0.3s) ===
=== [research_backlog_daily] piggy-back fire at 2026-05-14T00:00:11.599907+00:00 ===
=== research-backlog 2026-05-14 08:00:11 ===
[research_backlog] no add — all_already_covered_or_in_progress
=== [research_backlog_daily] exit 0 at 2026-05-14T00:00:11.709342+00:00 (duration=0.1s) ===
=== [research_backlog_daily] piggy-back fire at 2026-05-15T00:00:07.281151+00:00 ===
=== research-backlog 2026-05-15 08:00:07 ===
[research_backlog] no add — all_already_covered_or_in_progress
=== [research_backlog_daily] exit 0 at 2026-05-15T00:00:07.529499+00:00 (duration=0.2s) ===
=== [research_backlog_daily] piggy-back fire at 2026-05-15T00:00:10.976154+00:00 ===
=== research-backlog 2026-05-15 08:00:10 ===
[research_backlog] no add — all_already_covered_or_in_progress
=== [research_backlog_daily] exit 0 at 2026-05-15T00:00:11.084872+00:00 (duration=0.1s) ===
=== [research_backlog_daily] piggy-back fire at 2026-05-16T00:00:26.151545+00:00 ===
=== [research_backlog_daily] piggy-back fire at 2026-05-16T00:00:26.207374+00:00 ===
=== research-backlog 2026-05-16 08:00:26 ===
=== research-backlog 2026-05-16 08:00:26 ===
[research_backlog] no add — all_already_covered_or_in_progress
=== [research_backlog_daily] exit 0 at 2026-05-16T00:00:27.940837+00:00 (duration=1.8s) ===
[research_backlog] no add — all_already_covered_or_in_progress
=== [research_backlog_daily] exit 0 at 2026-05-16T00:00:28.222661+00:00 (duration=2.0s) ===
=== research-backlog 2026-05-17 08:00:01 ===
[research_backlog] no add — all_already_covered_or_in_progress
=== [research_backlog_daily] piggy-back fire at 2026-05-17T00:00:13.800435+00:00 ===
=== research-backlog 2026-05-17 08:00:13 ===
[research_backlog] no add — all_already_covered_or_in_progress
=== [research_backlog_daily] exit 0 at 2026-05-17T00:00:15.301669+00:00 (duration=1.5s) ===
=== [research_backlog_daily] piggy-back fire at 2026-05-17T20:00:49.523808+00:00 ===
=== research-backlog 2026-05-18 04:00:49 ===
[research_backlog] added 5: ['K1307', 'K1308', 'K1310', 'K1311', 'K1313']
=== [research_backlog_daily] exit 0 at 2026-05-17T20:00:49.731333+00:00 (duration=0.2s) ===
=== research-backlog 2026-05-18 08:00:01 ===
[research_backlog] added 5: ['K1307', 'K1308', 'K1310', 'K1311', 'K1313']
=== [research_backlog_daily] piggy-back fire at 2026-05-18T00:00:21.823793+00:00 ===
=== research-backlog 2026-05-18 08:00:21 ===
[research_backlog] added 5: ['K1307', 'K1308', 'K1310', 'K1311', 'K1313']
=== [research_backlog_daily] exit 0 at 2026-05-18T00:00:22.070923+00:00 (duration=0.2s) ===
=== research-backlog 2026-05-19 08:00:01 ===
[research_backlog] added 3: ['K1307', 'K1308', 'K1310']
=== [research_backlog_daily] piggy-back fire at 2026-05-19T00:00:35.548169+00:00 ===
=== research-backlog 2026-05-19 08:00:35 ===
[research_backlog] added 2: ['K1307', 'K1308']
=== [research_backlog_daily] exit 0 at 2026-05-19T00:00:35.713394+00:00 (duration=0.2s) ===
=== research-backlog 2026-05-20 08:00:01 ===
[research_backlog] added 2: ['K1307', 'K1308']
=== [research_backlog_daily] piggy-back fire at 2026-05-20T00:00:30.871927+00:00 ===
=== research-backlog 2026-05-20 08:00:30 ===
[research_backlog] added 2: ['K1307', 'K1308']
=== [research_backlog_daily] exit 0 at 2026-05-20T00:00:31.255730+00:00 (duration=0.4s) ===
