{
  "experiment_id": "k1116g",
  "title": "Nested Clark-West increment test \u2014 remaining STABLE-DATA daily signal families (F1 cross-asset vol momentum, F8 yield curve slope, F11 calendar anomaly) of the vix-sufficiency paper",
  "predecessors": [
    "k1116c (weekly F12/F13)",
    "k1116e (daily F2/F4)"
  ],
  "baseline": "fwd_rv22 ~ 1 + VIX_level (M2, restricted)",
  "augmented": "fwd_rv22 ~ 1 + VIX_level + signal_j (nests baseline)",
  "target": "22-day FORWARD realized vol of SPY (annualized, x100)",
  "horizon_H": 22,
  "inference_nw_lag": 21,
  "is_end": "2018-12-31",
  "oos_start": "2019-01-01",
  "embargo_days": 22,
  "harvey_threshold": 3.0,
  "lag_convention": "features = close-of-day-t info set; target accumulates over (t, t+H] strictly after the forecast origin -> no lookahead; same IS/OOS rows for both nested models",
  "table3_dm_targets": {
    "F1": 1.45,
    "F8": 0.84,
    "F11": 0.15,
    "note": "paper Table 3 expanding-window DM |t|; fixed-split DM here is directional cross-check only (cf. k1116e)"
  },
  "references": [
    "Clark-West (2007) JoE 138:291-311",
    "Harvey-Leybourne-Newbold (1997) IJF 13:281-291",
    "Harvey-Liu-Zhu (2016) RFS 29:5-68",
    "Diebold-Mariano (1995) JBES 13:253-263"
  ],
  "families_covered": [
    "F1_cross_asset_vol_momentum",
    "F8_yield_curve_slope",
    "F11_calendar_halloween"
  ],
  "families_still_deferred": [
    "F3_behavioral_pcr",
    "F9_google_trends",
    "F10_overnight_vix"
  ],
  "deferred_reason": "F3/F9/F10 require fragile external data (CBOE put-call, pytrends, intraday VIX open) \u2014 data-provisioning follow-up.",
  "specs": {
    "F1_cross_asset_vol_momentum": {
      "signal_col": "sig_F1_xasset_mom",
      "n_is": 3030,
      "n_oos": 1861,
      "oos_start": "2019-01-02",
      "oos_end": "2026-05-28",
      "is_signal_tstat": 7.023299813339373,
      "mspe_baseline_vixonly": 82.11512139103164,
      "mspe_augmented_vixplus": 81.62259233580818,
      "mspe_adjustment_mean": 1.1911816024041777,
      "dm_mspe": {
        "t": 0.22199272725602773,
        "p_two": 0.8243439154954333,
        "p_one_greater": 0.41217195774771664,
        "n": 1861,
        "hln_factor": 0.9884470349525796,
        "nw_lag": 21,
        "note": "fixed-split DM on squared fwd-RV errors; +t => augmented beats VIX-only; directional cross-check, not exact Table-3 expanding-window DM"
      },
      "clark_west": {
        "t": 0.694256666161975,
        "p_one_greater": 0.24380398141419868,
        "p_two": 0.48760796282839736,
        "hln_factor": 0.9884470349525796,
        "nw_lag": 21,
        "mspe_adjusted_mean": 1.6837106576276168,
        "note": "one-sided H1: VIX+signal improves on VIX; |t|>3.0 => Harvey pass"
      },
      "harvey_pass_cw": false,
      "verdict": "CW FAILS to reject: no incremental value beyond VIX (sufficiency holds under the MORE-POWERFUL nested CW test)"
    },
    "F8_yield_curve_slope": {
      "signal_col": "sig_F8_yield_slope",
      "n_is": 6506,
      "n_oos": 1861,
      "oos_start": "2019-01-02",
      "oos_end": "2026-05-28",
      "is_signal_tstat": -4.238376829954598,
      "mspe_baseline_vixonly": 81.62978298092507,
      "mspe_augmented_vixplus": 81.85654884039776,
      "mspe_adjustment_mean": 0.3239048658447566,
      "dm_mspe": {
        "t": -0.24825261761403086,
        "p_two": 0.8039663616832504,
        "p_one_greater": 0.5980168191583748,
        "n": 1861,
        "hln_factor": 0.9884470349525796,
        "nw_lag": 21,
        "note": "fixed-split DM on squared fwd-RV errors; +t => augmented beats VIX-only; directional cross-check, not exact Table-3 expanding-window DM"
      },
      "clark_west": {
        "t": 0.10633795489789445,
        "p_one_greater": 0.45766284287402215,
        "p_two": 0.9153256857480443,
        "hln_factor": 0.9884470349525796,
        "nw_lag": 21,
        "mspe_adjusted_mean": 0.09713900637206856,
        "note": "one-sided H1: VIX+signal improves on VIX; |t|>3.0 => Harvey pass"
      },
      "harvey_pass_cw": false,
      "verdict": "CW FAILS to reject: no incremental value beyond VIX (sufficiency holds under the MORE-POWERFUL nested CW test)"
    },
    "F11_calendar_halloween": {
      "signal_col": "sig_F11_halloween",
      "n_is": 6506,
      "n_oos": 1861,
      "oos_start": "2019-01-02",
      "oos_end": "2026-05-28",
      "is_signal_tstat": 4.776543652632286,
      "mspe_baseline_vixonly": 81.62978298092507,
      "mspe_augmented_vixplus": 82.66615317564707,
      "mspe_adjustment_mean": 0.13571770607603473,
      "dm_mspe": {
        "t": -1.7204446581087955,
        "p_two": 0.08551796786774668,
        "p_one_greater": 0.9572410160661267,
        "n": 1861,
        "hln_factor": 0.9884470349525796,
        "nw_lag": 21,
        "note": "fixed-split DM on squared fwd-RV errors; +t => augmented beats VIX-only; directional cross-check, not exact Table-3 expanding-window DM"
      },
      "clark_west": {
        "t": -1.4951004612268548,
        "p_one_greater": 0.9324710700835078,
        "p_two": 0.13505785983298435,
        "hln_factor": 0.9884470349525796,
        "nw_lag": 21,
        "mspe_adjusted_mean": -0.900652488645962,
        "note": "one-sided H1: VIX+signal improves on VIX; |t|>3.0 => Harvey pass"
      },
      "harvey_pass_cw": false,
      "verdict": "CW FAILS to reject: no incremental value beyond VIX (sufficiency holds under the MORE-POWERFUL nested CW test)"
    }
  }
}

[written] /Users/yhlai0911/volpred-research/experiments/k1116g/k1116g_results.json
