
========================================================================
K1172: N>=13 cross-market ladder extension (+MX/ZA/ID over K1168)
========================================================================

[panel] rows: 185 - {'TW': 31, 'US': 30, 'JP': 30, 'EU': 19, 'KR': 10, 'CA': 10, 'BR': 10, 'CH': 10, 'IN': 10, 'MX': 10, 'ID': 10, 'HK': 5}
[K1172 new converged]: ['MX', 'ID']
[K1172 new dropped]: ['ZA']
  -> ZA dropped: yfinance earnings coverage for JSE Top 40 is 0-4 events per ticker, all 10 fell below >=15 filter. UNDERPOWERED.

Per-market summary:
         n  theta_eav_mean  theta_eav_median  sigma2_sample_mean  analyst_median  market_cap_median  log_mcap_median  institutions_pct_mean  institutions_pct_median  pooled_theta_eav  pooled_theta_eav_t  theta_rel
market                                                                                                                                                                                                               
BR      10        0.001680          0.000791            0.000647            13.0       1.911760e+11        25.966856               0.485622                 0.484825          0.001220           10.522055   1.886705
CA      10        0.000360          0.000105            0.000216            14.5       1.301472e+11        25.591141               0.551501                 0.530065          0.000313           10.272994   1.448405
CH      10        0.000351          0.000349            0.000352             NaN       5.474078e+11        26.985204               0.156900                 0.164630          0.000107            5.275428   0.303738
EU      19        0.000661          0.000242            0.000291            21.0       1.167161e+11        25.471210               0.415821                 0.407700          0.000041           10.030000   0.140000
HK       5        0.000247          0.000125            0.000290            17.0       2.388137e+12        28.501535               0.260677                 0.210880          0.000052            2.411236   0.179562
ID      10        0.000428          0.000364            0.000407            20.0       1.707472e+14        32.626418               0.153744                 0.169580          0.000097            4.902426   0.237653
IN      10        0.000698          0.000609            0.000278            37.0       9.310789e+12        29.861427               0.382843                 0.394680          0.000325           13.276211   1.169647
JP      30        0.001019          0.000762            0.000364            14.5       9.899296e+12        29.923456               0.425083                 0.433995          0.000141           20.160000   0.390000
KR      10        0.000077          0.000081            0.000459            25.5       5.176361e+13        31.574097               0.365205                 0.348070          0.000127            2.686601   0.275709
MX      10        0.000660          0.000300            0.000345            13.0       4.383392e+11        26.778987               0.195478                 0.185140          0.000415           11.261739   1.201737
TW      31        0.000379          0.000085            0.000380             7.5       3.271991e+11        26.513835               0.246967                 0.249310          0.000064           14.140000   0.170000
US      30        0.002019          0.000232            0.000326            32.5       4.430608e+11        26.816881               0.749664                 0.758265          0.000191           22.390000   0.590000

Cross-market Spearman (N=12):
  institutions_pct_vs_theta_rel: rho=+0.441, p=0.1517, n=12
  analyst_median_vs_theta_rel: rho=-0.137, p=0.6879, n=11
  log_mcap_median_vs_theta_rel: rho=-0.154, p=0.6331, n=12

[panel_valid] n=172 - markets: {'TW': 30, 'US': 30, 'JP': 30, 'EU': 18, 'KR': 10, 'CA': 10, 'BR': 10, 'IN': 10, 'ID': 10, 'MX': 9, 'HK': 5}

Panel OLS (market FE + log_mcap):
  analyst_only: R2=0.212, n=172
    log_analyst: beta=+1.122e-03, t=+4.06, p=0.000
    log_mcap: beta=-2.470e-04, t=-1.43, p=0.154
  inst_only: R2=0.159, n=172
    institutions_pct: beta=-1.325e-03, t=-0.88, p=0.382
    log_mcap: beta=-5.598e-06, t=-0.03, p=0.973
  joint: R2=0.237, n=172
    log_analyst: beta=+1.278e-03, t=+3.79, p=0.000
    institutions_pct: beta=-2.149e-03, t=-1.32, p=0.188
    log_mcap: beta=-2.523e-04, t=-1.53, p=0.127

Within-market (demeaned) Pearson:
  log_analyst_x_theta_eav: r=+0.231, p=0.002, n=172
  institutions_pct_x_theta_eav: r=-0.109, p=0.155, n=172
  log_analyst_x_institutions_pct: r=+0.236, p=0.002, n=172

Two-level R2 decomposition:
  between-market (N=11): {'institutions_pct': 0.4320212873384225, 'log_analyst': 0.026602489239720306, 'log_mcap': 0.1174459740520325}
  within-market  (N=172): {'log_analyst': 0.05327628932900952, 'institutions_pct': 0.01184109490829044, 'log_mcap': 0.00021449174258569847}

Leave-one-out (drop each market, N=11 each):
  drop BR: rho=+0.318, p=0.3403
  drop CA: rho=+0.318, p=0.3403
  drop CH: rho=+0.436, p=0.1797
  drop EU: rho=+0.564, p=0.0710
  drop HK: rho=+0.464, p=0.1509
  drop ID: rho=+0.400, p=0.2229
  drop IN: rho=+0.455, p=0.1601
  drop JP: rho=+0.364, p=0.2716
  drop KR: rho=+0.427, p=0.1899
  drop MX: rho=+0.609, p=0.0467
  drop TW: rho=+0.464, p=0.1509
  drop US: rho=+0.427, p=0.1899

===== VERDICT: PARTIAL =====
rho=+0.441, p=0.1517 at N=12. Direction positive but magnitude decayed — signal partial.

[figures] wrote scatter + panel_forest + delta_barplot
[csv] wrote k1172_per_stock_table.csv (n=172)
[json] wrote k1172_results.json
