HTTP Error 404: {"quoteSummary":{"result":null,"error":{"code":"Not Found","description":"Quote not found for symbol: ALFAA.MX"}}}
$ALFAA.MX: possibly delisted; no timezone found

1 Failed download:
['ALFAA.MX']: possibly delisted; no timezone found
HTTP Error 404: {"quoteSummary":{"result":null,"error":{"code":"Not Found","description":"Quote not found for symbol: ALFAA.MX"}}}
HTTP Error 404: {"quoteSummary":{"result":null,"error":{"code":"Not Found","description":"Quote not found for symbol: ALFAA.MX"}}}

[MX] n=10
  [01/10] WALMEX.MX price rows=3016
          earnings n=86
          analyst_count=18 mcap=973378617344
  [02/10] AMXB.MX price rows=3016
          earnings n=81
          analyst_count=11 mcap=1368592089088
  [03/10] GFNORTEO.MX price rows=3016
          earnings n=87
          analyst_count=15 mcap=539330838528
  [04/10] FEMSAUBD.MX price rows=3016
          earnings n=84
          analyst_count=13 mcap=831899500544
  [05/10] CEMEXCPO.MX price rows=3016
          earnings n=80
          analyst_count=7 mcap=310869622784
  [06/10] BIMBOA.MX price rows=3016
          earnings n=81
          analyst_count=12 mcap=247178395648
  [07/10] GMEXICOB.MX price rows=3016
          earnings n=88
          analyst_count=14 mcap=1632981483520
  [08/10] KOFUBL.MX price rows=1691
          earnings n=28
          analyst_count=14 mcap=337347608576
  [09/10] TLEVISACPO.MX price rows=3016
          earnings n=78
          analyst_count=6 mcap=31764469760
  [10/10] ALFAA.MX PRICE FAIL
          earnings n=80
          analyst_count=None mcap=None

[ZA] n=10
  [01/10] NPN.JO price rows=3037
          earnings n=0
          analyst_count=9 mcap=728268472320
  [02/10] BHG.JO price rows=977
          earnings n=0
          analyst_count=4 mcap=3314490015744
  [03/10] AGL.JO price rows=3037
          earnings n=0
          analyst_count=4 mcap=866497658880
  [04/10] SOL.JO price rows=3037
          earnings n=0
          analyst_count=9 mcap=123338039296
  [05/10] MTN.JO price rows=3037
          earnings n=4
          analyst_count=8 mcap=365678002176
  [06/10] SBK.JO price rows=3037
          earnings n=0
          analyst_count=9 mcap=523072733184
  [07/10] FSR.JO price rows=3037
          earnings n=1
          analyst_count=9 mcap=513217462272
  [08/10] ABG.JO price rows=3037
          earnings n=0
          analyst_count=9 mcap=208627597312
  [09/10] SLM.JO price rows=3037
          earnings n=0
          analyst_count=8 mcap=188600303616
  [10/10] CPI.JO price rows=3037
          earnings n=0
          analyst_count=9 mcap=512458129408

[ID] n=10
  [01/10] BBCA.JK price rows=2955
          earnings n=78
          analyst_count=23 mcap=790358740959232
  [02/10] BBRI.JK price rows=2955
          earnings n=80
          analyst_count=21 mcap=519847372914688
  [03/10] TLKM.JK price rows=2954
          earnings n=74
          analyst_count=21 mcap=307092879572992
  [04/10] ASII.JK price rows=2954
          earnings n=82
          analyst_count=20 mcap=256362453925888
  [05/10] UNVR.JK price rows=2955
          earnings n=82
          analyst_count=17 mcap=70834999787520
  [06/10] ICBP.JK price rows=2954
          earnings n=60
          analyst_count=20 mcap=85131930894336
  [07/10] BMRI.JK price rows=2955
          earnings n=78
          analyst_count=22 mcap=431199986122752
  [08/10] ADRO.JK price rows=2954
          earnings n=59
          analyst_count=9 mcap=73729262485504
  [09/10] GGRM.JK price rows=2954
          earnings n=65
          analyst_count=9 mcap=28043584208896
  [10/10] INDF.JK price rows=2955
          earnings n=67
          analyst_count=13 mcap=61243473788928

[K1172-fetch] wrote earnings_dates_k1172.json / institutional_ownership_k1172.json / ticker_info_k1172.json
