
[BR] n=10
  [01/10] VALE3.SA price rows=2985
          earnings n=45
          analyst_count=12 mcap=371533119488
  [02/10] ITUB4.SA price rows=2985
          earnings n=87
          analyst_count=13 mcap=505990610944
  [03/10] PETR4.SA price rows=2985
          earnings n=85
          analyst_count=13 mcap=675932667904
  [04/10] BBDC4.SA price rows=2985
          earnings n=86
          analyst_count=13 mcap=217545261056
  [05/10] BBAS3.SA price rows=2985
          earnings n=85
          analyst_count=13 mcap=141339443200
  [06/10] ABEV3.SA price rows=2985
          earnings n=50
          analyst_count=18 mcap=249744523264
  [07/10] B3SA3.SA price rows=2985
          earnings n=70
          analyst_count=14 mcap=97057882112
  [08/10] ITSA4.SA price rows=2985
          earnings n=75
          analyst_count=7 mcap=164806803456
  [09/10] MGLU3.SA price rows=2985
          earnings n=54
          analyst_count=13 mcap=7250355200
  [10/10] RENT3.SA price rows=2985
          earnings n=82
          analyst_count=15 mcap=51618975744

[CH] n=10
  [01/10] 600519.SS price rows=2916
          earnings n=69
          analyst_count=None mcap=1807414198272
  [02/10] 601398.SS price rows=2916
          earnings n=60
          analyst_count=None mcap=2626714075136
  [03/10] 601318.SS price rows=2916
          earnings n=49
          analyst_count=None mcap=1045716336640
  [04/10] 600036.SS price rows=2916
          earnings n=53
          analyst_count=None mcap=1006491009024
  [05/10] 600276.SS price rows=2916
          earnings n=59
          analyst_count=None mcap=367481028608
  [06/10] 600887.SS price rows=2916
          earnings n=60
          analyst_count=None mcap=164206362624
  [07/10] 601166.SS price rows=2916
          earnings n=61
          analyst_count=None mcap=389819826176
  [08/10] 600030.SS price rows=2916
          earnings n=60
          analyst_count=None mcap=386668068864
  [09/10] 600028.SS price rows=2916
          earnings n=58
          analyst_count=None mcap=704995721216
  [10/10] 600585.SS price rows=2916
          earnings n=71
          analyst_count=None mcap=120082194432

[IN] n=10
  [01/10] RELIANCE.NS price rows=2959
          earnings n=76
          analyst_count=34 mcap=17796553506816
  [02/10] TCS.NS price rows=2959
          earnings n=86
          analyst_count=43 mcap=8946083430400
  [03/10] HDFCBANK.NS price rows=2959
          earnings n=83
          analyst_count=38 mcap=12233024208896
  [04/10] INFY.NS price rows=2959
          earnings n=86
          analyst_count=40 mcap=5166748663808
  [05/10] ICICIBANK.NS price rows=2959
          earnings n=83
          analyst_count=39 mcap=9675494916096
  [06/10] SBIN.NS price rows=2959
          earnings n=85
          analyst_count=39 mcap=9817223593984
  [07/10] BHARTIARTL.NS price rows=2959
          earnings n=83
          analyst_count=32 mcap=11396535287808
  [08/10] HINDUNILVR.NS price rows=2959
          earnings n=84
          analyst_count=36 mcap=4998776225792
  [09/10] ITC.NS price rows=2959
          earnings n=81
          analyst_count=33 mcap=3741925769216
  [10/10] KOTAKBANK.NS price rows=2959
          earnings n=61
          analyst_count=35 mcap=3698728632320

[K1168-fetch] wrote earnings_dates_k1168.json / institutional_ownership_k1168.json / ticker_info_k1168.json
