[K1171-fetch] ALPHA_VANTAGE_API_KEY set: False
[VIX] rows=3017

[01/10] BHP.AX
  price rows=3037
  earnings events=22 (ALPHAV=0, HAND_CODED=22)
  analyst_count=15 mcap=284112191488

[02/10] CBA.AX
  price rows=3037
  earnings events=22 (ALPHAV=0, HAND_CODED=22)
  analyst_count=14 mcap=298022600704

[03/10] CSL.AX
  price rows=3037
  earnings events=22 (ALPHAV=0, HAND_CODED=22)
  analyst_count=16 mcap=66551787520

[04/10] NAB.AX
  price rows=3037
  earnings events=21 (ALPHAV=0, HAND_CODED=21)
  analyst_count=14 mcap=130014429184

[05/10] ANZ.AX
  price rows=3037
  earnings events=21 (ALPHAV=0, HAND_CODED=21)
  analyst_count=14 mcap=113143865344

[06/10] WBC.AX
  price rows=3037
  earnings events=21 (ALPHAV=0, HAND_CODED=21)
  analyst_count=14 mcap=135812513792

[07/10] WES.AX
  price rows=3037
  earnings events=22 (ALPHAV=0, HAND_CODED=22)
  analyst_count=14 mcap=82705342464

[08/10] MQG.AX
  price rows=3037
  earnings events=21 (ALPHAV=0, HAND_CODED=21)
  analyst_count=13 mcap=91427479552

[09/10] TLS.AX
  price rows=3037
  earnings events=22 (ALPHAV=0, HAND_CODED=22)
  analyst_count=13 mcap=59894308864

[10/10] RIO.AX
  price rows=3037
  earnings events=22 (ALPHAV=0, HAND_CODED=22)
  analyst_count=15 mcap=282463043584

[K1171-fetch] total past events=216 (ALPHAV=0, HAND_CODED=216)
[K1171-fetch] wrote earnings_dates_k1171.json + earnings_provenance_k1171.json + k1171_asx_earnings_dates.csv + institutional_ownership_k1171.json + ticker_info_k1171.json
