
========================================================================
K1216: K1213 multistart applied to BR / IN / MX
100 random starts per market, seeds 43..142
========================================================================

========================================================================
[K1216 BR] loading stocks
========================================================================
[BR] loaded 10/10 stocks
   VALE3.SA: n_obs=2984, n_events=43, sigma2=6.772e-04
   ITUB4.SA: n_obs=2984, n_events=49, sigma2=3.696e-04
   PETR4.SA: n_obs=2983, n_events=48, sigma2=8.338e-04
   BBDC4.SA: n_obs=2984, n_events=49, sigma2=4.850e-04
   BBAS3.SA: n_obs=2984, n_events=49, sigma2=6.533e-04
   ABEV3.SA: n_obs=2984, n_events=49, sigma2=2.667e-04
   B3SA3.SA: n_obs=2984, n_events=49, sigma2=5.527e-04
   ITSA4.SA: n_obs=2984, n_events=48, sigma2=3.242e-04
   MGLU3.SA: n_obs=2983, n_events=46, sigma2=1.645e-03
   RENT3.SA: n_obs=2984, n_events=49, sigma2=6.575e-04
[BR] S=10 mean_sigma2=6.465e-04 vix2_mean=3.684e+02
[BR] canonical theta_eav=1.220e-03 theta_rel=1.887 LL=72213.52
  [start 10/100] converged=8/10 elapsed=2.5s
  [start 20/100] converged=17/20 elapsed=7.0s
  [start 30/100] converged=26/30 elapsed=11.0s
  [start 40/100] converged=33/40 elapsed=14.3s
  [start 50/100] converged=42/50 elapsed=17.7s
  [start 60/100] converged=50/60 elapsed=21.0s
  [start 70/100] converged=58/70 elapsed=24.5s
  [start 80/100] converged=63/80 elapsed=27.5s
  [start 90/100] converged=71/90 elapsed=31.3s
  [start 100/100] converged=79/100 elapsed=34.5s
[BR] fits done in 34.5s
[BR] converged = 79/100
[BR] basin stats: A frac=0.23 theta_mean=-0.0004725716674536256 ll_max=69539.377854281 | B frac=0.77 theta_mean=0.0007072322768443243 ll_max=72009.42465828283
[BR] best LL theta_eav=9.884e-04 LL=72009.42 basin=B theta_rel=1.529
[BR] SE: Hessian=9.563034894242123e-05 t=10.335857301751952; HAC=0.000305057228640459 t=3.2401187304778376
[BR] running NM + DE sensitivity...
[BR] NOTE: DE landed in penalty trap (LL=-10000000000000.0), excluded from sens delta
[BR] NM theta_eav=0.0017400602491512006 LL=72286.35047606239
[BR] DE theta_eav=0.006841456817669467 LL=-10000000000000.0
[BR] max sensitivity delta (valid LL only) = 76.0%
[BR] REFINED best LL from Nelder-Mead: theta_eav=1.740e-03 LL=72286.35 theta_rel=2.691
[BR] LR = 2*(LL_refined - LL_canonical) = 2*(72286.35 - 72213.52) = +145.66
[BR] VERDICT: FRAGILE (LL gap refined-canon=+72.83, theta_shift=42.7%, sens=76.0%)

========================================================================
[K1216 IN] loading stocks
========================================================================
[IN] loaded 10/10 stocks
   RELIANCE.NS: n_obs=2958, n_events=49, sigma2=2.847e-04
   TCS.NS: n_obs=2958, n_events=49, sigma2=2.187e-04
   HDFCBANK.NS: n_obs=2958, n_events=49, sigma2=1.915e-04
   INFY.NS: n_obs=2958, n_events=49, sigma2=2.768e-04
   ICICIBANK.NS: n_obs=2958, n_events=49, sigma2=3.610e-04
   SBIN.NS: n_obs=2958, n_events=49, sigma2=4.146e-04
   BHARTIARTL.NS: n_obs=2958, n_events=48, sigma2=3.312e-04
   HINDUNILVR.NS: n_obs=2958, n_events=49, sigma2=1.935e-04
   ITC.NS: n_obs=2958, n_events=49, sigma2=2.340e-04
   KOTAKBANK.NS: n_obs=2958, n_events=49, sigma2=2.712e-04
[IN] S=10 mean_sigma2=2.777e-04 vix2_mean=3.699e+02
[IN] canonical theta_eav=3.248e-04 theta_rel=1.170 LL=81844.51
  [start 10/100] converged=7/10 elapsed=2.5s
  [start 20/100] converged=16/20 elapsed=6.2s
  [start 30/100] converged=25/30 elapsed=9.1s
  [start 40/100] converged=32/40 elapsed=11.5s
  [start 50/100] converged=41/50 elapsed=15.9s
  [start 60/100] converged=51/60 elapsed=19.2s
  [start 70/100] converged=60/70 elapsed=22.7s
  [start 80/100] converged=65/80 elapsed=24.7s
  [start 90/100] converged=72/90 elapsed=28.9s
  [start 100/100] converged=80/100 elapsed=32.6s
[IN] fits done in 32.6s
[IN] converged = 80/100
[IN] basin stats: A frac=0.61 theta_mean=6.803431551824758e-05 ll_max=81831.36291398935 | B frac=0.39 theta_mean=0.0006449479460249906 ll_max=81947.32125580595
[IN] best LL theta_eav=7.730e-04 LL=81947.32 basin=B theta_rel=2.783
[IN] SE: Hessian=6.611716436714536e-05 t=11.690813033673352; HAC=0.00011739899421010307 t=6.584071798346182
[IN] running NM + DE sensitivity...
[IN] NOTE: DE landed in penalty trap (LL=-10000000000000.0), excluded from sens delta
[IN] NM theta_eav=0.0008545671405587751 LL=82049.89162776791
[IN] DE theta_eav=0.00293895893563322 LL=-10000000000000.0
[IN] max sensitivity delta (valid LL only) = 10.6%
[IN] REFINED best LL from Nelder-Mead: theta_eav=8.546e-04 LL=82049.89 theta_rel=3.077
[IN] LR = 2*(LL_refined - LL_canonical) = 2*(82049.89 - 81844.51) = +410.76
[IN] VERDICT: FRAGILE (LL gap refined-canon=+205.38, theta_shift=163.1%, sens=10.6%)

========================================================================
[K1216 MX] loading stocks
========================================================================
[MX] loaded 10/10 stocks
   WALMEX.MX: n_obs=3015, n_events=49, sigma2=2.478e-04
   AMXB.MX: n_obs=3015, n_events=49, sigma2=2.720e-04
   GFNORTEO.MX: n_obs=3015, n_events=49, sigma2=4.093e-04
   FEMSAUBD.MX: n_obs=3015, n_events=49, sigma2=1.996e-04
   CEMEXCPO.MX: n_obs=3015, n_events=48, sigma2=5.102e-04
   BIMBOA.MX: n_obs=3015, n_events=49, sigma2=3.411e-04
   GMEXICOB.MX: n_obs=3015, n_events=49, sigma2=4.331e-04
   KOFUBL.MX: n_obs=1690, n_events=27, sigma2=2.181e-04
   TLEVISACPO.MX: n_obs=3015, n_events=49, sigma2=5.688e-04
   GRUMAB.MX: n_obs=3015, n_events=49, sigma2=2.534e-04
[MX] S=10 mean_sigma2=3.453e-04 vix2_mean=3.740e+02
[MX] canonical theta_eav=4.150e-04 theta_rel=1.202 LL=75932.06
  [start 10/100] converged=6/10 elapsed=3.2s
  [start 20/100] converged=14/20 elapsed=6.7s
  [start 30/100] converged=22/30 elapsed=10.2s
  [start 40/100] converged=27/40 elapsed=13.5s
  [start 50/100] converged=33/50 elapsed=17.5s
  [start 60/100] converged=41/60 elapsed=21.5s
  [start 70/100] converged=48/70 elapsed=24.3s
  [start 80/100] converged=52/80 elapsed=27.1s
  [start 90/100] converged=58/90 elapsed=32.1s
  [start 100/100] converged=64/100 elapsed=36.4s
[MX] fits done in 36.4s
[MX] converged = 64/100
[MX] basin stats: A frac=0.45 theta_mean=0.00012196497946581205 ll_max=75887.85091767288 | B frac=0.55 theta_mean=0.0006364133241703017 ll_max=75951.64505654121
[MX] best LL theta_eav=5.379e-04 LL=75951.65 basin=B theta_rel=1.558
[MX] SE: Hessian=4.870310147631601e-05 t=11.04423837039329; HAC=0.00014364082750542348 t=3.7446781073548054
[MX] running NM + DE sensitivity...
[MX] NOTE: DE landed in penalty trap (LL=-10000000000000.0), excluded from sens delta
[MX] NM theta_eav=0.0006371959914909641 LL=76105.69344592794
[MX] DE theta_eav=0.003654510245394627 LL=-10000000000000.0
[MX] max sensitivity delta (valid LL only) = 18.5%
[MX] REFINED best LL from Nelder-Mead: theta_eav=6.372e-04 LL=76105.69 theta_rel=1.845
[MX] LR = 2*(LL_refined - LL_canonical) = 2*(76105.69 - 75932.06) = +347.27
[MX] VERDICT: FRAGILE (LL gap refined-canon=+173.63, theta_shift=53.5%, sens=18.5%)

[cross-market] corrections to apply (fragile/borderline): {'BR': 2.6914795573371695, 'IN': 3.077004003464291, 'MX': 1.8450971628977357}

[Spearman rebuilds]
  baseline K1172 N=12: rho=+0.441 p=0.1517 n=12
  K1216 verdict-based EM N=12: rho=+0.364 p=0.2453 n=12
  K1216 verdict-based EM + K1213 AU N=13: rho=+0.341 p=0.2547 n=13
  K1216 ALL EM best-LL N=12: rho=+0.364 p=0.2453 n=12
  K1216 ALL EM + K1213 AU N=13: rho=+0.341 p=0.2547 n=13

[Harvey t per scenario]
  baseline_k1172: t=1.5518936131087622
  k1216_verdict_em_n12: t=1.2344267996967355
  k1216_verdict_em_k1213_au_n13: t=1.2017178050857487
  k1216_all_em_n12: t=1.2344267996967355
  k1216_all_em_k1213_au_n13: t=1.2017178050857487

===== CROSS-MARKET VERDICT: WIDESPREAD_FRAGILITY =====
3+ EM markets show optimizer fragility (FRAGILE=['BR', 'IN', 'MX'], BORDERLINE=[]). The K1168/K1172 EM pooled fits appear broadly stuck in secondary local minima under the shared-MIDAS + stock-FE-GJR spec. Paper 2 Section 5 requires MAJOR trajectory revision: the K1165->K1168->K1172 rho decay trajectory is likely driven by numerical artefacts, not by a real cross-market institutional-ownership effect at EM level.

[figures] wrote per-market basin histograms + cross-market trajectory.png
[csv] wrote k1216_multistart_results.csv (300 rows)
[csv] wrote k1216_per_market_summary.csv

[json] wrote k1216_results.json
[done] total 108.5s
