======================================================================
K1116d: TRUE ALFRED first-release vintage fetch (FRED API output_type=4)
======================================================================

[STLFSI] cadence=weekly_fri  chain=['STLFSI', 'STLFSI2', 'STLFSI3', 'STLFSI4']
    STLFSI  obs 2017-12-01..2020-04-30  rt 2017-12-01..2020-04-30
    STLFSI2  obs 2020-04-01..2022-01-31  rt 2020-04-01..2022-01-31
    STLFSI3  obs 2022-01-15..2022-11-30  rt 2022-01-15..2022-11-30
    STLFSI4  obs 2022-11-01..2026-04-13  rt 2022-11-01..2026-04-13
  fetched 432 first-release rows  DATE 2017-12-01..2026-04-03  REL  2017-12-07..2026-04-08
  weekly PIT: 437 rows

[NFCI] cadence=weekly_fri  chain=['NFCI']
    NFCI  obs 2017-12-01..2026-04-13  rt 2017-12-01..2026-04-13
  fetched 436 first-release rows  DATE 2017-12-01..2026-04-03  REL  2017-12-06..2026-04-08
  weekly PIT: 437 rows

[ANFCI] cadence=weekly_fri  chain=['ANFCI']
    ANFCI  obs 2017-12-01..2026-04-13  rt 2017-12-01..2026-04-13
  fetched 436 first-release rows  DATE 2017-12-01..2026-04-03  REL  2017-12-06..2026-04-08
  weekly PIT: 437 rows

[USEPU] cadence=daily  chain=['USEPUINDXD']
    USEPUINDXD  obs 2017-12-01..2018-06-01  rt 2017-12-01..2018-06-15
    USEPUINDXD  obs 2018-06-02..2018-12-02  rt 2018-06-02..2018-12-16
    USEPUINDXD  obs 2018-12-03..2019-06-03  rt 2018-12-03..2019-06-17
    USEPUINDXD  obs 2019-06-04..2019-12-04  rt 2019-06-04..2019-12-18
    USEPUINDXD  obs 2019-12-05..2020-06-05  rt 2019-12-05..2020-06-19
    USEPUINDXD  obs 2020-06-06..2020-12-06  rt 2020-06-06..2020-12-20
    USEPUINDXD  obs 2020-12-07..2021-06-07  rt 2020-12-07..2021-06-21
    USEPUINDXD  obs 2021-06-08..2021-12-08  rt 2021-06-08..2021-12-22
    USEPUINDXD  obs 2021-12-09..2022-06-09  rt 2021-12-09..2022-06-23
    USEPUINDXD  obs 2022-06-10..2022-12-10  rt 2022-06-10..2022-12-24
    USEPUINDXD  obs 2022-12-11..2023-06-11  rt 2022-12-11..2023-06-25
    USEPUINDXD  obs 2023-06-12..2023-12-12  rt 2023-06-12..2023-12-26
    USEPUINDXD  obs 2023-12-13..2024-06-13  rt 2023-12-13..2024-06-27
    USEPUINDXD  obs 2024-06-14..2024-12-14  rt 2024-06-14..2024-12-28
    USEPUINDXD  obs 2024-12-15..2025-06-15  rt 2024-12-15..2025-06-29
    USEPUINDXD  obs 2025-06-16..2025-12-16  rt 2025-06-16..2025-12-30
    USEPUINDXD  obs 2025-12-17..2026-04-13  rt 2025-12-17..2026-04-27
  fetched 3056 first-release rows  DATE 2017-12-01..2026-04-13  REL  2017-12-01..2026-04-14
  weekly PIT: 439 rows

[WLEMU] cadence=daily  chain=['WLEMUINDXD']
    WLEMUINDXD  obs 2017-12-01..2018-06-01  rt 2017-12-01..2018-06-15
    WLEMUINDXD  obs 2018-06-02..2018-12-02  rt 2018-06-02..2018-12-16
    WLEMUINDXD  obs 2018-12-03..2019-06-03  rt 2018-12-03..2019-06-17
    WLEMUINDXD  obs 2019-06-04..2019-12-04  rt 2019-06-04..2019-12-18
    WLEMUINDXD  obs 2019-12-05..2020-06-05  rt 2019-12-05..2020-06-19
    WLEMUINDXD  obs 2020-06-06..2020-12-06  rt 2020-06-06..2020-12-20
    WLEMUINDXD  obs 2020-12-07..2021-06-07  rt 2020-12-07..2021-06-21
    WLEMUINDXD  obs 2021-06-08..2021-12-08  rt 2021-06-08..2021-12-22
    WLEMUINDXD  obs 2021-12-09..2022-06-09  rt 2021-12-09..2022-06-23
    WLEMUINDXD  obs 2022-06-10..2022-12-10  rt 2022-06-10..2022-12-24
    WLEMUINDXD  obs 2022-12-11..2023-06-11  rt 2022-12-11..2023-06-25
    WLEMUINDXD  obs 2023-06-12..2023-12-12  rt 2023-06-12..2023-12-26
    WLEMUINDXD  obs 2023-12-13..2024-06-13  rt 2023-12-13..2024-06-27
    WLEMUINDXD  obs 2024-06-14..2024-12-14  rt 2024-06-14..2024-12-28
    WLEMUINDXD  obs 2024-12-15..2025-06-15  rt 2024-12-15..2025-06-29
    WLEMUINDXD  obs 2025-06-16..2025-12-16  rt 2025-06-16..2025-12-30
    WLEMUINDXD  obs 2025-12-17..2026-04-13  rt 2025-12-17..2026-04-27
  fetched 3056 first-release rows  DATE 2017-12-01..2026-04-13  REL  2017-12-01..2026-04-14
  weekly PIT: 439 rows

Fetch log saved: /Users/yhlai0911/Desktop/volpred-research/experiments/k1116d/data/fetch_log.json

Fetching revision-corrected (fredgraph) for comparison snapshots...
  STLFSI revised snapshot: cached 437 rows
  NFCI revised snapshot: cached 437 rows
  ANFCI revised snapshot: cached 437 rows
  USEPU revised snapshot: cached 3056 rows
  WLEMU revised snapshot: cached 3056 rows
======================================================================
