
========================================================================
K1149: Pooled EAV vs PCA systematic factor competition
========================================================================

[1/3] Loading US panel ...
  [US surprise cache] 30 tickers from earnings_dates_surprise_us.json
  Loaded 30/30 US stocks

[2/3] Loading TW panel ...
  Loaded 29/29 TW stocks

[3/3] Running absorption test on both markets ...

########################################################################
# MARKET: US  (30 stocks)
########################################################################

[PCA] Fitting factor on IS-only panel returns ...
  IS days=1509, OOS days=1507
  Explained var (IS): PC1=0.398, PC2=0.094, PC3=0.068
[split] IS/OOS by calendar date ...
  IS stocks: 30 / OOS stocks: 30
  IS total obs: 45,270
  OOS total obs: 45,209

[IS fit M1_EAV_only] ...
    [M1 BCD outer 0] θ_VIX=9.614e-08, θ_EAV=+4.3793e-04, γ_PC1=+0.0000e+00, θ_stress=+0.0000e+00, pooled_negll=-133919.58, Δll=+inf
    [M1 BCD outer 1] θ_VIX=9.754e-08, θ_EAV=+2.2121e-04, γ_PC1=+0.0000e+00, θ_stress=+0.0000e+00, pooled_negll=-134129.68, Δll=+210.1042
    [M1 BCD outer 2] θ_VIX=9.709e-08, θ_EAV=+1.8609e-04, γ_PC1=+0.0000e+00, θ_stress=+0.0000e+00, pooled_negll=-134176.89, Δll=+47.2119
    [M1 BCD outer 3] θ_VIX=9.700e-08, θ_EAV=+1.7683e-04, γ_PC1=+0.0000e+00, θ_stress=+0.0000e+00, pooled_negll=-134181.71, Δll=+4.8197
    [M1 BCD outer 4] θ_VIX=9.700e-08, θ_EAV=+1.7683e-04, γ_PC1=+0.0000e+00, θ_stress=+0.0000e+00, pooled_negll=-134186.81, Δll=+5.1028
    [M1 BCD outer 5] θ_VIX=9.700e-08, θ_EAV=+1.7677e-04, γ_PC1=+0.0000e+00, θ_stress=+0.0000e+00, pooled_negll=-134188.71, Δll=+1.9010
    [M1 BCD outer 6] θ_VIX=9.700e-08, θ_EAV=+1.7672e-04, γ_PC1=+0.0000e+00, θ_stress=+0.0000e+00, pooled_negll=-134189.44, Δll=+0.7281
    [M1 BCD outer 7] θ_VIX=9.700e-08, θ_EAV=+1.7672e-04, γ_PC1=+0.0000e+00, θ_stress=+0.0000e+00, pooled_negll=-134189.89, Δll=+0.4462
  → θ_VIX=9.700e-08, θ_EAV=+1.7672e-04, γ_PC1=+0.0000e+00, θ_stress=+0.0000e+00, loglik=134189.95
  θ_EAV Hessian SE=1.0843734239602785e-05, t=16.29652601889748

[IS fit M2_factor_only] ...
    [M2 BCD outer 0] θ_VIX=1.000e-07, θ_EAV=+0.0000e+00, γ_PC1=+9.2670e-06, θ_stress=+0.0000e+00, pooled_negll=-132584.15, Δll=+inf
    [M2 BCD outer 1] θ_VIX=1.000e-07, θ_EAV=+0.0000e+00, γ_PC1=+8.1338e-06, θ_stress=+0.0000e+00, pooled_negll=-132593.39, Δll=+9.2369
    [M2 BCD outer 2] θ_VIX=1.000e-07, θ_EAV=+0.0000e+00, γ_PC1=+7.3120e-06, θ_stress=+0.0000e+00, pooled_negll=-132599.94, Δll=+6.5461
    [M2 BCD outer 3] θ_VIX=1.000e-07, θ_EAV=+0.0000e+00, γ_PC1=+6.8504e-06, θ_stress=+0.0000e+00, pooled_negll=-132600.02, Δll=+0.0797
    [M2 BCD outer 4] θ_VIX=1.000e-07, θ_EAV=+0.0000e+00, γ_PC1=+5.4337e-06, θ_stress=+0.0000e+00, pooled_negll=-132616.22, Δll=+16.1998
    [M2 BCD outer 5] θ_VIX=1.000e-07, θ_EAV=+0.0000e+00, γ_PC1=+4.7859e-06, θ_stress=+0.0000e+00, pooled_negll=-132616.25, Δll=+0.0352
    [M2 BCD outer 6] θ_VIX=1.000e-07, θ_EAV=+0.0000e+00, γ_PC1=+4.3867e-06, θ_stress=+0.0000e+00, pooled_negll=-132616.27, Δll=+0.0146
    [M2 BCD outer 7] θ_VIX=1.000e-07, θ_EAV=+0.0000e+00, γ_PC1=+4.0634e-06, θ_stress=+0.0000e+00, pooled_negll=-132618.28, Δll=+2.0113
  → θ_VIX=1.000e-07, θ_EAV=+0.0000e+00, γ_PC1=+4.0634e-06, θ_stress=+0.0000e+00, loglik=132619.20
  γ_PC1 Hessian SE=4.92142122511252e-06, t=0.8256655081085424

[IS fit M3_both] ...
    [M3 BCD outer 0] θ_VIX=9.546e-08, θ_EAV=+5.2532e-05, γ_PC1=+2.7666e-06, θ_stress=+0.0000e+00, pooled_negll=-133925.39, Δll=+inf
    [M3 BCD outer 1] θ_VIX=9.269e-08, θ_EAV=+5.2759e-05, γ_PC1=-3.4597e-06, θ_stress=+0.0000e+00, pooled_negll=-133949.69, Δll=+24.2968
    [M3 BCD outer 2] θ_VIX=8.964e-08, θ_EAV=+5.2773e-05, γ_PC1=-3.8614e-06, θ_stress=+0.0000e+00, pooled_negll=-134004.98, Δll=+55.2968
    [M3 BCD outer 3] θ_VIX=8.472e-08, θ_EAV=+5.4011e-05, γ_PC1=+1.5925e-06, θ_stress=+0.0000e+00, pooled_negll=-134032.12, Δll=+27.1337
    [M3 BCD outer 4] θ_VIX=8.148e-08, θ_EAV=+5.4723e-05, γ_PC1=+1.4888e-06, θ_stress=+0.0000e+00, pooled_negll=-134045.59, Δll=+13.4791
    [M3 BCD outer 5] θ_VIX=7.970e-08, θ_EAV=+5.4859e-05, γ_PC1=-2.2222e-06, θ_stress=+0.0000e+00, pooled_negll=-134053.42, Δll=+7.8292
    [M3 BCD outer 6] θ_VIX=7.707e-08, θ_EAV=+5.4811e-05, γ_PC1=-9.2660e-07, θ_stress=+0.0000e+00, pooled_negll=-134060.64, Δll=+7.2115
    [M3 BCD outer 7] θ_VIX=7.486e-08, θ_EAV=+5.5690e-05, γ_PC1=+3.8985e-06, θ_stress=+0.0000e+00, pooled_negll=-134074.40, Δll=+13.7666
  → θ_VIX=7.486e-08, θ_EAV=+5.5690e-05, γ_PC1=+3.8985e-06, θ_stress=+0.0000e+00, loglik=134077.00
  θ_EAV Hessian SE=2.3387157904403924e-06, t=23.812069612851634
  γ_PC1 Hessian SE=3.7177862421748188e-06, t=1.0486206630051382

[IS fit M4_interaction] ...
    [M4 BCD outer 0] θ_VIX=9.343e-08, θ_EAV=+5.0091e-05, γ_PC1=+7.5109e-06, θ_stress=+2.4890e-03, pooled_negll=-134041.61, Δll=+inf
    [M4 BCD outer 1] θ_VIX=9.046e-08, θ_EAV=+9.3588e-05, γ_PC1=-2.9926e-07, θ_stress=+1.1462e-03, pooled_negll=-134119.30, Δll=+77.6866
    [M4 BCD outer 2] θ_VIX=9.009e-08, θ_EAV=+9.3590e-05, γ_PC1=-2.5039e-07, θ_stress=+1.1392e-03, pooled_negll=-134149.34, Δll=+30.0366
    [M4 BCD outer 3] θ_VIX=8.998e-08, θ_EAV=+9.3591e-05, γ_PC1=-2.1982e-07, θ_stress=+1.1698e-03, pooled_negll=-134163.75, Δll=+14.4182
    [M4 BCD outer 4] θ_VIX=8.981e-08, θ_EAV=+9.3592e-05, γ_PC1=-1.9696e-07, θ_stress=+1.1469e-03, pooled_negll=-134164.98, Δll=+1.2218
    [M4 BCD outer 5] θ_VIX=8.967e-08, θ_EAV=+9.3593e-05, γ_PC1=-1.7808e-07, θ_stress=+1.1618e-03, pooled_negll=-134166.85, Δll=+1.8709
    [M4 BCD outer 6] θ_VIX=8.967e-08, θ_EAV=+9.3594e-05, γ_PC1=-1.5597e-07, θ_stress=+1.1450e-03, pooled_negll=-134167.15, Δll=+0.3017
    [M4 BCD outer 7] θ_VIX=8.952e-08, θ_EAV=+9.3595e-05, γ_PC1=-1.2403e-07, θ_stress=+1.1769e-03, pooled_negll=-134168.04, Δll=+0.8939
  → θ_VIX=8.952e-08, θ_EAV=+9.3595e-05, γ_PC1=-1.2403e-07, θ_stress=+1.1769e-03, loglik=134177.28
  θ_EAV Hessian SE=6.4000110626507545e-06, t=14.624153564546132
  γ_PC1 Hessian SE=4.363729573957072e-06, t=-0.0284227183067605
  θ_stress Hessian SE=0.0002335937116711919, t=5.038263489525833

[LRT] H1 M3 vs M2 (EAV incremental over factor): LR=2915.603, p=0.0000e+00
[LRT] M3 vs M1 (factor incremental over EAV): LR=-225.907, p=1.0000e+00
[LRT] H3 M4 vs M3 (EAV × |PC1| interaction): LR=200.563, p=0.0000e+00

[baseline] Fitting pure-GJR on IS per stock ...

[OOS] Panel DM M3 vs M2 (EAV incremental, factor controlled) ...
  Panel DM t=-3.3114, p_one=0.0000, JOINT=True

[OOS] Panel DM M3 vs M1 (factor incremental, EAV controlled) ...

[OOS] Panel DM M4 vs M3 (interaction incremental) ...

[OOS] Panel DM M1 vs GJR (EAV-only vs baseline, sanity) ...

[OOS] Panel DM M3 vs GJR (EAV+factor vs baseline) ...

########################################################################
# MARKET: TW  (29 stocks)
########################################################################

[PCA] Fitting factor on IS-only panel returns ...
  IS days=2455, OOS days=1456
  Explained var (IS): PC1=0.317, PC2=0.083, PC3=0.059
[split] IS/OOS by calendar date ...
  IS stocks: 29 / OOS stocks: 29
  IS total obs: 70,968
  OOS total obs: 42,224

[IS fit M1_EAV_only] ...
    [M1 BCD outer 0] θ_VIX=9.921e-08, θ_EAV=+5.0566e-05, γ_PC1=+0.0000e+00, θ_stress=+0.0000e+00, pooled_negll=-198172.53, Δll=+inf
    [M1 BCD outer 1] θ_VIX=9.693e-08, θ_EAV=+4.9694e-05, γ_PC1=+0.0000e+00, θ_stress=+0.0000e+00, pooled_negll=-198205.82, Δll=+33.2902
    [M1 BCD outer 2] θ_VIX=9.562e-08, θ_EAV=+4.9457e-05, γ_PC1=+0.0000e+00, θ_stress=+0.0000e+00, pooled_negll=-198214.00, Δll=+8.1774
    [M1 BCD outer 3] θ_VIX=9.562e-08, θ_EAV=+4.9457e-05, γ_PC1=+0.0000e+00, θ_stress=+0.0000e+00, pooled_negll=-198232.44, Δll=+18.4478
    [M1 BCD outer 4] θ_VIX=9.562e-08, θ_EAV=+4.9323e-05, γ_PC1=+0.0000e+00, θ_stress=+0.0000e+00, pooled_negll=-198236.22, Δll=+3.7724
    [M1 BCD outer 5] θ_VIX=9.562e-08, θ_EAV=+4.9278e-05, γ_PC1=+0.0000e+00, θ_stress=+0.0000e+00, pooled_negll=-198238.03, Δll=+1.8094
    [M1 BCD outer 6] θ_VIX=9.495e-08, θ_EAV=+4.9135e-05, γ_PC1=+0.0000e+00, θ_stress=+0.0000e+00, pooled_negll=-198216.69, Δll=-21.3322
    [M1 BCD] converged
  → θ_VIX=9.495e-08, θ_EAV=+4.9135e-05, γ_PC1=+0.0000e+00, θ_stress=+0.0000e+00, loglik=198238.26
  θ_EAV Hessian SE=4.638675345205774e-06, t=10.592549593762048

[IS fit M2_factor_only] ...
    [M2 BCD outer 0] θ_VIX=1.000e-07, θ_EAV=+0.0000e+00, γ_PC1=-2.5922e-06, θ_stress=+0.0000e+00, pooled_negll=-198090.15, Δll=+inf
    [M2 BCD outer 1] θ_VIX=9.931e-08, θ_EAV=+0.0000e+00, γ_PC1=-5.6527e-06, θ_stress=+0.0000e+00, pooled_negll=-198092.18, Δll=+2.0327
    [M2 BCD outer 2] θ_VIX=9.713e-08, θ_EAV=+0.0000e+00, γ_PC1=-4.9551e-07, θ_stress=+0.0000e+00, pooled_negll=-198109.17, Δll=+16.9883
    [M2 BCD outer 3] θ_VIX=9.713e-08, θ_EAV=+0.0000e+00, γ_PC1=-4.9551e-07, θ_stress=+0.0000e+00, pooled_negll=-198114.65, Δll=+5.4812
    [M2 BCD outer 4] θ_VIX=9.607e-08, θ_EAV=+0.0000e+00, γ_PC1=+5.5271e-07, θ_stress=+0.0000e+00, pooled_negll=-198116.32, Δll=+1.6719
    [M2 BCD outer 5] θ_VIX=9.533e-08, θ_EAV=+0.0000e+00, γ_PC1=+2.1158e-06, θ_stress=+0.0000e+00, pooled_negll=-198123.12, Δll=+6.7973
    [M2 BCD outer 6] θ_VIX=9.462e-08, θ_EAV=+0.0000e+00, γ_PC1=+3.4812e-06, θ_stress=+0.0000e+00, pooled_negll=-198123.78, Δll=+0.6614
    [M2 BCD outer 7] θ_VIX=9.443e-08, θ_EAV=+0.0000e+00, γ_PC1=+3.2421e-06, θ_stress=+0.0000e+00, pooled_negll=-198124.10, Δll=+0.3202
  → θ_VIX=9.443e-08, θ_EAV=+0.0000e+00, γ_PC1=+3.2421e-06, θ_stress=+0.0000e+00, loglik=198124.19
  γ_PC1 Hessian SE=8.782457045412774e-06, t=0.369160774348844

[IS fit M3_both] ...
    [M3 BCD outer 0] θ_VIX=1.000e-07, θ_EAV=+4.9507e-05, γ_PC1=-3.2505e-06, θ_stress=+0.0000e+00, pooled_negll=-198188.22, Δll=+inf
    [M3 BCD outer 1] θ_VIX=9.988e-08, θ_EAV=+4.9391e-05, γ_PC1=-6.3514e-06, θ_stress=+0.0000e+00, pooled_negll=-198197.59, Δll=+9.3784
    [M3 BCD outer 2] θ_VIX=9.968e-08, θ_EAV=+4.9351e-05, γ_PC1=-5.2561e-06, θ_stress=+0.0000e+00, pooled_negll=-198205.79, Δll=+8.1997
    [M3 BCD outer 3] θ_VIX=9.902e-08, θ_EAV=+4.9177e-05, γ_PC1=-1.2017e-06, θ_stress=+0.0000e+00, pooled_negll=-198228.89, Δll=+23.0920
    [M3 BCD outer 4] θ_VIX=9.902e-08, θ_EAV=+4.9172e-05, γ_PC1=-1.0776e-06, θ_stress=+0.0000e+00, pooled_negll=-198229.46, Δll=+0.5718
    [M3 BCD outer 5] θ_VIX=9.875e-08, θ_EAV=+4.9218e-05, γ_PC1=-2.3142e-06, θ_stress=+0.0000e+00, pooled_negll=-198236.28, Δll=+6.8195
    [M3 BCD outer 6] θ_VIX=9.875e-08, θ_EAV=+4.9218e-05, γ_PC1=-2.3142e-06, θ_stress=+0.0000e+00, pooled_negll=-198236.93, Δll=+0.6569
    [M3 BCD outer 7] θ_VIX=9.875e-08, θ_EAV=+4.9218e-05, γ_PC1=-2.3142e-06, θ_stress=+0.0000e+00, pooled_negll=-198237.10, Δll=+0.1627
  → θ_VIX=9.875e-08, θ_EAV=+4.9218e-05, γ_PC1=-2.3142e-06, θ_stress=+0.0000e+00, loglik=198237.20
  θ_EAV Hessian SE=4.634989930324551e-06, t=10.618801224466884
  γ_PC1 Hessian SE=9.60851915052971e-06, t=-0.2408462767520197

[IS fit M4_interaction] ...
    [M4 BCD outer 0] θ_VIX=1.000e-07, θ_EAV=+5.0000e-05, γ_PC1=+9.9707e-06, θ_stress=-1.8886e-06, pooled_negll=-198187.19, Δll=+inf
    [M4 BCD outer 1] θ_VIX=9.832e-08, θ_EAV=+4.9999e-05, γ_PC1=+9.9250e-06, θ_stress=-4.7550e-05, pooled_negll=-198211.13, Δll=+23.9336
    [M4 BCD outer 2] θ_VIX=9.750e-08, θ_EAV=+4.9999e-05, γ_PC1=+9.9239e-06, θ_stress=-4.6373e-05, pooled_negll=-198227.80, Δll=+16.6775
    [M4 BCD outer 3] θ_VIX=9.647e-08, θ_EAV=+4.9999e-05, γ_PC1=+9.9239e-06, θ_stress=-4.6453e-05, pooled_negll=-198235.68, Δll=+7.8719
    [M4 BCD outer 4] θ_VIX=9.577e-08, θ_EAV=+4.9999e-05, γ_PC1=+9.9213e-06, θ_stress=-4.3816e-05, pooled_negll=-198237.21, Δll=+1.5363
    [M4 BCD outer 5] θ_VIX=9.547e-08, θ_EAV=+4.9998e-05, γ_PC1=+9.9034e-06, θ_stress=-4.8279e-05, pooled_negll=-198237.82, Δll=+0.6122
    [M4 BCD outer 6] θ_VIX=9.540e-08, θ_EAV=+4.9998e-05, γ_PC1=+9.9023e-06, θ_stress=-4.7110e-05, pooled_negll=-198240.29, Δll=+2.4672
    [M4 BCD outer 7] θ_VIX=9.517e-08, θ_EAV=+4.9993e-05, γ_PC1=+9.7824e-06, θ_stress=-3.7217e-05, pooled_negll=-198240.34, Δll=+0.0505
  → θ_VIX=9.517e-08, θ_EAV=+4.9993e-05, γ_PC1=+9.7824e-06, θ_stress=-3.7217e-05, loglik=198240.51
  θ_EAV Hessian SE=4.6086648430765956e-06, t=10.847707774086073
  γ_PC1 Hessian SE=9.591832772377992e-06, t=1.0198644335854126
  θ_stress Hessian SE=9.660393731108209e-05, t=-0.38525445175650225

[LRT] H1 M3 vs M2 (EAV incremental over factor): LR=226.031, p=0.0000e+00
[LRT] M3 vs M1 (factor incremental over EAV): LR=-2.110, p=1.0000e+00
[LRT] H3 M4 vs M3 (EAV × |PC1| interaction): LR=6.608, p=1.0150e-02

[baseline] Fitting pure-GJR on IS per stock ...

[OOS] Panel DM M3 vs M2 (EAV incremental, factor controlled) ...
  Panel DM t=-2.4822, p_one=0.0061, JOINT=True

[OOS] Panel DM M3 vs M1 (factor incremental, EAV controlled) ...

[OOS] Panel DM M4 vs M3 (interaction incremental) ...

[OOS] Panel DM M1 vs GJR (EAV-only vs baseline, sanity) ...

[OOS] Panel DM M3 vs GJR (EAV+factor vs baseline) ...

========================================================================
SCENARIO: A+D
VERDICT: Scenario A: θ_EAV survives factor control in BOTH markets (US IS t=23.81, OOS DM=-3.31; TW IS t=10.62, OOS DM=-2.48). Universal-magnitude is TRUE firm-event effect, not factor. ADDITIONAL: EAV × |PC1| interaction SIGNIFICANT (US t_stress=5.038263489525833, TW t_stress=-0.38525445175650225) — EAV effect is conditional on market stress.
PAPER 2 IMPLICATION: Paper 2 §5 narrative STRENGTHENED: "Earnings-day volatility is a firm-specific event effect orthogonal to the market factor. The universal-magnitude regularity survives PCA-based systematic risk control in both markets." Additional dimension: consider reframing §5 as "conditional firm-event effect amplified by systematic stress".
========================================================================

[plots] Generating figures ...
  → /Users/yhlai0911/Desktop/volpred-research/experiments/k1149/theta_eav_with_vs_without_factor.png
  → /Users/yhlai0911/Desktop/volpred-research/experiments/k1149/factor_loadings_matrix.png

  Results → /Users/yhlai0911/Desktop/volpred-research/experiments/k1149/k1149_results.json
  Elapsed: 41.6s

  CORE VERDICT: Scenario A: θ_EAV survives factor control in BOTH markets (US IS t=23.81, OOS DM=-3.31; TW IS t=10.62, OOS DM=-2.48). Universal-magnitude is TRUE firm-event effect, not factor. ADDITIONAL: EAV × |PC1| interaction SIGNIFICANT (US t_stress=5.038263489525833, TW t_stress=-0.38525445175650225) — EAV effect is conditional on market stress.
  Paper 2 §5 implication: Paper 2 §5 narrative STRENGTHENED: "Earnings-day volatility is a firm-specific event effect orthogonal to the market factor. The universal-magnitude regularity survives PCA-based systematic risk control in both markets." Additional dimension: consider reframing §5 as "conditional firm-event effect amplified by systematic stress".

