
========================================================================
K1216b: Close 5-EM multistart audit with CH + ID
100 random starts per market, seeds 43..142
========================================================================
K1216 EM refined theta_rel loaded: {'BR': 2.6914795573371695, 'IN': 3.077004003464291, 'MX': 1.8450971628977357}

========================================================================
[K1216b CH] loading stocks
========================================================================
[CH] loaded 10/10 stocks
   600519.SS: n_obs=2915, n_events=48, sigma2=3.589e-04
   601398.SS: n_obs=2915, n_events=47, sigma2=1.658e-04
   601318.SS: n_obs=2915, n_events=37, sigma2=3.444e-04
   600036.SS: n_obs=2915, n_events=44, sigma2=3.229e-04
   600276.SS: n_obs=2915, n_events=44, sigma2=4.573e-04
   600887.SS: n_obs=2915, n_events=42, sigma2=4.077e-04
   601166.SS: n_obs=2915, n_events=44, sigma2=2.851e-04
   600030.SS: n_obs=2915, n_events=48, sigma2=5.055e-04
   600028.SS: n_obs=2915, n_events=47, sigma2=2.562e-04
   600585.SS: n_obs=2915, n_events=49, sigma2=4.192e-04
[CH] S=10 mean_sigma2=3.523e-04 vix2_mean=3.696e+02
[CH] canonical theta_eav=1.070e-04 theta_rel=0.304 LL=77922.50
  [start 10/100] converged=7/10 elapsed=3.1s
  [start 20/100] converged=16/20 elapsed=6.6s
  [start 30/100] converged=25/30 elapsed=10.3s
  [start 40/100] converged=32/40 elapsed=12.9s
  [start 50/100] converged=40/50 elapsed=16.0s
  [start 60/100] converged=48/60 elapsed=18.4s
  [start 70/100] converged=56/70 elapsed=21.7s
  [start 80/100] converged=61/80 elapsed=23.1s
  [start 90/100] converged=69/90 elapsed=25.8s
  [start 100/100] converged=78/100 elapsed=29.7s
[CH] fits done in 29.7s
[CH] converged = 78/100
[CH] basin stats: A frac=0.55 theta_mean=2.2447563750415874e-05 ll_max=77817.34555252822 | B frac=0.45 theta_mean=0.0003611222107219437 ll_max=77991.77711736636
[CH] best LL theta_eav=3.526e-04 LL=77991.78 basin=B theta_rel=1.001
[CH] SE: Hessian=4.19643657400179e-05 t=8.401696444726985; HAC=0.00011736432945424005 t=3.0040802353035034
[CH] running NM + DE sensitivity...
[CH] NOTE: DE landed in penalty trap (LL=-10000000000000.0), excluded from sens delta
[CH] NM theta_eav=0.0005174439343513471 LL=78221.4730495874
[CH] DE theta_eav=0.0037282442717181392 LL=-10000000000000.0
[CH] max sensitivity delta (valid LL only) = 46.8%
[CH] REFINED best LL from Nelder-Mead: theta_eav=5.174e-04 LL=78221.47 theta_rel=1.469
[CH] LR = 2*(LL_refined - LL_canonical) = +597.94
[CH] VERDICT: FRAGILE (LL gap refined-canon=+298.97, theta_shift=383.5%, sens=46.8%)

========================================================================
[K1216b ID] loading stocks
========================================================================
[ID] loaded 10/10 stocks
   BBCA.JK: n_obs=2954, n_events=49, sigma2=2.161e-04
   BBRI.JK: n_obs=2954, n_events=49, sigma2=3.983e-04
   TLKM.JK: n_obs=2953, n_events=49, sigma2=3.176e-04
   ASII.JK: n_obs=2953, n_events=49, sigma2=3.779e-04
   UNVR.JK: n_obs=2954, n_events=49, sigma2=4.234e-04
   ICBP.JK: n_obs=2953, n_events=48, sigma2=2.912e-04
   BMRI.JK: n_obs=2954, n_events=48, sigma2=3.965e-04
   ADRO.JK: n_obs=2953, n_events=43, sigma2=8.269e-04
   GGRM.JK: n_obs=2953, n_events=36, sigma2=5.007e-04
   INDF.JK: n_obs=2954, n_events=42, sigma2=3.200e-04
[ID] S=10 mean_sigma2=4.069e-04 vix2_mean=3.678e+02
[ID] canonical theta_eav=9.669e-05 theta_rel=0.238 LL=76494.23
  [start 10/100] converged=6/10 elapsed=3.1s
  [start 20/100] converged=14/20 elapsed=7.5s
  [start 30/100] converged=22/30 elapsed=10.6s
  [start 40/100] converged=27/40 elapsed=13.8s
  [start 50/100] converged=34/50 elapsed=16.8s
  [start 60/100] converged=42/60 elapsed=20.1s
  [start 70/100] converged=48/70 elapsed=23.2s
  [start 80/100] converged=52/80 elapsed=25.3s
  [start 90/100] converged=58/90 elapsed=29.2s
  [start 100/100] converged=64/100 elapsed=32.4s
[ID] fits done in 32.4s
[ID] converged = 64/100
[ID] basin stats: A frac=0.47 theta_mean=0.00013430189809411272 ll_max=76524.30233578254 | B frac=0.53 theta_mean=0.0005026438292027907 ll_max=76511.36521692156
[ID] best LL theta_eav=2.886e-04 LL=76524.30 basin=A theta_rel=0.709
[ID] SE: Hessian=3.327277062046364e-05 t=8.67384652975664; HAC=0.00011343014863006406 t=2.5443227348924107
[ID] running NM + DE sensitivity...
[ID] NOTE: DE landed in penalty trap (LL=-10000000000000.0), excluded from sens delta
[ID] NM theta_eav=0.0007798004185466868 LL=76676.90731226669
[ID] DE theta_eav=0.004305433751526896 LL=-10000000000000.0
[ID] max sensitivity delta (valid LL only) = 170.2%
[ID] REFINED best LL from Nelder-Mead: theta_eav=7.798e-04 LL=76676.91 theta_rel=1.917
[ID] LR = 2*(LL_refined - LL_canonical) = +365.36
[ID] VERDICT: FRAGILE (LL gap refined-canon=+182.68, theta_shift=706.5%, sens=170.2%)

[Spearman rebuilds]
  K1172 baseline N=12 (canonical): rho=+0.441 p=0.1517 n=12
  K1213 AU-only N=13 (canonical EM + AU refined): rho=+0.418 p=0.1557 n=13
  K1216 EM refined N=12 (BR/IN/MX; CH/ID canon): rho=+0.364 p=0.2453 n=12
  K1216 EM refined + K1213 AU N=13: rho=+0.341 p=0.2547 n=13
  K1216b 5-EM refined N=12 (BR/IN/MX/CH/ID): rho=-0.077 p=0.8122 n=12
  K1216b 5-EM refined + K1213 AU N=13 (PRIMARY): rho=-0.071 p=0.8166 n=13

[Harvey t per scenario]
  K1172 baseline N=12 (canonical): t=1.5518936131087622
  K1213 AU-only N=13 (canonical EM + AU refined): t=1.5242182217961457
  K1216 EM refined N=12 (BR/IN/MX; CH/ID canon): t=1.2344267996967355
  K1216 EM refined + K1213 AU N=13: t=1.2017178050857487
  K1216b 5-EM refined N=12 (BR/IN/MX/CH/ID): t=-0.24397501823713333
  K1216b 5-EM refined + K1213 AU N=13 (PRIMARY): t=-0.23750843439814173

===== CROSS-MARKET 5-EM VERDICT: ALL_5_EM_FRAGILE =====
All 5 EM markets (BR/IN/MX already K1216 FRAGILE; AU K1213 ABOVE_LADDER_OVERTURNED; CH + ID K1216b FRAGILE) show the same optimizer pathology: canonical pooled MLE trapped in secondary local minima. Paper 2 Section 5 EM above-ladder narrative based on K1168/K1172 canonical thetas is UNIVERSAL numerical artefact. Primary Spearman rho with ALL 5 EM thetas refined further decays to -0.071 (p=0.817, N=13); institutional-ownership proxy prediction strength is substantially weaker than the K1172 baseline suggested.
[figures] wrote per-market basin histograms + 5-EM trajectory.png
[csv] wrote k1216b_multistart_results.csv (200 rows)
[csv] wrote k1216b_per_market_summary.csv
[json] wrote k1216b_results.json
[done] total 65.4s
