========================================================================
K1185: Paper 1 Table 4 VaR Configuration Canonical Replication
  BASE MODEL: GARCH(1,1) (not GJR — diagnostic shows GARCH+Normal=33)
  CONFIGS: Normal | StudentT5 (fixed df=5) | +Adaptive | +Jump
  OOS: 2020-01-01 to 2025-12-31, target n=1508
  seed=42
========================================================================

[1/5] Downloading SPY data (yfinance, 2000-2026)...
  Total data: 6538 days (2000-01-04 to 2025-12-31)
  OOS: 2020-01-01 to 2025-12-31, n=1508 days
  First OOS: 2020-01-02, Last OOS: 2025-12-31
  n_oos=1508 EXACT MATCH to paper target.

[2/5] GARCH(1,1) expanding window OOS (refit every 63 days)...
  Refit at OOS day 0/1508: omega=2.05e-06, alpha=0.1131, beta=0.8706, pers=0.9837
  Forecast complete. Valid: 1508/1508

[3/5] Computing VaR for 4 sequential configurations...
  Student-t df=5.0, scale=0.7746
  Adaptive: rolling max sigma over 20 days
  Jump: scale sigma by 1.5x if |r| > 3.0*sigma, then rolling max

[4/5] VaR backtests (Kupiec + Christoffersen + Basel 250-day)...

  Config                                        |  Viol |  Rate% |   Kup.p |    CC.p |    Basel |  Trin
  -----------------------------------------------------------------------------------------------
  GARCH(1,1) + Normal                           |    30 |   2.0% |  0.0007 |  0.6267 |   yellow |     N
  GARCH(1,1) + Student-t(df=5)                  |    19 |   1.3% |  0.3295 |  0.2367 |    green |     Y
  GARCH(1,1) + Student-t(df=5) + RollingMaxSigma(20) |    14 |   0.9% |  0.7772 |  0.1174 |    green |     Y
  GARCH(1,1) + Student-t(df=5) + RollingMaxSigma + Jump |    14 |   0.9% |  0.7772 |  0.1174 |    green |     Y

[5/5] Comparing with Paper 1 Table 4 targets (rtol=0.05, count tol=±1)...

  Config         | Paper N | K1185 N | Paper% | K1185% |  N_match |  %_match | Status
  -------------------------------------------------------------------------------------
  Normal         |      33 |      30 |   2.2% |   2.0% | DELTA=-3 | DELTA=-0.21pp | DIVERGED
  StudentT5      |      18 |      19 |   1.2% |   1.3% |    MATCH |    MATCH | MATCHED
  Adaptive       |      14 |      14 |   0.9% |   0.9% |    MATCH |    MATCH | MATCHED
  JumpAugment    |      14 |      14 |   0.9% |   0.9% |    MATCH |    MATCH | MATCHED

  Overall: 3/4 configs matched. Status: PARTIAL (3/4)

  Improvement percentages:
    StudentT5: paper=-45.5%, script=-36.7%
    Adaptive: paper=-22.2%, script=-26.3%
    JumpAugment: paper=0.0%, script=0.0%

  === RECOMMENDATION ===
  Partial match (3/4).
    Normal: paper=33, script=30 (delta=-3)
  (b) Update paper Table 4 to match script values, OR
  (c) Record errata with magnitude note