On branch main
Your branch is ahead of 'origin/main' by 281 commits.
  (use "git push" to publish your local commits)

Changes not staged for commit:
  (use "git add <file>..." to update what will be committed)
  (use "git restore <file>..." to discard changes in working directory)
	modified:   storage/next_tasks.json
	modified:   storage/work_log.json

Untracked files:
  (use "git add <file>..." to include in what will be committed)
	storage/reports/mile_0c1f9687.json
	storage/reports/mile_4c1045ea.json
	storage/reports/mile_4ec34af2.json
	storage/reports/mile_5302df53.json
	storage/reports/mile_6c2bd99e.json
	storage/reports/mile_912dd699.json
	storage/reports/mile_9e6e75d8.json
	storage/reports/mile_9ed87beb.json
	storage/reports/mile_a0322e61.json
	storage/reports/mile_a0ac369d.json
	storage/reports/mile_ac32c38e.json
	storage/reports/mile_c0d97d70.json
	storage/reports/mile_c496072f.json
	storage/reports/mile_c4c73ed9.json
	storage/reports/mile_cbb93ff8.json
	storage/reports/mile_d716099a.json
	storage/reports/mile_e6e05369.json
	storage/reports/mile_e8aefbf1.json
	storage/reports/mile_ecb736a6.json
	storage/reports/mile_ed9e4626.json
	storage/reports/mile_f46b6320.json

no changes added to commit (use "git add" and/or "git commit -a")
