 M data/vixtwn/vixtwn_daily.csv
 M docs/error_log.md
 M experiments/INDEX.md
 M experiments/index.json
 M paper/vt-crowding-abm/experiments/k827v3_abm_fixed_liquidity_results.json
 M scripts/supabase_sync.py
 M src/volpred/ops/alerts.py
 M src/volpred/ops/content.py
 M src/volpred/publisher/publisher.py
 M storage/.release_settings.json
 M storage/logs/cron/check_alerts.log
 M storage/logs/cron/collect_tw.log
 M storage/logs/cron/collect_us.log
 M storage/logs/cron/continue_task_stub.log
 M storage/logs/cron/daily_update.log
 M storage/logs/cron/market_cal.log
 M storage/logs/cron/release_pool.log
 M storage/market_status.json
 M storage/notifications/notification_log.json
 M storage/ops/alert_dedup.json
 M storage/ops/cron_last_run.json
 M storage/ops/pending_continue.json
 M storage/ops/pending_sessions.json
 M storage/ops/writer_log.jsonl
 M storage/paper_trading.json
---
 docs/error_log.md                  |  1 +
 scripts/supabase_sync.py           | 49 ++++++++++++++++++++++++++++++
 src/volpred/ops/alerts.py          | 61 ++++++++++++++++++++++++++++++++++++++
 src/volpred/ops/content.py         | 14 ++++++++-
 src/volpred/publisher/publisher.py | 27 ++++++++++++-----
 5 files changed, 144 insertions(+), 8 deletions(-)
