A  experiments/k1306/data/dict/LM_MasterDictionary.csv
A  experiments/k1306/data/filings_index.json
A  experiments/k1306/data/raw/AAPL_2020-10-30.json
A  experiments/k1306/data/raw/AAPL_2021-10-29.json
A  experiments/k1306/data/raw/AAPL_2022-10-28.json
A  experiments/k1306/data/raw/AAPL_2023-11-03.json
A  experiments/k1306/data/raw/AAPL_2024-11-01.json
A  experiments/k1306/data/raw/GOOGL_2023-02-03.json
A  experiments/k1306/data/raw/GOOGL_2024-01-31.json
A  experiments/k1306/data/raw/MSFT_2020-07-30.json
A  experiments/k1306/data/raw/MSFT_2021-07-29.json
A  experiments/k1306/data/raw/MSFT_2022-07-28.json
A  experiments/k1306/data/raw/MSFT_2023-07-27.json
A  experiments/k1306/data/raw/MSFT_2024-07-30.json
A  experiments/k1306/data/raw/NVDA_2021-02-26.json
A  experiments/k1306/data/raw/NVDA_2022-03-18.json
A  experiments/k1306/data/raw/NVDA_2023-02-24.json
A  experiments/k1306/data/raw/NVDA_2024-02-21.json
A  experiments/k1306/k1306.py
A  experiments/k1306/k1306_fetch_edgar.py
A  experiments/k1306/k1306_results.json
