 M experiments/INDEX.md
 M experiments/index.json
 M experiments/k1370/amplification_distribution.png
 M experiments/k1370/k1370_replicates.json
 M experiments/k1370/k1370_results.json
 M experiments/k1370/k1370_run.log
 M experiments/k1378/k1378.py
 M experiments/k1379/k1379.py
 M storage/next_tasks.json
 M storage/work_log.json
?? experiments/audit_cumsum_metric_2026_05_02.md
?? experiments/k1018/k1018_dm_harvey_threshold.png
?? experiments/k1018/k1018_metric_fix_2026_05_02.md
?? experiments/k1018/k1018_sharpe_bootstrap_ci.png
?? experiments/k1108/article_draft_k1108_series.md
?? experiments/k1121/k1121_article_sharpe_diff_ci.png
?? experiments/k1121/k1121_article_stress_sharpe.png
?? experiments/k1148_d1/is_vs_oos_marginal_zone.png
?? experiments/k1148_d1/per_stock_dm_distribution.png
?? experiments/k1184/k1184_param_comparison.png
