 M data/vixtwn/vixtwn_daily.csv
 M storage/.release_settings.json
 M storage/logs/cron/check_alerts.log
 M storage/logs/cron/collect_tw.log
 M storage/logs/cron/continue_task_stub.log
 M storage/logs/cron/market_cal.log
 M storage/logs/cron/release_pool.log
 M storage/market_status.json
 M storage/notifications/notification_log.json
 M storage/ops/alert_dedup.json
 M storage/ops/cron_last_run.json
 M storage/ops/pending_continue.json
 M storage/ops/pending_sessions.json
 M storage/ops/writer_log.jsonl
 M storage/reports/feed.json
 M storage/session_state.json
?? paper/vt-crowding-abm/review_history/v2/
?? storage/logs/cron/memory_health.log
?? storage/logs/hooks/
?? storage/next_draft_candidate_k1067f.md
?? storage/notifications/4e51b6d8.json
?? storage/notifications/514cea7c.json
?? storage/notifications/7ebae4b2.json
?? storage/notifications/87dc3d0f.json
?? storage/notifications/c5e3000f.json
?? storage/notifications/d857eccd.json
?? storage/notifications/da76c4c7.json
?? storage/notifications/df592119.json
?? storage/notifications/ff395c27.json
?? storage/reports/token_usage/daily_2026-04-27.json
?? storage/reports/token_usage/daily_2026-04-27.md
---
---repo's scripts/cron_*.sh state:---
scripts/cron_check_alerts.sh
scripts/cron_collect_tw.sh
scripts/cron_collect_us.sh
scripts/cron_continue_task_stub.sh
scripts/cron_daily_update.sh
scripts/cron_market_cal.sh
scripts/cron_memory_health.sh
scripts/cron_release_pool.sh
