 M config/runtime_schedules.json
 M experiments/INDEX.md
 M experiments/index.json
 M experiments/k1370/amplification_distribution.png
 M experiments/k1370/k1370_replicates.json
 M experiments/k1370/k1370_results.json
 M experiments/k1370/k1370_run.log
 M paper/crypto-fear-channel/data/spy_btc_usd_vix_2015-2026.csv
 M paper/garch-x-vix/data/gld_vix_gvz_2000-2026.csv
 M paper/garch-x-vix/data/spy_vix_qqq_eem_fez_2000-2026.csv
 M paper/garch-x-vix/data/uso_vix_ovx_2005-2026.csv
 M paper/leverage-direction/data/spy_qqq_gld_tlt_eem_iwm_slv_btc_usd_vix_2010-2026.csv
 M paper/leverage-direction/data/spy_vix_2004-2026.csv
 M paper/leverage-direction/data/vix_daily.csv
 M paper/taiwan-vt/data/0050_tw_twii_2330_tw_2317_tw_2454_tw_0056_tw_spy_vix_2008-2026.csv
 M paper/volatility-absorption/data/spy_gld_tlt_qqq_eem_vix_2005-2026.csv
 M storage/.release_settings.json
 M storage/.supabase_sync_state.json
 M storage/logs/cron/check_alerts.log
 M storage/logs/cron/daily_update.log
