
================================================================================
CROSS-PAIR SUMMARY
================================================================================

  Best model by MSE per pair:
    SPY-GLD: EWMA_097 (MSE=0.103840, +22.6% vs Rolling 22d)
    SPY-TLT: DCC_GARCH (MSE=0.091361, +28.8% vs Rolling 22d)
    GLD-TLT: EWMA_097 (MSE=0.061489, +31.1% vs Rolling 22d)

  Key Test: 50/50 vs Min-Variance (SPY-GLD):
    50/50 fixed vol: 0.1120
    MinVar(Rolling_22d): vol=0.1081 (-3.51% vs 50/50), Sharpe=0.9775
    MinVar(Rolling_63d): vol=0.1092 (-2.46% vs 50/50), Sharpe=1.0142
    MinVar(EWMA_097): vol=0.1100 (-1.81% vs 50/50), Sharpe=0.9908
    MinVar(DCC_GARCH): vol=0.1088 (-2.85% vs 50/50), Sharpe=1.0045
    MinVar(Regime_Switch): vol=0.1096 (-2.18% vs 50/50), Sharpe=1.0102

================================================================================
ANALYTICAL INSIGHT: Why Correlation Matters (or Doesn't)
================================================================================

  SPY vol: 0.1705, GLD vol: 0.1550, Corr: 0.0548
  Risk Parity w(SPY):     0.4762  (INDEPENDENT of correlation)
  Min-Variance w(SPY):    0.4497  (depends on correlation)
  Fixed 50/50 w(SPY):     0.5000

  Distance RP to 50/50:   0.0238
  Distance MinVar to 50/50: 0.0503

  Min-Variance weight sensitivity to correlation:
    corr=-0.5 -> w(SPY)=0.4682
    corr=-0.3 -> w(SPY)=0.4634
    corr=-0.1 -> w(SPY)=0.4567
    corr=+0.0 -> w(SPY)=0.4524
    corr=+0.1 -> w(SPY)=0.4472
    corr=+0.3 -> w(SPY)=0.4322
    corr=+0.5 -> w(SPY)=0.4053

  Results saved to /Users/yhlai0911/Desktop/volpred-research/experiments/k157/k157_correlation_forecasting_results.json

================================================================================
FINAL CONCLUSIONS
================================================================================
  Q1 (Better correlation forecast?): Yes — some models improve over Rolling 22d
  Q2 (DCC-GARCH best?): DCC among best
  Q3 (Better corr -> better portfolio?): Yes — MinVar with model corr beats 50/50

  Elapsed: 19.3s
  Memory recorded successfully.
