"released_count": 0, "released": [], "skipped": true, "reason": 
"interval_not_due", "next_release_at": "2026-05-13T07:02:00+00:00", "settings": 
{"mode": "auto", "interval_minutes": 360, "max_articles_per_run": 1, "due_only":
true, "include_drafts": true, "preferred_audiences": [], "last_released_at": 
"2026-05-13T01:02:45.924963+00:00", "updated_at": 
"2026-05-13T01:03:08.762424+00:00"}}
=== [release_pool] piggy-back fire at 2026-05-13T05:00:01.235537+00:00 ===
Skipped release run
JSON: {"action": "release_article_pool_by_settings", "mode": "auto", 
"released_count": 0, "released": [], "skipped": true, "reason": 
"interval_not_due", "next_release_at": "2026-05-13T07:02:00+00:00", "settings": 
{"mode": "auto", "interval_minutes": 360, "max_articles_per_run": 1, "due_only":
true, "include_drafts": true, "preferred_audiences": [], "last_released_at": 
"2026-05-13T01:02:45.924963+00:00", "updated_at": 
"2026-05-13T01:03:08.762424+00:00"}}
=== [release_pool] exit 0 at 2026-05-13T05:00:01.673247+00:00 (duration=0.4s) ===
=== [release_pool] check_alerts fallback fire at 2026-05-13T07:00:07+00:00 ===
=== [release_pool] exit 0 at 2026-05-13T07:00:08+00:00 (fallback) ===
=== [release_pool] check_alerts fallback fire at 2026-05-13T07:00:08+00:00 ===
=== [release_pool] exit 0 at 2026-05-13T07:00:08+00:00 (fallback) ===
---
15:33 CST
---
-rw-r--r--@ 1 yhlai0911  staff  117800 May 13 15:00 /Users/yhlai0911/Desktop/volpred-research/storage/logs/cron/release_pool.log
