Skipped release run
JSON: {"action": "release_article_pool_by_settings", "mode": "auto", 
"released_count": 0, "released": [], "skipped": true, "reason": 
"interval_not_due", "next_release_at": "2026-05-17T15:00:00+00:00", "settings": 
{"mode": "auto", "interval_minutes": 180, "max_articles_per_run": 1, "due_only":
true, "include_drafts": true, "preferred_audiences": [], "last_released_at": 
"2026-05-17T12:00:14.170238+00:00", "updated_at": 
"2026-05-17T12:00:35.354965+00:00"}}
=== [release_pool] piggy-back fire at 2026-05-17T14:00:20.537341+00:00 ===
Skipped release run
JSON: {"action": "release_article_pool_by_settings", "mode": "auto", 
"released_count": 0, "released": [], "skipped": true, "reason": 
"interval_not_due", "next_release_at": "2026-05-17T15:00:00+00:00", "settings": 
{"mode": "auto", "interval_minutes": 180, "max_articles_per_run": 1, "due_only":
true, "include_drafts": true, "preferred_audiences": [], "last_released_at": 
"2026-05-17T12:00:14.170238+00:00", "updated_at": 
"2026-05-17T12:00:35.354965+00:00"}}
=== [release_pool] exit 0 at 2026-05-17T14:00:21.028466+00:00 (duration=0.5s) ===
=== [release_pool] check_alerts fallback fire at 2026-05-17T15:00:15+00:00 ===
=== [release_pool] exit 0 at 2026-05-17T15:00:40+00:00 (fallback) ===
---
{
  "last_released_at": "2026-05-17T15:00:16.458961+00:00",
  "interval_minutes": 180
}
---now---
2026-05-17T15:45:58Z
