PID=24843
  [30s] log size=       0 bytes
  [60s] log size=       0 bytes
  [90s] log size=       0 bytes
  [120s] log size=       0 bytes
  [150s] log size=       0 bytes
  [180s] log size=       0 bytes
  [210s] log size=       0 bytes
  [240s] log size=       0 bytes
  [270s] log size=       0 bytes
  [300s] log size=       0 bytes
  [330s] log size=       0 bytes
  [360s] log size=       0 bytes
  [390s] log size=       0 bytes
  [420s] log size=    8376 bytes
  [450s] log size=    8376 bytes
KILLED after 450s
---tail---
  [supabase_sync] markdown_table_sanitizer auto-fixed 1 row(s) for mile_23fe0888: tables=6 auto_fixed_lines=[27]
  [supabase_sync] read-back diverged for mile_27f2aef3: got status='published' published_at='2026-03-31T10:03:00.33881+00:00' want status='published' published_at='2026-03-31T10:03:00.338810+00:00' -- patching
  [supabase_sync] markdown_table_sanitizer auto-fixed 2 row(s) for mile_285a3505: tables=2 auto_fixed_lines=[14, 25]
  [supabase_sync] read-back diverged for mile_28f0ae1b: got status='published' published_at='2026-04-19T20:03:01.37429+00:00' want status='published' published_at='2026-04-19T20:03:01.374290+00:00' -- patching
  [supabase_sync] read-back diverged for mile_2fe8aff2: got status='published' published_at='2026-03-14T23:53:23.96958+00:00' want status='published' published_at='2026-03-14T23:53:23.969580+00:00' -- patching
  [supabase_sync] read-back diverged for mile_33237750: got status='published' published_at='2026-03-22T16:03:01.24957+00:00' want status='published' published_at='2026-03-22T16:03:01.249570+00:00' -- patching
  [supabase_sync] read-back diverged for mile_340dd808: got status='published' published_at='2026-03-23T02:46:05.22941+00:00' want status='published' published_at='2026-03-23T02:46:05.229410+00:00' -- patching
  [supabase_sync] read-back diverged for mile_37b61913: got status='published' published_at='2026-03-17T14:57:27.34234+00:00' want status='published' published_at='2026-03-17T14:57:27.342340+00:00' -- patching
  [supabase_sync] read-back diverged for mile_38a016cf: got status='published' published_at='2026-04-11T18:14:51.38128+00:00' want status='published' published_at='2026-04-11T18:14:51.381280+00:00' -- patching
  [supabase_sync] read-back diverged for mile_3adad9b8: got status='published' published_at='2026-03-27T13:26:27.39338+00:00' want status='published' published_at='2026-03-27T13:26:27.393380+00:00' -- patching
  [supabase_sync] read-back diverged for mile_414233df: got status='published' published_at='2026-03-28T08:03:00.43315+00:00' want status='published' published_at='2026-03-28T08:03:00.433150+00:00' -- patching
  [supabase_sync] read-back diverged for mile_42ee876c: got status='published' published_at='2026-04-01T05:08:31.51256+00:00' want status='published' published_at='2026-04-01T05:08:31.512560+00:00' -- patching
  [supabase_sync] read-back diverged for mile_45e78a59: got status='published' published_at='2026-03-16T22:39:48.56455+00:00' want status='published' published_at='2026-03-16T22:39:48.564550+00:00' -- patching
  [supabase_sync] read-back diverged for mile_49834312: got status='published' published_at='2026-04-01T16:03:00.60232+00:00' want status='published' published_at='2026-04-01T16:03:00.602320+00:00' -- patching
  [supabase_sync] read-back diverged for mile_4bc2e225: got status='published' published_at='2026-03-23T10:03:01.05669+00:00' want status='published' published_at='2026-03-23T10:03:01.056690+00:00' -- patching
  [supabase_sync] read-back diverged for mile_4cb24c36: got status='published' published_at='2026-04-08T12:03:01.00611+00:00' want status='published' published_at='2026-04-08T12:03:01.006110+00:00' -- patching
  [supabase_sync] read-back diverged for mile_4cf87cfc: got status='published' published_at='2026-04-22T13:00:00.93406+00:00' want status='published' published_at='2026-04-22T13:00:00.934060+00:00' -- patching
  [supabase_sync] read-back diverged for mile_4f4784d1: got status='published' published_at='2026-03-17T07:43:10.55553+00:00' want status='published' published_at='2026-03-17T07:43:10.555530+00:00' -- patching
  [supabase_sync] markdown_table_sanitizer auto-fixed 2 row(s) for mile_5173955c: tables=3 auto_fixed_lines=[22, 29]
  [supabase_sync] read-back diverged for mile_52d55be3: got status='published' published_at='2026-04-07T22:03:01.03997+00:00' want status='published' published_at='2026-04-07T22:03:01.039970+00:00' -- patching
  [supabase_sync] read-back diverged for mile_535b44e4: got status='published' published_at='2026-03-21T12:48:01.20891+00:00' want status='published' published_at='2026-03-21T12:48:01.208910+00:00' -- patching
  [supabase_sync] read-back diverged for mile_560bf8bc: got status='published' published_at='2026-03-17T04:34:53.57913+00:00' want status='published' published_at='2026-03-17T04:34:53.579130+00:00' -- patching
  [supabase_sync] read-back diverged for mile_56f56491: got status='published' published_at='2026-04-07T12:03:00.9115+00:00' want status='published' published_at='2026-04-07T12:03:00.911500+00:00' -- patching
  [supabase_sync] read-back diverged for mile_5732487b: got status='published' published_at='2026-03-17T07:53:56.19649+00:00' want status='published' published_at='2026-03-17T07:53:56.196490+00:00' -- patching
  [supabase_sync] read-back diverged for mile_5823d219: got status='published' published_at='2026-03-18T01:32:18.36699+00:00' want status='published' published_at='2026-03-18T01:32:18.366990+00:00' -- patching
  [supabase_sync] read-back diverged for mile_5f572055: got status='published' published_at='2026-03-30T19:03:00.43911+00:00' want status='published' published_at='2026-03-30T19:03:00.439110+00:00' -- patching
  [supabase_sync] read-back diverged for mile_63ae80bd: got status='published' published_at='2026-04-03T21:03:01.54717+00:00' want status='published' published_at='2026-04-03T21:03:01.547170+00:00' -- patching
  [supabase_sync] read-back diverged for mile_64422621: got status='published' published_at='2026-03-29T13:03:00.93241+00:00' want status='published' published_at='2026-03-29T13:03:00.932410+00:00' -- patching
  [supabase_sync] read-back diverged for mile_66187f9c: got status='published' published_at='2026-03-25T12:03:01.43391+00:00' want status='published' published_at='2026-03-25T12:03:01.433910+00:00' -- patching
  [supabase_sync] read-back diverged for mile_66c30b90: got status='published' published_at='2026-03-16T20:50:16.28267+00:00' want status='published' published_at='2026-03-16T20:50:16.282670+00:00' -- patching