04:06:02   r= 850/1000  valid=850/850  recent50_median=3.58  elapsed=2138s  ETA=377s
04:07:04   r= 875/1000  valid=875/875  recent50_median=3.64  elapsed=2200s  ETA=314s
04:08:08   r= 900/1000  valid=900/900  recent50_median=3.82  elapsed=2264s  ETA=252s
04:09:11   r= 925/1000  valid=925/925  recent50_median=3.64  elapsed=2327s  ETA=189s
04:10:13   r= 950/1000  valid=950/950  recent50_median=3.69  elapsed=2390s  ETA=126s
04:11:15   r= 975/1000  valid=975/975  recent50_median=3.82  elapsed=2452s  ETA=63s
04:12:18   r=1000/1000  valid=1000/1000  recent50_median=4.00  elapsed=2514s  ETA=0s
04:12:18 
Bootstrap done in 2514s
04:12:18 
04:12:18 Valid replicates: 1000/1000  (dropped 0)
04:12:18 90% CI = [2.284, 6.581]  median=3.781  mean=4.031  std=1.417
04:12:18 95% CI = [2.162, 7.677]
04:12:18 
Results saved to /Users/yhlai0911/Desktop/volpred-research/experiments/k1370/k1370_results.json
04:12:18 Replicate-level data saved to /Users/yhlai0911/Desktop/volpred-research/experiments/k1370/k1370_replicates.json
04:12:25 Histogram saved to /Users/yhlai0911/Desktop/volpred-research/experiments/k1370/amplification_distribution.png
04:12:25 
=== K1370 done in 42.1 min ===
04:12:25 FINAL: 90% CI = [2.284, 6.581]  median = 3.781  point estimate (canonical) = 10.07
