============================= test session starts ==============================
platform darwin -- Python 3.12.10, pytest-9.0.3, pluggy-1.6.0 -- /Users/yhlai0911/Desktop/volpred-research/.venv/bin/python3
cachedir: .pytest_cache
rootdir: /Users/yhlai0911/Desktop/volpred-research
configfile: pyproject.toml
plugins: anyio-4.12.1
collecting ... collected 17 items

tests/test_publish_draft_experiment_refs.py::test_parse_inline_list PASSED [  5%]
tests/test_publish_draft_experiment_refs.py::test_parse_block_list PASSED [ 11%]
tests/test_publish_draft_experiment_refs.py::test_parse_single_value PASSED [ 17%]
tests/test_publish_draft_experiment_refs.py::test_parse_missing_field_returns_empty_list PASSED [ 23%]
tests/test_publish_draft_experiment_refs.py::test_parse_lowercase_normalized_to_uppercase PASSED [ 29%]
tests/test_publish_draft_experiment_refs.py::test_normalize_refs_uppercase_kid PASSED [ 35%]
tests/test_publish_draft_experiment_refs.py::test_normalize_refs_dedupe_preserves_first_occurrence PASSED [ 41%]
tests/test_publish_draft_experiment_refs.py::test_normalize_refs_drops_empty_and_none PASSED [ 47%]
tests/test_publish_draft_experiment_refs.py::test_normalize_refs_preserves_non_k_strings PASSED [ 52%]
tests/test_publish_draft_experiment_refs.py::test_normalize_refs_preserves_kid_suffix PASSED [ 58%]
tests/test_publish_draft_experiment_refs.py::test_kid_plus_frontmatter_merges_no_duplicate PASSED [ 64%]
tests/test_publish_draft_experiment_refs.py::test_kid_only_legacy_path_still_works PASSED [ 70%]
tests/test_publish_draft_experiment_refs.py::test_frontmatter_only_no_kid PASSED [ 76%]
tests/test_publish_draft_experiment_refs.py::test_kid_added_to_frontmatter_list_when_not_present PASSED [ 82%]
tests/test_publish_draft_experiment_refs.py::test_kid_lowercase_normalizes PASSED [ 88%]
tests/test_publish_draft_experiment_refs.py::test_update_mode_merges_frontmatter_into_existing_refs PASSED [ 94%]
tests/test_publish_draft_experiment_refs.py::test_update_mode_no_frontmatter_refs_preserves_existing PASSED [100%]

============================== 17 passed in 0.03s ==============================
