18:03:46   [2383.TW] loaded from local cache: 6554 rows
18:03:46   [2882.TW] loaded from local cache: 6554 rows
18:03:46   [2891.TW] loaded from local cache: 5936 rows
18:03:46   [2412.TW] loaded from local cache: 6328 rows
18:03:46   [2885.TW] loaded from local cache: 6554 rows
18:03:46   [2881.TW] loaded from local cache: 6042 rows
18:03:46   ^TWII: n=4160  mean=0.00024  std=0.01149  [2008-01-03 → 2024-12-31]
18:03:46   2317.TW: n=4170  mean=0.00028  std=0.01885  [2008-01-03 → 2024-12-31]
18:03:46   2454.TW: n=4170  mean=0.00050  std=0.02360  [2008-01-03 → 2024-12-31]
18:03:46   2886.TW: n=4170  mean=0.00038  std=0.01537  [2008-01-03 → 2024-12-31]
18:03:46   2383.TW: n=4170  mean=0.00115  std=0.02585  [2008-01-03 → 2024-12-31]
18:03:46   2882.TW: n=4170  mean=0.00021  std=0.01762  [2008-01-03 → 2024-12-31]
18:03:46   2891.TW: n=4170  mean=0.00042  std=0.01804  [2008-01-03 → 2024-12-31]
18:03:46   2412.TW: n=4170  mean=0.00031  std=0.01039  [2008-01-03 → 2024-12-31]
18:03:46   2885.TW: n=4170  mean=0.00032  std=0.01846  [2008-01-03 → 2024-12-31]
18:03:46   2881.TW: n=4170  mean=0.00053  std=0.01723  [2008-01-03 → 2024-12-31]
18:03:46 
18:03:46 [2/3] Point-estimate sanity check (full-sample, single-start)...
18:03:46   ^TWII: γ=+0.1139  (converged 10/10)
18:03:47   2317.TW: γ=+0.0320  (converged 10/10)
