- [ok] release_pool_gap level=info title=Release pool cron gap > 12.5h (interval=720min)
- [ok] draft_pool_low level=info title=Draft pool below threshold (<4)
- [ok] host_cron_fail level=info title=Host cron failure detected
JSON: {"breach_count": 0, "sent_count": 0, "skipped_count": 0, "generated_at": "2026-04-24T04:00:01.519948+00:00"}
=== ops check-alerts ===
  run-due-jobs: fired=1 skipped=4 ids=['release_pool']
  release-pool-auto: skip reason=interval_not_due_age=240min
breaches=0 sent=0 skipped=0
- [ok] release_pool_gap level=info title=Release pool cron gap > 12.5h (interval=720min)
- [ok] draft_pool_low level=info title=Draft pool below threshold (<4)
- [ok] host_cron_fail level=info title=Host cron failure detected
JSON: {"breach_count": 0, "sent_count": 0, "skipped_count": 0, "generated_at": "2026-04-24T05:00:01.734257+00:00"}
=== ops check-alerts ===
  run-due-jobs: fired=0 skipped=5 ids=[]
  release-pool-auto: skip reason=interval_not_due_age=300min
breaches=0 sent=0 skipped=0
- [ok] release_pool_gap level=info title=Release pool cron gap > 12.5h (interval=720min)
- [ok] draft_pool_low level=info title=Draft pool below threshold (<4)
- [ok] host_cron_fail level=info title=Host cron failure detected
JSON: {"breach_count": 0, "sent_count": 0, "skipped_count": 0, "generated_at": "2026-04-24T06:00:01.325512+00:00"}
