=== Cron last_run full ===
"2026-05-19T08:00 release_pool"
"2026-05-19T07:00 collect_tw_data"
"2026-05-19T05:00 release_settings_audit"
"2026-05-19T04:00 paper_sync_all"
"2026-05-19T00:00 research_backlog_daily"
"2026-05-19T00:00 collect_us_data"
"2026-05-18T22:00 memory_health_daily"
"2026-05-18T00:00 market_calendar_sync"
"2026-05-17T23:00 populate_events_weekly"
"2026-05-17T22:00 refresh_paper_snapshots"
"2026-04-26T13:00 continue_task_stub"
"2026-04-25T01:05 daily_update"

=== US data freshness ===
-rw-r--r--  1 yhlai0911  staff  8385 May 19 11:44 storage/logs/cron/collect_us.log

✓ 美股數據收集完成
=== [collect_us_data] exit 0 at 2026-05-19T00:00:35.546398+00:00 (duration=25.2s) ===

=== TW data freshness ===
-rw-r--r--@ 1 yhlai0911  staff  11462 May 19 15:00 storage/logs/cron/collect_tw.log

✓ 台股數據收集完成
=== [collect_tw_data] exit 0 at 2026-05-19T07:00:42.012952+00:00 (duration=31.4s) ===

=== VIXTWN freshness ===
2026-05-15,38.59,38.62
2026-05-18,39.07,39.07
2026-05-18,39.07,39.07

=== TAIFEX freshness ===
