03:30:23   2881.TW: γ=+0.0217  (converged 10/10)
03:30:23   MATCHED-SAMPLE (2008-2024): TAIEX γ = 0.1139, mean 9-indiv γ = 0.0242, ratio = 4.70
03:30:24   MIXED-SAMPLE (TAIEX 1997-2026 / indiv 2008-2024): TAIEX γ = 0.1078, ratio = 4.45 ← reproduces paper headline ~10×
03:30:24   (paper headline target ≈ 10.07 = mixed-sample)
03:30:24 
03:30:24 [3/3] Running 1000 bootstrap replicates (block_length=252, N_start=10; ~100000 total MLE fits)...
03:30:26   r=   1/1000  valid=1/1  recent50_median=3.84  elapsed=3s  ETA=2632s
03:31:27   r=  25/1000  valid=25/25  recent50_median=3.90  elapsed=64s  ETA=2477s
03:32:30   r=  50/1000  valid=50/50  recent50_median=3.93  elapsed=127s  ETA=2406s
03:33:33   r=  75/1000  valid=75/75  recent50_median=3.75  elapsed=189s  ETA=2330s
03:34:36   r= 100/1000  valid=100/100  recent50_median=3.74  elapsed=253s  ETA=2274s
03:35:39   r= 125/1000  valid=125/125  recent50_median=4.05  elapsed=315s  ETA=2208s
03:36:42   r= 150/1000  valid=150/150  recent50_median=3.39  elapsed=378s  ETA=2142s
03:37:45   r= 175/1000  valid=175/175  recent50_median=3.31  elapsed=441s  ETA=2081s
03:38:48   r= 200/1000  valid=200/200  recent50_median=3.52  elapsed=505s  ETA=2018s
03:39:51   r= 225/1000  valid=225/225  recent50_median=3.64  elapsed=568s  ETA=1955s
03:40:54   r= 250/1000  valid=250/250  recent50_median=3.60  elapsed=631s  ETA=1892s
03:41:57   r= 275/1000  valid=275/275  recent50_median=3.67  elapsed=693s  ETA=1828s
03:43:00   r= 300/1000  valid=300/300  recent50_median=4.09  elapsed=756s  ETA=1764s
03:44:02   r= 325/1000  valid=325/325  recent50_median=4.09  elapsed=819s  ETA=1700s
03:45:05   r= 350/1000  valid=350/350  recent50_median=3.82  elapsed=882s  ETA=1637s
03:46:08   r= 375/1000  valid=375/375  recent50_median=3.70  elapsed=944s  ETA=1574s
03:47:10   r= 400/1000  valid=400/400  recent50_median=3.72  elapsed=1007s  ETA=1510s
03:48:14   r= 425/1000  valid=425/425  recent50_median=3.69  elapsed=1070s  ETA=1448s
03:49:17   r= 450/1000  valid=450/450  recent50_median=3.53  elapsed=1133s  ETA=1385s
03:50:18   r= 475/1000  valid=475/475  recent50_median=3.72  elapsed=1195s  ETA=1320s
03:51:21   r= 500/1000  valid=500/500  recent50_median=3.66  elapsed=1257s  ETA=1257s
03:52:24   r= 525/1000  valid=525/525  recent50_median=3.70  elapsed=1321s  ETA=1195s
03:53:28   r= 550/1000  valid=550/550  recent50_median=3.67  elapsed=1384s  ETA=1133s
03:54:31   r= 575/1000  valid=575/575  recent50_median=3.96  elapsed=1447s  ETA=1070s
03:55:34   r= 600/1000  valid=600/600  recent50_median=3.82  elapsed=1511s  ETA=1007s
03:56:38   r= 625/1000  valid=625/625  recent50_median=3.67  elapsed=1574s  ETA=944s
03:57:40   r= 650/1000  valid=650/650  recent50_median=3.75  elapsed=1637s  ETA=881s
03:58:43   r= 675/1000  valid=675/675  recent50_median=3.77  elapsed=1700s  ETA=818s
03:59:46   r= 700/1000  valid=700/700  recent50_median=3.76  elapsed=1762s  ETA=755s
04:00:49   r= 725/1000  valid=725/725  recent50_median=3.93  elapsed=1825s  ETA=692s
04:01:52   r= 750/1000  valid=750/750  recent50_median=4.30  elapsed=1889s  ETA=630s
04:02:55   r= 775/1000  valid=775/775  recent50_median=4.33  elapsed=1951s  ETA=567s
04:03:57   r= 800/1000  valid=800/800  recent50_median=3.84  elapsed=2013s  ETA=503s
04:04:59   r= 825/1000  valid=825/825  recent50_median=3.71  elapsed=2076s  ETA=440s
04:06:02   r= 850/1000  valid=850/850  recent50_median=3.58  elapsed=2138s  ETA=377s
04:07:04   r= 875/1000  valid=875/875  recent50_median=3.64  elapsed=2200s  ETA=314s
04:08:08   r= 900/1000  valid=900/900  recent50_median=3.82  elapsed=2264s  ETA=252s
04:09:11   r= 925/1000  valid=925/925  recent50_median=3.64  elapsed=2327s  ETA=189s
04:10:13   r= 950/1000  valid=950/950  recent50_median=3.69  elapsed=2390s  ETA=126s
04:11:15   r= 975/1000  valid=975/975  recent50_median=3.82  elapsed=2452s  ETA=63s
04:12:18   r=1000/1000  valid=1000/1000  recent50_median=4.00  elapsed=2514s  ETA=0s
04:12:18 
Bootstrap done in 2514s
04:12:18 
04:12:18 Valid replicates: 1000/1000  (dropped 0)
04:12:18 90% CI = [2.284, 6.581]  median=3.781  mean=4.031  std=1.417
04:12:18 95% CI = [2.162, 7.677]
04:12:18 
Results saved to /Users/yhlai0911/Desktop/volpred-research/experiments/k1370/k1370_results.json
04:12:18 Replicate-level data saved to /Users/yhlai0911/Desktop/volpred-research/experiments/k1370/k1370_replicates.json
04:12:25 Histogram saved to /Users/yhlai0911/Desktop/volpred-research/experiments/k1370/amplification_distribution.png
04:12:25 
=== K1370 done in 42.1 min ===
04:12:25 FINAL: 90% CI = [2.284, 6.581]  median = 3.781  point estimate (canonical) = 10.07
