PID=24461
EXITED after 4s
     261 /tmp/k547_sync_dryrun.log
---head/tail---
[feed-sync] feed=997 db=999 insert=0 update=997 delete=2
  sample update: ['auto_20260316_023120', 'auto_20260316_023213', 'auto_20260316_023240', 'auto_20260316_023459', 'crisis_protection_20260316_002220']
  sample delete: ['mile_5052651e', 'mile_61ed8c8b']
[feed-sync] dry-run: no writes performed
JSON: {"action": "feed_sync", "result": {"mode": "dry_run", "diff": {"insert": 
[], "update": ["auto_20260316_023120", "auto_20260316_023213", 
"auto_20260316_023240", "auto_20260316_023459", 
"crisis_protection_20260316_002220", "cross_period_validation_20260316", 
"dollar_protection_20260316", "exp_gjr_w2000_20260316_0220", 
"feed_20260316_131711", "feed_20260316_vrp", "garch_gru_critique_20260316", 
...
"mile_e92b4dfc", "mile_ea176c2f", "mile_ea354c29", "mile_ea5b5c89", 
"mile_ea6a14bf", "mile_ea6bac68", "mile_ea84b5cf", "mile_eaa65163", 
"mile_eb1bd4fb", "mile_eb8a1e7c", "mile_ebe23c23", "mile_ec5edc10", 
"mile_ec77e7fd", "mile_ec8d602e", "mile_ece904f2", "mile_ed35cc72", 
"mile_ee08d7a9", "mile_ee473d5a", "mile_ee595d1b", "mile_ee729e84", 
"mile_ee822ee6", "mile_eea3a6db", "mile_eeb0602d", "mile_ef124c4a", 
"mile_ef333028", "mile_ef918010", "mile_efa0577d", "mile_efab2c68", 
"mile_efc13a10", "mile_f048568b", "mile_f0690cf8", "mile_f0701bfd", 
"mile_f0be55f7", "mile_f0ddde60", "mile_f0f8a922", "mile_f1301f57", 
"mile_f17cf497", "mile_f1a2b212", "mile_f1a45683", "mile_f1e927f5", 
"mile_f2340786", "mile_f2c59cc0", "mile_f3313691", "mile_f3450103", 
"mile_f3475a6f", "mile_f36d7763", "mile_f39bc890", "mile_f3ac6ce6", 
"mile_f3f0ecd8", "mile_f42dfd96", "mile_f4886971", "mile_f524de30", 
"mile_f52fb13b", "mile_f572cc94", "mile_f599aaee", "mile_f637d958", 
"mile_f6ba9753", "mile_f6d9607e", "mile_f7008ac5", "mile_f708629a", 
"mile_f7a7cf81", "mile_f7b710f3", "mile_f7bc6e6a", "mile_f7d35a20", 
"mile_f7eafd8b", "mile_f8271403", "mile_f8d2ffb9", "mile_f972159f", 
"mile_f98025e6", "mile_f9ca978f", "mile_fa0f1123", "mile_fa23c3b2", 
"mile_fa4205fb", "mile_fa6c8f36", "mile_fab9699f", "mile_fad74cbb", 
"mile_fae0606d", "mile_faf5dba4", "mile_fb5cc99e", "mile_fb6ad1d4", 
"mile_fb97b369", "mile_fbb4bc59", "mile_fc5302e1", "mile_fca8bc44", 
"mile_fcbaebf2", "mile_fccf06c9", "mile_fcf218fa", "mile_fcf58803", 
"mile_fcf7e1f0", "mile_fdb37f23", "mile_fe4e27d1", "mile_fecbd986", 
"mile_fef2e0b2", "mile_ff026a65", "mile_ff03d38e", "mile_ff4413cc", 
"mile_ff6d24a0", "mile_ff86cb93", "mile_ffa79361", "mile_ffe9335c", 
"mile_lclyuzrt", "mile_p205dqkc", "persistence_bias_impact_20260316", 
"phase_m_window_20260316", "self_correction_20260316", "skill_cleanup_20260316",
"timing_alpha_20260316"], "delete": ["mile_5052651e", "mile_61ed8c8b"], 
"real_delete": [], "draft_only": ["mile_5052651e", "mile_61ed8c8b"], 
"feed_count": 997, "db_count": 999}}}
