"2026-05-16T04:04:00.347768+00:00"}}
=== [release_pool] exit 0 at 2026-05-16T05:10:08.067970+00:00 (duration=3.7s) ===
=== [release_pool] piggy-back fire at 2026-05-16T05:10:14.481921+00:00 ===
Skipped release run
JSON: {"action": "release_article_pool_by_settings", "mode": "auto", 
"released_count": 0, "released": [], "skipped": true, "reason": 
"interval_not_due", "next_release_at": "2026-05-16T07:03:00+00:00", "settings": 
{"mode": "auto", "interval_minutes": 180, "max_articles_per_run": 1, "due_only":
true, "include_drafts": true, "preferred_audiences": [], "last_released_at": 
"2026-05-16T04:03:39.855117+00:00", "updated_at": 
"2026-05-16T04:04:00.347768+00:00"}}
=== [release_pool] exit 0 at 2026-05-16T05:10:21.668884+00:00 (duration=7.2s) ===
=== [release_pool] check_alerts fallback fire at 2026-05-16T07:10:10+00:00 ===
=== [release_pool] exit 0 at 2026-05-16T07:10:34+00:00 (fallback) ===
=== [release_pool] check_alerts fallback fire at 2026-05-16T07:10:11+00:00 ===
=== [release_pool] exit 0 at 2026-05-16T07:10:40+00:00 (fallback) ===
Skipped release run
JSON: {"action": "release_article_pool_by_settings", "mode": "auto", 
"released_count": 0, "released": [], "skipped": true, "reason": 
"interval_not_due", "next_release_at": "2026-05-16T13:06:00+00:00", "settings": 
{"mode": "auto", "interval_minutes": 180, "max_articles_per_run": 1, "due_only":
true, "include_drafts": true, "preferred_audiences": [], "last_released_at": 
"2026-05-16T10:06:15.592040+00:00", "updated_at": 
"2026-05-16T07:10:40.007203+00:00"}}
Skipped release run
JSON: {"action": "release_article_pool_by_settings", "mode": "auto", 
"released_count": 0, "released": [], "skipped": true, "reason": 
"interval_not_due", "next_release_at": "2026-05-16T13:06:00+00:00", "settings": 
{"mode": "auto", "interval_minutes": 180, "max_articles_per_run": 1, "due_only":
true, "include_drafts": true, "preferred_audiences": [], "last_released_at": 
"2026-05-16T10:06:15.592040+00:00", "updated_at": 
"2026-05-16T07:10:40.007203+00:00"}}
Skipped release run
JSON: {"action": "release_article_pool_by_settings", "mode": "auto", 
"released_count": 0, "released": [], "skipped": true, "reason": 
"interval_not_due", "next_release_at": "2026-05-16T15:25:00+00:00", "settings": 
{"mode": "auto", "interval_minutes": 180, "max_articles_per_run": 1, "due_only":
true, "include_drafts": true, "preferred_audiences": [], "last_released_at": 
"2026-05-16T12:25:25.641744+00:00", "updated_at": 
"2026-05-16T10:07:09.377414+00:00"}}
