=== [release_pool] exit 0 at 2026-04-24T01:05:55+00:00 (fallback) ===
=== [release_pool] piggy-back fire at 2026-04-24T05:00:01.371940+00:00 ===
Skipped release run
JSON: {"action": "release_article_pool_by_settings", "mode": "auto", 
"released_count": 0, "released": [], "skipped": true, "reason": 
"interval_not_due", "next_release_at": "2026-04-24T13:00:00+00:00", "settings": 
{"mode": "auto", "interval_minutes": 720, "max_articles_per_run": 1, "due_only":
true, "include_drafts": true, "preferred_audiences": [], "last_released_at": 
"2026-04-24T01:00:30.609603+00:00", "updated_at": 
"2026-04-24T01:05:55.516633+00:00"}}
=== [release_pool] exit 0 at 2026-04-24T05:00:01.731916+00:00 (duration=0.4s) ===
=== [release_pool] check_alerts fallback fire at 2026-04-24T13:00:01+00:00 ===
=== [release_pool] exit 0 at 2026-04-24T13:00:22+00:00 (fallback) ===
=== [release_pool] piggy-back fire at 2026-04-24T16:24:42.899940+00:00 ===
Skipped release run
JSON: {"action": "release_article_pool_by_settings", "mode": "auto", 
"released_count": 0, "released": [], "skipped": true, "reason": 
"interval_not_due", "next_release_at": "2026-04-25T01:00:00+00:00", "settings": 
{"mode": "auto", "interval_minutes": 720, "max_articles_per_run": 1, "due_only":
true, "include_drafts": true, "preferred_audiences": [], "last_released_at": 
"2026-04-24T13:00:01.614750+00:00", "updated_at": 
"2026-04-24T13:00:22.363825+00:00"}}
=== [release_pool] exit 0 at 2026-04-24T16:24:43.183594+00:00 (duration=0.3s) ===
=== [release_pool] check_alerts fallback fire at 2026-04-25T01:05:47+00:00 ===
=== [release_pool] exit 0 at 2026-04-25T01:05:48+00:00 (fallback) ===
