JSON: {"action": "release_article_pool_by_settings", "mode": "auto", 
"released_count": 0, "released": [], "skipped": true, "reason": 
"interval_not_due", "next_release_at": "2026-05-03T21:00:00+00:00", "settings": 
{"mode": "auto", "interval_minutes": 360, "max_articles_per_run": 1, "due_only":
true, "include_drafts": true, "preferred_audiences": [], "last_released_at": 
"2026-05-03T15:00:06.005430+00:00", "updated_at": 
"2026-05-03T15:00:24.953204+00:00"}}
=== [release_pool] exit 0 at 2026-05-03T17:00:05.140932+00:00 (duration=0.4s) ===
=== [release_pool] check_alerts fallback fire at 2026-05-03T21:00:03+00:00 ===
=== [release_pool] exit 0 at 2026-05-03T21:00:22+00:00 (fallback) ===
Skipped release run
JSON: {"action": "release_article_pool_by_settings", "mode": "auto", 
"released_count": 0, "released": [], "skipped": true, "reason": 
"interval_not_due", "next_release_at": "2026-05-04T03:00:00+00:00", "settings": 
{"mode": "auto", "interval_minutes": 360, "max_articles_per_run": 1, "due_only":
true, "include_drafts": true, "preferred_audiences": [], "last_released_at": 
"2026-05-03T21:00:03.954421+00:00", "updated_at": 
"2026-05-03T21:00:22.001749+00:00"}}
=== [release_pool] piggy-back fire at 2026-05-03T23:00:01.584473+00:00 ===
Skipped release run
JSON: {"action": "release_article_pool_by_settings", "mode": "auto", 
"released_count": 0, "released": [], "skipped": true, "reason": 
"interval_not_due", "next_release_at": "2026-05-04T03:00:00+00:00", "settings": 
{"mode": "auto", "interval_minutes": 360, "max_articles_per_run": 1, "due_only":
true, "include_drafts": true, "preferred_audiences": [], "last_released_at": 
"2026-05-03T21:00:03.954421+00:00", "updated_at": 
"2026-05-03T21:00:22.001749+00:00"}}
=== [release_pool] exit 0 at 2026-05-03T23:00:01.911383+00:00 (duration=0.3s) ===
=== [release_pool] check_alerts fallback fire at 2026-05-04T03:00:01+00:00 ===
=== [release_pool] exit 0 at 2026-05-04T03:00:21+00:00 (fallback) ===
===
--- Ops alert checks ---
  breaches=1 sent=0 skipped=1
  - [ok] release_pool_gap | Release pool cron gap > 6.5h (interval=360min)
  - [⚠️ BREACH] draft_pool_low | Draft pool below threshold (<4)
  - [ok] host_cron_fail | Host cron failure detected
  - [ok] member_qa_stale | Member Q&A pending stale
  - [ok] supabase_sync_fail | Supabase sync queue clean

✓ Done!
=== [daily_update] exit 0 at 2026-05-02T01:02:38.167881+00:00 (duration=155.5s) ===
