true, "include_drafts": true, "preferred_audiences": [], "limit": 1, "mode": 
"auto", "force": false, "skipped": false, "settings": {"mode": "auto", 
"interval_minutes": 720, "max_articles_per_run": 1, "due_only": true, 
"include_drafts": true, "preferred_audiences": [], "last_released_at": 
"2026-04-26T05:00:01.350297+00:00", "updated_at": 
"2026-04-26T05:00:21.506453+00:00"}}
=== [release_pool] exit 0 at 2026-04-26T05:00:21.878714+00:00 (duration=21.0s) ===
Skipped release run
JSON: {"action": "release_article_pool_by_settings", "mode": "auto", 
"released_count": 0, "released": [], "skipped": true, "reason": 
"interval_not_due", "next_release_at": "2026-04-26T17:00:00+00:00", "settings": 
{"mode": "auto", "interval_minutes": 720, "max_articles_per_run": 1, "due_only":
true, "include_drafts": true, "preferred_audiences": [], "last_released_at": 
"2026-04-26T05:00:01.350297+00:00", "updated_at": 
"2026-04-26T05:00:21.506453+00:00"}}
---main settings file again (must be from main dir)---
{
  "mode": "auto",
  "interval_minutes": 180,
  "max_articles_per_run": 1,
  "due_only": true,
  "include_drafts": true,
  "preferred_audiences": [],
  "last_released_at": "2026-05-16T00:32:51.613199+00:00",
  "updated_at": "2026-05-16T01:33:32.507089+00:00"
}