=== [check_alerts] 2026-05-16 19:00:07 CST start ===
[HANG-KILLED] check_alerts.py exceeded 300s cap (SIGALRM)
=== [check_alerts] exit 142 at 2026-05-16 19:05:07 CST (duration=302s) ===
=== [check_alerts] 2026-05-16 20:00:07 CST start ===
[HANG-KILLED] check_alerts.py exceeded 300s cap (SIGALRM)
=== [check_alerts] exit 142 at 2026-05-16 20:05:08 CST (duration=304s) ===
=== [check_alerts] 2026-05-16 21:00:02 CST start ===
[HANG-KILLED] check_alerts.py exceeded 300s cap (SIGALRM)
=== [check_alerts] exit 142 at 2026-05-16 21:05:03 CST (duration=302s) ===
=== [check_alerts] 2026-05-16 22:00:04 CST start ===
[HANG-KILLED] check_alerts.py exceeded 300s cap (SIGALRM)
=== [check_alerts] exit 142 at 2026-05-16 22:05:04 CST (duration=303s) ===
=== [check_alerts] 2026-05-16 23:00:04 CST start ===
[HANG-KILLED] check_alerts.py exceeded 300s cap (SIGALRM)
=== [check_alerts] exit 142 at 2026-05-16 23:05:04 CST (duration=302s) ===
---grep release piggy in check_alerts log---
- [ok] release_pool_gap level=info title=Release pool cron gap > 3.5h (interval=180min)
  piggy-back-drift: none
  release-pool-auto: skip reason=interval_not_due_age=60min
- [ok] release_pool_gap level=info title=Release pool cron gap > 3.5h (interval=180min)
  piggy-back-drift: none
  release-pool-auto: skip reason=interval_not_due_age=60min
- [ok] release_pool_gap level=info title=Release pool cron gap > 3.5h (interval=180min)
  piggy-back-drift: none
  release-pool-auto: skip reason=interval_not_due_age=120min
- [ok] release_pool_gap level=info title=Release pool cron gap > 3.5h (interval=180min)
