"interval_not_due", "next_release_at": "2026-04-29T08:00:00+00:00", "settings": 
{"mode": "auto", "interval_minutes": 360, "max_articles_per_run": 1, "due_only":
true, "include_drafts": true, "preferred_audiences": [], "last_released_at": 
"2026-04-29T02:00:02.359289+00:00", "updated_at": 
"2026-04-29T02:00:22.974995+00:00"}}
=== [release_pool] exit 0 at 2026-04-29T05:00:02.412935+00:00 (duration=0.3s) ===
=== [release_pool] check_alerts fallback fire at 2026-04-29T08:00:04+00:00 ===
=== [release_pool] exit 0 at 2026-04-29T08:00:23+00:00 (fallback) ===
Skipped release run
JSON: {"action": "release_article_pool_by_settings", "mode": "auto", 
"released_count": 0, "released": [], "skipped": true, "reason": 
"interval_not_due", "next_release_at": "2026-04-29T14:00:00+00:00", "settings": 
{"mode": "auto", "interval_minutes": 360, "max_articles_per_run": 1, "due_only":
true, "include_drafts": true, "preferred_audiences": [], "last_released_at": 
"2026-04-29T08:00:05.237732+00:00", "updated_at": 
"2026-04-29T08:00:23.013036+00:00"}}
=== [release_pool] piggy-back fire at 2026-04-29T11:00:03.154011+00:00 ===
Skipped release run
JSON: {"action": "release_article_pool_by_settings", "mode": "auto", 
"released_count": 0, "released": [], "skipped": true, "reason": 
"interval_not_due", "next_release_at": "2026-04-29T14:00:00+00:00", "settings": 
{"mode": "auto", "interval_minutes": 360, "max_articles_per_run": 1, "due_only":
true, "include_drafts": true, "preferred_audiences": [], "last_released_at": 
"2026-04-29T08:00:05.237732+00:00", "updated_at": 
"2026-04-29T08:00:23.013036+00:00"}}
=== [release_pool] exit 0 at 2026-04-29T11:00:03.434937+00:00 (duration=0.3s) ===
=== [release_pool] check_alerts fallback fire at 2026-04-29T14:00:04+00:00 ===
=== [release_pool] exit 0 at 2026-04-29T14:00:25+00:00 (fallback) ===
Skipped release run
JSON: {"action": "release_article_pool_by_settings", "mode": "auto", 
"released_count": 0, "released": [], "skipped": true, "reason": 
"interval_not_due", "next_release_at": "2026-04-29T20:00:00+00:00", "settings": 
{"mode": "auto", "interval_minutes": 360, "max_articles_per_run": 1, "due_only":
true, "include_drafts": true, "preferred_audiences": [], "last_released_at": 
"2026-04-29T14:00:05.123292+00:00", "updated_at": 
"2026-04-29T14:00:25.318535+00:00"}}
=== [release_pool] piggy-back fire at 2026-04-29T17:00:04.097136+00:00 ===
Skipped release run
JSON: {"action": "release_article_pool_by_settings", "mode": "auto", 
"released_count": 0, "released": [], "skipped": true, "reason": 
"interval_not_due", "next_release_at": "2026-04-29T20:00:00+00:00", "settings": 
{"mode": "auto", "interval_minutes": 360, "max_articles_per_run": 1, "due_only":
true, "include_drafts": true, "preferred_audiences": [], "last_released_at": 
"2026-04-29T14:00:05.123292+00:00", "updated_at": 
"2026-04-29T14:00:25.318535+00:00"}}
=== [release_pool] exit 0 at 2026-04-29T17:00:04.377919+00:00 (duration=0.3s) ===
=== [release_pool] check_alerts fallback fire at 2026-04-29T20:00:04+00:00 ===
=== [release_pool] exit 0 at 2026-04-29T20:00:04+00:00 (fallback) ===
=== [release_pool] check_alerts fallback fire at 2026-04-29T21:00:02+00:00 ===
=== [release_pool] exit 0 at 2026-04-29T21:00:02+00:00 (fallback) ===
=== [release_pool] check_alerts fallback fire at 2026-04-29T22:00:05+00:00 ===
=== [release_pool] exit 0 at 2026-04-29T22:00:05+00:00 (fallback) ===
Released 0 article(s) by cadence settings
JSON: {"action": "release_article_pool_by_settings", "requested_id": null, 
"released_count": 0, "released": [], "audit_skipped": [], "due_only": true, 
"include_drafts": true, "preferred_audiences": [], "limit": 1, "mode": "auto", 
"force": false, "skipped": false, "settings": {"mode": "auto", 
"interval_minutes": 360, "max_articles_per_run": 1, "due_only": true, 
"include_drafts": true, "preferred_audiences": [], "last_released_at": 
"2026-04-29T14:00:05.123292+00:00", "updated_at": 
"2026-04-29T14:00:25.318535+00:00"}}
=== [release_pool] piggy-back fire at 2026-04-29T23:00:02.131205+00:00 ===
Released 0 article(s) by cadence settings
JSON: {"action": "release_article_pool_by_settings", "requested_id": null, 
"released_count": 0, "released": [], "audit_skipped": [], "due_only": true, 
"include_drafts": true, "preferred_audiences": [], "limit": 1, "mode": "auto", 
"force": false, "skipped": false, "settings": {"mode": "auto", 
"interval_minutes": 360, "max_articles_per_run": 1, "due_only": true, 
"include_drafts": true, "preferred_audiences": [], "last_released_at": 
"2026-04-29T14:00:05.123292+00:00", "updated_at": 
"2026-04-29T14:00:25.318535+00:00"}}
=== [release_pool] exit 0 at 2026-04-29T23:00:02.395021+00:00 (duration=0.3s) ===
=== [release_pool] check_alerts fallback fire at 2026-04-29T23:00:02+00:00 ===
=== [release_pool] exit 0 at 2026-04-29T23:00:02+00:00 (fallback) ===
=== [release_pool] check_alerts fallback fire at 2026-04-30T00:00:14+00:00 ===
=== [release_pool] exit 0 at 2026-04-30T00:00:14+00:00 (fallback) ===
=== [release_pool] check_alerts fallback fire at 2026-04-30T01:02:51+00:00 ===
=== [release_pool] exit 0 at 2026-04-30T01:02:52+00:00 (fallback) ===
=== [release_pool] check_alerts fallback fire at 2026-04-30T02:00:06+00:00 ===
=== [release_pool] exit 0 at 2026-04-30T02:00:06+00:00 (fallback) ===
