[feed-sync] feed=1194 db=1000 insert=225 update=969 delete=31
  sample insert: ['auto_20260316_023240', 'auto_20260316_023459', 'cross_period_validation_20260316', 'mile_005bb77a', 'mile_02333d01']
  sample update: ['auto_20260316_023120', 'auto_20260316_023213', 'crisis_protection_20260316_002220', 'dollar_protection_20260316', 'exp_gjr_w2000_20260316_0220']
  sample delete: ['mile_0057e6fb', 'mile_07bb9798', 'mile_0a86be17', 'mile_10763328', 'mile_14a6be5d']
  [supabase_sync] markdown_table_sanitizer auto-fixed 2 row(s) for mile_02333d01: tables=6 auto_fixed_lines=[29, 52]
  [supabase_sync] read-back diverged for mile_13363a07: got status='published' published_at='2026-03-16T03:27:34.20336+00:00' want status='published' published_at='2026-03-16T03:27:34.203360+00:00' -- patching
  [supabase_sync] read-back diverged for mile_1b2ad1f8: got status='draft' published_at='2026-05-05T15:28:10.07083+00:00' want status='draft' published_at='2026-05-05T15:28:10.070830+00:00' -- patching
  [supabase_sync] WARN unfixable table rows for mile_1beaaa3f: lines=[59]
  [supabase_sync] markdown_table_sanitizer auto-fixed 2 row(s) for mile_285a3505: tables=2 auto_fixed_lines=[14, 25]
  [supabase_sync] read-back diverged for mile_28f0ae1b: got status='published' published_at='2026-04-19T20:03:01.37429+00:00' want status='published' published_at='2026-04-19T20:03:01.374290+00:00' -- patching
  [supabase_sync] read-back diverged for mile_2fe8aff2: got status='published' published_at='2026-03-14T23:53:23.96958+00:00' want status='published' published_at='2026-03-14T23:53:23.969580+00:00' -- patching
  [supabase_sync] read-back diverged for mile_340dd808: got status='published' published_at='2026-03-23T02:46:05.22941+00:00' want status='published' published_at='2026-03-23T02:46:05.229410+00:00' -- patching
  [supabase_sync] read-back diverged for mile_37b61913: got status='published' published_at='2026-03-17T14:57:27.34234+00:00' want status='published' published_at='2026-03-17T14:57:27.342340+00:00' -- patching
  [supabase_sync] read-back diverged for mile_414233df: got status='published' published_at='2026-03-28T08:03:00.43315+00:00' want status='published' published_at='2026-03-28T08:03:00.433150+00:00' -- patching
  [supabase_sync] read-back diverged for mile_45e78a59: got status='published' published_at='2026-03-16T22:39:48.56455+00:00' want status='published' published_at='2026-03-16T22:39:48.564550+00:00' -- patching
  [supabase_sync] read-back diverged for mile_4bc2e225: got status='published' published_at='2026-03-23T10:03:01.05669+00:00' want status='published' published_at='2026-03-23T10:03:01.056690+00:00' -- patching
  [supabase_sync] read-back diverged for mile_4cb24c36: got status='published' published_at='2026-04-08T12:03:01.00611+00:00' want status='published' published_at='2026-04-08T12:03:01.006110+00:00' -- patching
  [supabase_sync] markdown_table_sanitizer auto-fixed 2 row(s) for mile_5173955c: tables=3 auto_fixed_lines=[22, 29]
  [supabase_sync] read-back diverged for mile_535b44e4: got status='published' published_at='2026-03-21T12:48:01.20891+00:00' want status='published' published_at='2026-03-21T12:48:01.208910+00:00' -- patching
  [supabase_sync] read-back diverged for mile_560bf8bc: got status='published' published_at='2026-03-17T04:34:53.57913+00:00' want status='published' published_at='2026-03-17T04:34:53.579130+00:00' -- patching
  [supabase_sync] read-back diverged for mile_7c87b159: got status='published' published_at='2026-03-16T05:58:22.02941+00:00' want status='published' published_at='2026-03-16T05:58:22.029410+00:00' -- patching
  [supabase_sync] read-back diverged for mile_80e3835e: got status='draft' published_at='2026-05-05T03:29:09.48487+00:00' want status='draft' published_at='2026-05-05T03:29:09.484870+00:00' -- patching
  [supabase_sync] markdown_table_sanitizer auto-fixed 1 row(s) for mile_81b4713f: tables=8 auto_fixed_lines=[18]
  [supabase_sync] markdown_table_sanitizer auto-fixed 2 row(s) for mile_96fa58b4: tables=5 auto_fixed_lines=[13, 75]
  [supabase_sync] read-back diverged for mile_98e56f97: got status='published' published_at='2026-04-05T22:03:01.16541+00:00' want status='published' published_at='2026-04-05T22:03:01.165410+00:00' -- patching
  [supabase_sync] read-back diverged for mile_9bb1556b: got status='published' published_at='2026-03-16T03:54:46.19242+00:00' want status='published' published_at='2026-03-16T03:54:46.192420+00:00' -- patching
  [supabase_sync] read-back diverged for mile_9ed87beb: got status='draft' published_at='2026-05-09T13:43:44.40389+00:00' want status='draft' published_at='2026-05-09T13:43:44.403890+00:00' -- patching
  [supabase_sync] markdown_table_sanitizer auto-fixed 1 row(s) for mile_a519944b: tables=5 auto_fixed_lines=[93] unfixable_lines=[72, 130]
  [supabase_sync] WARN unfixable table rows for mile_a519944b: lines=[72, 130]
  [supabase_sync] WARN unfixable table rows for mile_aeb8e31c: lines=[14]
  [supabase_sync] read-back diverged for mile_b232cdec: got status='published' published_at='2026-03-17T07:38:18.15846+00:00' want status='published' published_at='2026-03-17T07:38:18.158460+00:00' -- patching
  Supabase article tag sync incomplete for mile_cc6ea154: missing tag ids for ['Taiwan,0050.TW,SPY,momentum,strategy,overnight,cross-market']
  Warning: article synced but tags missing for mile_cc6ea154
  Supabase article tag sync incomplete for mile_d4f484a6: missing tag ids for ['VaR,self-correction,skewness,cross-asset,methodology']
  Warning: article synced but tags missing for mile_d4f484a6
  [supabase_sync] read-back diverged for mile_d9d88717: got status='draft' published_at='2026-05-08T04:11:18.30585+00:00' want status='draft' published_at='2026-05-08T04:11:18.305850+00:00' -- patching
  [supabase_sync] WARN unfixable table rows for mile_daf56741: lines=[21]
  [supabase_sync] read-back diverged for mile_dd48152c: got status='draft' published_at='2026-05-05T04:28:13.2699+00:00' want status='draft' published_at='2026-05-05T04:28:13.269900+00:00' -- patching
  [supabase_sync] read-back diverged for mile_e6e05369: got status='draft' published_at='2026-05-10T08:35:37.36562+00:00' want status='draft' published_at='2026-05-10T08:35:37.365620+00:00' -- patching
  [supabase_sync] markdown_table_sanitizer auto-fixed 1 row(s) for mile_f3ac6ce6: tables=5 auto_fixed_lines=[59]
  [supabase_sync] read-back diverged for mile_f8d2ffb9: got status='published' published_at='2026-04-24T13:00:01.61475+00:00' want status='published' published_at='2026-04-24T13:00:01.614750+00:00' -- patching
  [supabase_sync] read-back diverged for mile_faf5dba4: got status='published' published_at='2026-03-14T23:55:26.31924+00:00' want status='published' published_at='2026-03-14T23:55:26.319240+00:00' -- patching
  [supabase_sync] read-back diverged for mile_fcbaebf2: got status='published' published_at='2026-03-18T01:07:39.09282+00:00' want status='published' published_at='2026-03-18T01:07:39.092820+00:00' -- patching
  [supabase_sync] markdown_table_sanitizer auto-fixed 1 row(s) for mile_027b6ad8: tables=5 auto_fixed_lines=[27]
  [supabase_sync] read-back diverged for mile_03173c26: got status='published' published_at='2026-04-17T06:03:00.86277+00:00' want status='published' published_at='2026-04-17T06:03:00.862770+00:00' -- patching
  [supabase_sync] read-back diverged for mile_03686756: got status='published' published_at='2026-04-08T06:03:00.41215+00:00' want status='published' published_at='2026-04-08T06:03:00.412150+00:00' -- patching
  [supabase_sync] read-back diverged for mile_096db2f2: got status='draft' published_at='2026-05-04T22:27:13.91446+00:00' want status='draft' published_at='2026-05-04T22:27:13.914460+00:00' -- patching
  [supabase_sync] read-back diverged for mile_0ac265bd: got status='draft' published_at='2026-05-04T17:29:11.71037+00:00' want status='draft' published_at='2026-05-04T17:29:11.710370+00:00' -- patching
  [supabase_sync] read-back diverged for mile_0b895e308f91: got status='published' published_at='2026-03-31T00:03:01.24974+00:00' want status='published' published_at='2026-03-31T00:03:01.249740+00:00' -- patching
  [supabase_sync] read-back diverged for mile_0dec3ca5: got status='published' published_at='2026-04-10T00:03:00.98552+00:00' want status='published' published_at='2026-04-10T00:03:00.985520+00:00' -- patching