        for t in user:
            assert t in final
        # Audience tag survives (priority over K-ids)
>       assert "一般讀者" in final
E       AssertionError: assert '一般讀者' in ['a', 'b', 'c', 'd', 'e', 'f', ...]

tests/test_publish_draft_tag_cap.py:80: AssertionError
________________ test_audience_evicted_only_after_all_kids_gone ________________

    def test_audience_evicted_only_after_all_kids_gone():
        """When user tags fill cap, audience evicted before any user tag."""
        # 9 user tags > cap 8 → no kid in input, audience must be evicted
        user = ["a", "b", "c", "d", "e", "f", "g", "h", "i"]
        final, audit = _cap_tags_with_priority(user, "general", [])
        # 9 + 1 audience = 10; need to drop 2 → audience first, then last user
        assert len(final) == 8
        assert "一般讀者" not in final
        # Last user tag 'i' evicted (after audience)
        assert "i" not in final
        # Earlier user tags survive
        assert "a" in final
>       assert "h" not in final  # 'h' is the next-from-last user tag
        ^^^^^^^^^^^^^^^^^^^^^^^
E       AssertionError: assert 'h' not in ['a', 'b', 'c', 'd', 'e', 'f', ...]

tests/test_publish_draft_tag_cap.py:164: AssertionError
=========================== short test summary info ============================
FAILED tests/test_publish_draft_tag_cap.py::test_eight_user_tags_plus_audience_plus_two_kids_evicts_all_kids
FAILED tests/test_publish_draft_tag_cap.py::test_audience_evicted_only_after_all_kids_gone
========================= 2 failed, 18 passed in 0.25s =========================
