true, "include_drafts": true, "preferred_audiences": [], "last_released_at": 
"2026-05-15T21:00:13.786781+00:00", "updated_at": 
"2026-05-15T21:00:43.729155+00:00"}}
=== [release_pool] exit 0 at 2026-05-15T23:00:17.473210+00:00 (duration=0.5s) ===
=== [release_pool] exit 0 at 2026-05-15T23:00:17.528617+00:00 (duration=0.4s) ===
=== [release_pool] piggy-back fire at 2026-05-16T02:10:04.892933+00:00 ===
=== [release_pool] piggy-back fire at 2026-05-16T02:10:09.052600+00:00 ===
Skipped release run
JSON: {"action": "release_article_pool_by_settings", "mode": "auto", 
"released_count": 0, "released": [], "skipped": true, "reason": 
"interval_not_due", "next_release_at": "2026-05-16T03:32:00+00:00", "settings": 
{"mode": "auto", "interval_minutes": 180, "max_articles_per_run": 1, "due_only":
true, "include_drafts": true, "preferred_audiences": [], "last_released_at": 
"2026-05-16T00:32:51.613199+00:00", "updated_at": 
"2026-05-16T01:33:32.507089+00:00"}}
=== [release_pool] exit 0 at 2026-05-16T02:10:18.575495+00:00 (duration=13.7s) ===
Skipped release run
JSON: {"action": "release_article_pool_by_settings", "mode": "auto", 
"released_count": 0, "released": [], "skipped": true, "reason": 
"interval_not_due", "next_release_at": "2026-05-16T03:32:00+00:00", "settings": 
{"mode": "auto", "interval_minutes": 180, "max_articles_per_run": 1, "due_only":
true, "include_drafts": true, "preferred_audiences": [], "last_released_at": 
"2026-05-16T00:32:51.613199+00:00", "updated_at": 
"2026-05-16T01:33:32.507089+00:00"}}
=== [release_pool] exit 0 at 2026-05-16T02:10:21.410395+00:00 (duration=12.4s) ===
---check_alerts hourly fires:
JSON: {"breach_count": 0, "sent_count": 0, "skipped_count": 0, "generated_at": "2026-05-16T00:00:28.087569+00:00"}
JSON: {"breach_count": 0, "sent_count": 0, "skipped_count": 0, "generated_at": "2026-05-16T00:00:28.316220+00:00"}
JSON: {"breach_count": 0, "sent_count": 0, "skipped_count": 0, "generated_at": "2026-05-16T01:10:02.534662+00:00"}
JSON: {"breach_count": 0, "sent_count": 0, "skipped_count": 0, "generated_at": "2026-05-16T01:10:03.540593+00:00"}
JSON: {"breach_count": 0, "sent_count": 0, "skipped_count": 0, "generated_at": "2026-05-16T02:10:19.897832+00:00"}
JSON: {"breach_count": 0, "sent_count": 0, "skipped_count": 0, "generated_at": "2026-05-16T02:10:21.911320+00:00"}
JSON: {"breach_count": 0, "sent_count": 0, "skipped_count": 0, "generated_at": "2026-05-16T03:10:06.814272+00:00"}
JSON: {"breach_count": 0, "sent_count": 0, "skipped_count": 0, "generated_at": "2026-05-16T03:10:08.487520+00:00"}
