"released_count": 0, "released": [], "skipped": true, "reason": 
"interval_not_due", "next_release_at": "2026-04-26T04:49:00+00:00", "settings": 
{"mode": "auto", "interval_minutes": 720, "max_articles_per_run": 1, "due_only":
true, "include_drafts": true, "preferred_audiences": [], "last_released_at": 
"2026-04-25T16:49:14.649424+00:00", "updated_at": 
"2026-04-25T08:15:46.371000+00:00"}}
=== [release_pool] exit 0 at 2026-04-25T17:00:02.394295+00:00 (duration=1.1s) ===
=== [release_pool] piggy-back fire at 2026-04-26T05:00:00.892765+00:00 ===
Released 1 article(s) by cadence settings
JSON: {"action": "release_article_pool_by_settings", "requested_id": null, 
"released_count": 1, "released": [{"id": "mile_5d6a77fc", "title": 
"連兩週自己推翻自己：「台股財報反應比美股小」的第二個解釋也不成立", "status": 
"published", "published_at": "2026-04-26T05:00:01.350297+00:00"}], "due_only": 
true, "include_drafts": true, "preferred_audiences": [], "limit": 1, "mode": 
"auto", "force": false, "skipped": false, "settings": {"mode": "auto", 
"interval_minutes": 720, "max_articles_per_run": 1, "due_only": true, 
"include_drafts": true, "preferred_audiences": [], "last_released_at": 
"2026-04-26T05:00:01.350297+00:00", "updated_at": 
"2026-04-26T05:00:21.506453+00:00"}}
=== [release_pool] exit 0 at 2026-04-26T05:00:21.878714+00:00 (duration=21.0s) ===
