=== current time UTC vs local ===
Thu Apr 30 08:28:22 UTC 2026
Thu Apr 30 16:28:22 CST 2026

=== check_alerts.log tail ===
       每篇 2000+ 字研究文 / 1500+ 字 general、2 張真實圖表、標數據來源 + K 編號。
    5. 走正式入口 feed-publisher SKILL，不要繞路寫 feed.json。
- [ok] host_cron_fail level=info title=Host cron failure detected
- [ok] member_qa_stale level=info title=Member Q&A pending stale
- [ok] supabase_sync_fail level=info title=Supabase sync queue clean
dispatched:
  - skipped: level=warn title=Draft pool below threshold (<4) notif_id=e333d438 reason=dedup_24h
JSON: {"breach_count": 1, "sent_count": 0, "skipped_count": 1, "generated_at": "2026-04-30T08:00:00.271126+00:00"}

=== cron_last_run.json ===
{
  "release_pool": "2026-04-30T05:00:05+00:00",
  "market_calendar_sync": "2026-04-27T14:00:31+00:00",
  "collect_tw_data": "2026-04-30T07:00:09+00:00",
  "collect_us_data": "2026-04-30T00:00:14+00:00",
  "daily_update": "2026-04-30T01:02:51+00:00",
  "continue_task_stub": "2026-04-27T14:00:32+00:00",
  "memory_health_daily": "2026-04-29T22:00:05+00:00"
}
=== launchctl cron daemon status ===
sudo: a password is required
