2026-05-12 15:16:45
===
=== hourly dispatch log tail ===
=== hourly-dispatch 2026-05-12 14:17:43 CST ===
=== hourly-dispatch 2026-05-12 15:07:00 CST ===
Not logged in · Please run /login
SessionEnd hook [node "${CLAUDE_PLUGIN_ROOT}/scripts/session-lifecycle-hook.mjs" SessionEnd] failed: /bin/sh: node: command not found

=== hourly-dispatch end 2026-05-12 15:07:08 CST ===
===
=== compute worker log tail ===
=== compute-worker 2026-05-12 14:45:01 CST ===
no queued jobs
=== compute-worker end 2026-05-12 14:45:01 CST ===
=== compute-worker 2026-05-12 15:00:00 CST ===
no queued jobs
=== compute-worker end 2026-05-12 15:00:00 CST ===
=== compute-worker 2026-05-12 15:15:00 CST ===
no queued jobs
=== compute-worker end 2026-05-12 15:15:00 CST ===
===
=== crontab installed? ===
*/15 * * * * /Users/yhlai0911/.volpred/bin/cron_compute_worker.sh # volpred-compute-worker
7 * * * * /Users/yhlai0911/.volpred/bin/cron_hourly_dispatch.sh # volpred-hourly-dispatch
