Skipped release run
JSON: {"action": "release_article_pool_by_settings", "mode": "auto", 
"released_count": 0, "released": [], "skipped": true, "reason": 
"interval_not_due", "next_release_at": "2026-05-17T02:58:00+00:00", "settings": 
{"mode": "auto", "interval_minutes": 180, "max_articles_per_run": 1, "due_only":
true, "include_drafts": true, "preferred_audiences": [], "last_released_at": 
"2026-05-16T23:58:58.262896+00:00", "updated_at": 
"2026-05-16T23:59:19.635481+00:00"}}
=== [release_pool] piggy-back fire at 2026-05-17T02:00:05.147360+00:00 ===
Skipped release run
JSON: {"action": "release_article_pool_by_settings", "mode": "auto", 
"released_count": 0, "released": [], "skipped": true, "reason": 
"interval_not_due", "next_release_at": "2026-05-17T02:58:00+00:00", "settings": 
{"mode": "auto", "interval_minutes": 180, "max_articles_per_run": 1, "due_only":
true, "include_drafts": true, "preferred_audiences": [], "last_released_at": 
"2026-05-16T23:58:58.262896+00:00", "updated_at": 
"2026-05-16T23:59:19.635481+00:00"}}
=== [release_pool] exit 0 at 2026-05-17T02:00:05.424105+00:00 (duration=0.3s) ===
=== [release_pool] check_alerts fallback fire at 2026-05-17T03:00:15+00:00 ===
=== [release_pool] exit 0 at 2026-05-17T03:00:53+00:00 (fallback) ===
-rw-r--r--  1 yhlai0911  staff  264926 May 17 11:43 /Users/yhlai0911/Desktop/volpred-research/storage/reports/INDEX.md
