=== check_alerts ï¿½œ€ï¿½‘ï¿½Ÿï¿½ï¿½Œï¿½ˆpiggy-back hostï¿½‰===
- [ok] draft_pool_low level=info title=Draft pool below threshold (<4)
- [ok] host_cron_fail level=info title=Host cron failure detected
- [ok] member_qa_stale level=info title=Member Q&A pending stale
- [ok] supabase_sync_fail level=info title=Supabase sync queue clean
JSON: {"breach_count": 0, "sent_count": 0, "skipped_count": 0, "generated_at": "2026-05-20T06:00:15.545272+00:00"}
=== [check_alerts] exit 0 at 2026-05-20 14:00:21 CST (duration=21s) ===

=== run_due_jobs ï¿½œ€ï¿½‘ fired/skipped ===
  run-due-jobs: fired=2 skipped=8 ids=['release_pool', 'release_settings_audit']
  run-due-jobs: fired=2 skipped=8 ids=['collect_us_data', 'research_backlog_daily']
  run-due-jobs: fired=0 skipped=10 ids=[]
  run-due-jobs: fired=1 skipped=9 ids=['release_pool']
  run-due-jobs: fired=0 skipped=10 ids=[]
  run-due-jobs: fired=1 skipped=9 ids=['paper_sync_all']
  run-due-jobs: fired=2 skipped=8 ids=['release_pool', 'release_settings_audit']
  run-due-jobs: fired=0 skipped=10 ids=[]

=== collect_us_data ï¿½œï¿½ runtime_schedules ï¿½š„ cron ï¿½­ï¿½š ===
collect_tw_data: cron=0 15 * * 1-5 piggy=n/a host_managed=n/a
collect_us_data: cron=3 7 * * 2-6 piggy=n/a host_managed=n/a
release_pool: cron=7 */3 * * * piggy=n/a host_managed=n/a
paper_sync_all: cron=0 */6 * * * piggy=n/a host_managed=n/a
