  [refit @ 2022-07-06]  GJR ω=0.0458 α=0.007 γ=0.201 β=0.868
    progress 400/1322  elapsed=56.3s
  [refit @ 2022-10-04]  GJR ω=0.0436 α=0.008 γ=0.196 β=0.872
    progress 500/1322  elapsed=65.1s
  [refit @ 2023-01-04]  GJR ω=0.0423 α=0.006 γ=0.195 β=0.875
  [refit @ 2023-04-05]  GJR ω=0.0419 α=0.009 γ=0.193 β=0.874
    progress 600/1322  elapsed=81.8s
  [refit @ 2023-07-07]  GJR ω=0.0431 α=0.011 γ=0.194 β=0.872
  [refit @ 2023-10-05]  GJR ω=0.0426 α=0.011 γ=0.188 β=0.874
    progress 700/1322  elapsed=98.9s
  [refit @ 2024-01-05]  GJR ω=0.0428 α=0.010 γ=0.188 β=0.875
    progress 800/1322  elapsed=107.6s
  [refit @ 2024-04-08]  GJR ω=0.0432 α=0.009 γ=0.189 β=0.875
  [refit @ 2024-07-09]  GJR ω=0.0434 α=0.009 γ=0.190 β=0.875
    progress 900/1322  elapsed=124.1s
  [refit @ 2024-10-07]  GJR ω=0.0444 α=0.009 γ=0.190 β=0.874
    progress 1000/1322  elapsed=132.8s
  [refit @ 2025-01-07]  GJR ω=0.0445 α=0.010 γ=0.185 β=0.875
  [refit @ 2025-04-09]  GJR ω=0.0436 α=0.008 γ=0.184 β=0.878
    progress 1100/1322  elapsed=149.7s
  [refit @ 2025-07-11]  GJR ω=0.0451 α=0.006 γ=0.191 β=0.876
  [refit @ 2025-10-09]  GJR ω=0.0444 α=0.006 γ=0.192 β=0.876
    progress 1200/1322  elapsed=166.6s
  [refit @ 2026-01-09]  GJR ω=0.0465 α=0.006 γ=0.190 β=0.875
    progress 1300/1322  elapsed=175.6s

  wrote /Users/yhlai0911/Desktop/volpred-research/experiments/k1263/k1263_results.json
  wrote /Users/yhlai0911/Desktop/volpred-research/experiments/k1263/k1263_qlike_comparison.png
  wrote /Users/yhlai0911/Desktop/volpred-research/experiments/k1263/k1263_dm_heatmap.png

=== K1263 VERDICT ===
  SPY: QLIKE GJR=1.4857  KAN=1.8383  Δ=-23.73%  DM t=+4.89 (p=0.000)  gates=0/3  → NULL — ML ceiling reaffirmed
  QQQ: QLIKE GJR=1.4611  KAN=1.9401  Δ=-32.78%  DM t=+6.35 (p=0.000)  gates=0/3  → NULL — ML ceiling reaffirmed

  Overall: NULL — ML ceiling reaffirmed (7th time)
