    DM-HLN M2_vs_M1: t=+1.729, p=8.402e-02, rel_impr=+0.44%

  --- H2: VaR backtests ---
    M0 @ 1%: viol=2.16% (exp 1%), Kupiec_p=0.000, CC_p=0.000, DQ_p=0.000
    M1 @ 1%: viol=1.40% (exp 1%), Kupiec_p=0.136, CC_p=0.198, DQ_p=0.355
    M2 @ 1%: viol=1.08% (exp 1%), Kupiec_p=0.757, CC_p=0.380, DQ_p=0.388
    M0 @ 5%: viol=5.52% (exp 5%), Kupiec_p=0.351, CC_p=0.121, DQ_p=0.283
    M1 @ 5%: viol=5.96% (exp 5%), Kupiec_p=0.088, CC_p=0.009, DQ_p=0.033
    M2 @ 5%: viol=5.33% (exp 5%), Kupiec_p=0.552, CC_p=0.005, DQ_p=0.015

  --- H3: ES backtests (Acerbi-Szekely 2014) ---
    M0 @ 1%: Z1=+3.407 (p=0.001), Z2=+3.481 (p=0.000)
    M1 @ 1%: Z1=+1.168 (p=0.243), Z2=+1.521 (p=0.128)
    M2 @ 1%: Z1=+1.143 (p=0.253), Z2=+0.557 (p=0.577)
    M0 @ 5%: Z1=+3.864 (p=0.000), Z2=+2.056 (p=0.040)
    M1 @ 5%: Z1=+1.343 (p=0.179), Z2=+1.912 (p=0.056)
    M2 @ 5%: Z1=+0.751 (p=0.453), Z2=+0.790 (p=0.429)

============================================================
  Processing: SLV (treatment)
============================================================
  IS: 2010-01-04 ~ 2019-12-31
  OOS: 2020-01-02 ~ 2026-04-10 (1576 obs)
  IS diag: ν̂_M1=4.17, ν̂_M2=4.16, λ̂_M2=-0.054
  [SLV]   0% (0/1576)  11.9s  λ=-0.04
  [SLV]  12% (189/1576)  55.4s  λ=-0.05
  [SLV]  24% (378/1576)  93.8s  λ=-0.06
  [SLV]  36% (567/1576) 133.8s  λ=-0.07
  [SLV]  48% (756/1576) 172.0s  λ=-0.05
  [SLV]  60% (945/1576) 208.6s  λ=-0.03
  [SLV]  72% (1134/1576) 247.0s  λ=-0.03
  [SLV]  84% (1323/1576) 283.8s  λ=-0.02
  [SLV]  96% (1512/1576) 323.9s  λ=-0.02
  [SLV] done in 337.4s
  Valid OOS: 1576
    M0 (GARCH-N): QLIKE=1.505982, rho=0.170
    M1 (GAS-t (sym)): QLIKE=1.513759, rho=0.167
    M2 (GAS-skewt): QLIKE=1.511010, rho=0.168
    DM-HLN M1_vs_M0: t=-0.381, p=7.031e-01, rel_impr=-0.52%
    DM-HLN M2_vs_M0: t=-0.252, p=8.010e-01, rel_impr=-0.33%
    DM-HLN M2_vs_M1: t=+1.751, p=8.014e-02, rel_impr=+0.18%

  --- H2: VaR backtests ---
    M0 @ 1%: viol=1.90% (exp 1%), Kupiec_p=0.001, CC_p=0.000, DQ_p=0.000
    M1 @ 1%: viol=1.40% (exp 1%), Kupiec_p=0.136, CC_p=0.004, DQ_p=0.000
    M2 @ 1%: viol=1.33% (exp 1%), Kupiec_p=0.207, CC_p=0.004, DQ_p=0.000
    M0 @ 5%: viol=4.57% (exp 5%), Kupiec_p=0.425, CC_p=0.673, DQ_p=0.696
    M1 @ 5%: viol=4.51% (exp 5%), Kupiec_p=0.360, CC_p=0.593, DQ_p=0.787
    M2 @ 5%: viol=4.31% (exp 5%), Kupiec_p=0.202, CC_p=0.366, DQ_p=0.593

  --- H3: ES backtests (Acerbi-Szekely 2014) ---
    M0 @ 1%: Z1=+3.677 (p=0.000), Z2=+3.094 (p=0.002)
    M1 @ 1%: Z1=+0.351 (p=0.726), Z2=+1.355 (p=0.175)
    M2 @ 1%: Z1=+0.023 (p=0.982), Z2=+1.103 (p=0.270)
    M0 @ 5%: Z1=+4.033 (p=0.000), Z2=+0.902 (p=0.367)
    M1 @ 5%: Z1=+1.727 (p=0.084), Z2=-0.083 (p=0.934)
    M2 @ 5%: Z1=+1.498 (p=0.134), Z2=-0.524 (p=0.600)

========================================================================
BH FDR ADJUSTMENT — across {H1 QLIKE DM M2 vs M0} × 4 tickers
========================================================================
  USO: DM_p=0.0462, BH_p=0.1849
  UNG: DM_p=0.1197, BH_p=0.2394
  GLD: DM_p=0.4600, BH_p=0.6133
  SLV: DM_p=0.8010, BH_p=0.8010

========================================================================
CROSS-ASSET SUMMARY
========================================================================

Asset    group          skew    kurt  ν̂_M1  ν̂_M2   λ̂_M2
------------------------------------------------------------
USO      treatment    -0.578    9.62   7.89   7.86  -0.050
UNG      control      +0.103    3.23  12.31  11.92  +0.073
GLD      treatment    -0.310    6.75   5.00   4.97  -0.049
SLV      treatment    -1.064   13.02   4.17   4.16  -0.054

Asset        M0 QL     M1 QL     M2 QL   M2 vs M0 t    BH_p
------------------------------------------------------------
USO         1.4122    1.4356    1.4375       -1.995   0.185
UNG         1.2211    1.2154    1.2158       +1.557   0.239
GLD         1.5269    1.5280    1.5213       +0.739   0.613
SLV         1.5060    1.5138    1.5110       -0.252   0.801

--- Hypothesis Summary ---
H1 (QLIKE DM M2>M0, t>+2 & BH_p<0.05): 0/4
H2 (VaR Trinity @1%): 2/4
H2 (VaR Trinity @5%): 3/4
H3 (ES Z1+Z2 @1%):    4/4
H3 (ES Z1+Z2 @5%):    4/4

>>> VERDICT: Scenario B — Only VaR/ES improved, QLIKE NULL
    Paper 4 Channel 3: add commodity subsection "GAS-skewt for tail risk only".

  Chart 1: /Users/yhlai0911/Desktop/volpred-research/experiments/k1135/commodity_skew_vs_gauss.png
  Chart 2: /Users/yhlai0911/Desktop/volpred-research/experiments/k1135/var_es_backtest.png

  Results saved: /Users/yhlai0911/Desktop/volpred-research/experiments/k1135/k1135_results.json

K1135 complete.
