=== [release_pool] check_alerts fallback fire at 2026-05-10T15:00:05+00:00 ===
=== [release_pool] exit 0 at 2026-05-10T15:00:27+00:00 (fallback) ===
=== [release_pool] check_alerts fallback fire at 2026-05-10T15:00:00+00:00 ===
=== [release_pool] exit 0 at 2026-05-10T15:00:29+00:00 (fallback) ===
Skipped release run
JSON: {"action": "release_article_pool_by_settings", "mode": "auto", 
"released_count": 0, "released": [], "skipped": true, "reason": 
"interval_not_due", "next_release_at": "2026-05-10T21:44:00+00:00", "settings": 
{"mode": "auto", "interval_minutes": 360, "max_articles_per_run": 1, "due_only":
true, "include_drafts": true, "preferred_audiences": [], "last_released_at": 
"2026-05-10T15:44:27.474302+00:00", "updated_at": 
"2026-05-10T15:00:28.964437+00:00"}}
Skipped release run
JSON: {"action": "release_article_pool_by_settings", "mode": "auto", 
"released_count": 0, "released": [], "skipped": true, "reason": 
"interval_not_due", "next_release_at": "2026-05-10T21:44:00+00:00", "settings": 
{"mode": "auto", "interval_minutes": 360, "max_articles_per_run": 1, "due_only":
true, "include_drafts": true, "preferred_audiences": [], "last_released_at": 
"2026-05-10T15:44:27.474302+00:00", "updated_at": 
"2026-05-10T15:00:28.964437+00:00"}}
=== [release_pool] piggy-back fire at 2026-05-10T17:00:00.545950+00:00 ===
Skipped release run
JSON: {"action": "release_article_pool_by_settings", "mode": "auto", 
"released_count": 0, "released": [], "skipped": true, "reason": 
"interval_not_due", "next_release_at": "2026-05-10T21:44:00+00:00", "settings": 
{"mode": "auto", "interval_minutes": 360, "max_articles_per_run": 1, "due_only":
true, "include_drafts": true, "preferred_audiences": [], "last_released_at": 
"2026-05-10T15:44:27.474302+00:00", "updated_at": 
"2026-05-10T16:07:00.385873+00:00"}}
=== [release_pool] exit 0 at 2026-05-10T17:00:00.897020+00:00 (duration=0.4s) ===
