23:11:28   r= 850/1000  valid=850/850  recent50_median=3.60  elapsed=2127s  ETA=375s
23:12:31   r= 875/1000  valid=875/875  recent50_median=3.65  elapsed=2190s  ETA=313s
23:13:35   r= 900/1000  valid=900/900  recent50_median=3.82  elapsed=2255s  ETA=251s
23:14:38   r= 925/1000  valid=925/925  recent50_median=3.64  elapsed=2317s  ETA=188s
23:15:41   r= 950/1000  valid=950/950  recent50_median=3.69  elapsed=2380s  ETA=125s
23:16:43   r= 975/1000  valid=975/975  recent50_median=3.89  elapsed=2442s  ETA=63s
23:17:45   r=1000/1000  valid=1000/1000  recent50_median=4.04  elapsed=2504s  ETA=0s
23:17:45 
Bootstrap done in 2504s
23:17:45 
23:17:45 Valid replicates: 1000/1000  (dropped 0)
23:17:45 90% CI = [2.305, 6.611]  median=3.779  mean=4.037  std=1.432
23:17:45 95% CI = [2.175, 7.683]
23:17:45 
Results saved to /Users/yhlai0911/Desktop/volpred-research/experiments/k1370/k1370_results.json
23:17:45 Replicate-level data saved to /Users/yhlai0911/Desktop/volpred-research/experiments/k1370/k1370_replicates.json
23:17:45 Histogram saved to /Users/yhlai0911/Desktop/volpred-research/experiments/k1370/amplification_distribution.png
23:17:45 
=== K1370 done in 41.8 min ===
23:17:45 FINAL: 90% CI = [2.305, 6.611]  median = 3.779  point estimate (canonical) = 10.07
