=== [release_pool] piggy-back fire at 2026-05-02T05:00:05.622335+00:00 ===
Skipped release run
JSON: {"action": "release_article_pool_by_settings", "mode": "auto", 
"released_count": 0, "released": [], "skipped": true, "reason": 
"interval_not_due", "next_release_at": "2026-05-02T09:00:00+00:00", "settings": 
{"mode": "auto", "interval_minutes": 360, "max_articles_per_run": 1, "due_only":
true, "include_drafts": true, "preferred_audiences": [], "last_released_at": 
"2026-05-02T03:00:05.833155+00:00", "updated_at": 
"2026-05-02T03:00:31.691900+00:00"}}
=== [release_pool] exit 0 at 2026-05-02T05:00:05.903035+00:00 (duration=0.3s) ===
=== [release_pool] check_alerts fallback fire at 2026-05-02T09:00:05+00:00 ===
=== [release_pool] exit 0 at 2026-05-02T09:00:06+00:00 (fallback) ===
Skipped release run
JSON: {"action": "release_article_pool_by_settings", "mode": "auto", 
"released_count": 0, "released": [], "skipped": true, "reason": 
"interval_not_due", "next_release_at": "2026-05-02T14:08:00+00:00", "settings": 
{"mode": "auto", "interval_minutes": 360, "max_articles_per_run": 1, "due_only":
true, "include_drafts": true, "preferred_audiences": [], "last_released_at": 
"2026-05-02T08:08:58.381088+00:00", "updated_at": 
"2026-05-02T09:00:05.985912+00:00"}}
=== [release_pool] piggy-back fire at 2026-05-02T11:00:05.847698+00:00 ===
Skipped release run
JSON: {"action": "release_article_pool_by_settings", "mode": "auto", 
"released_count": 0, "released": [], "skipped": true, "reason": 
"interval_not_due", "next_release_at": "2026-05-02T14:08:00+00:00", "settings": 
{"mode": "auto", "interval_minutes": 360, "max_articles_per_run": 1, "due_only":
true, "include_drafts": true, "preferred_audiences": [], "last_released_at": 
"2026-05-02T08:08:58.381088+00:00", "updated_at": 
"2026-05-02T09:00:05.985912+00:00"}}
=== [release_pool] exit 0 at 2026-05-02T11:00:06.077514+00:00 (duration=0.2s) ===
---
22:39:32 2026-05-02
