=== Recent cron last_run state ===
"2026-05-19T08:00 release_pool"
"2026-05-19T07:00 collect_tw_data"
"2026-05-19T05:00 release_settings_audit"
"2026-05-19T04:00 paper_sync_all"
"2026-05-19T00:00 research_backlog_daily"
"2026-05-19T00:00 collect_us_data"
"2026-05-18T22:00 memory_health_daily"
"2026-05-18T00:00 market_calendar_sync"
"2026-05-17T23:00 populate_events_weekly"
"2026-05-17T22:00 refresh_paper_snapshots"

=== Hourly check_alerts log (last 5) ===
-rw-r--r--@ 1 yhlai0911  staff  173794 May 19 17:00 storage/logs/cron/check_alerts.log
- [ok] host_cron_fail level=info title=Host cron failure detected
- [ok] member_qa_stale level=info title=Member Q&A pending stale
- [ok] supabase_sync_fail level=info title=Supabase sync queue clean
JSON: {"breach_count": 0, "sent_count": 0, "skipped_count": 0, "generated_at": "2026-05-19T09:00:21.654843+00:00"}
=== [check_alerts] exit 0 at 2026-05-19 17:00:25 CST (duration=22s) ===

=== FB pending today CST ===
7
2026-05-15 mile_ed39c127 pending
2026-05-16 mile_50f44a46 pending_manual
2026-05-16 mile_dda1e670 pending_manual
2026-05-17 mile_207d3750 pending
2026-05-17 mile_ba1dc7f8 pending
2026-05-18 mile_dab6cc06 pending
2026-05-18 mile_57894028 pending_manual

=== handoff doc still exists? ===
-rw-r--r--  1 yhlai0911  staff  5244 May 18 18:22 docs/fb_post_handoff_2026_05_18.md
