            sigma_gjr_ann=12.0,
            spy_close=731.58,
            gld_close=431.68,
            spy_date="2026-05-07",
            today="2026-05-08",
            tw50_close=None,
            tw50_date=None,
            spy_ret=0.0,
            gld_ret=0.0,
        )
        body = pub.last_description or ""
>       assert "0050.TW" not in body
E       AssertionError: assert '0050.TW' not in '# 2026-05-0...，不構成投資建議。*\n'
E         
E         '0050.TW' is contained here:
E           # 2026-05-08 每日策略建議
E           
E           > 基於 2026-05-07 收盤數據，預測下一交易日最佳持倉配置。
E           
E           ## 市場快照...
E         
E         ...Full output truncated (33 lines hidden), use '-vv' to show

tests/test_daily_update_tw_staleness.py:75: AssertionError
----------------------------- Captured stdout call -----------------------------
  Daily article chart uploaded: https://qxhfgdfzazwpkdgesavm.supabase.co/storage/v1/object/p...
  Daily recommendation article created: mile_test_capture (status=published)
=========================== short test summary info ============================
FAILED tests/test_daily_update_tw_staleness.py::test_tw50_no_data_omits_tw_line
========================= 1 failed, 3 passed in 3.72s ==========================
