tests/test_conclusion_lint.py::test_r1_chinese_trigger PASSED            [ 21%]
tests/test_conclusion_lint.py::test_r1_outperforms_with_percent_is_clean PASSED [ 25%]
tests/test_conclusion_lint.py::test_r2_claim_contradicts_dm PASSED       [ 28%]
tests/test_conclusion_lint.py::test_r2_claim_consistent_with_dm PASSED   [ 32%]
tests/test_conclusion_lint.py::test_r2_reverse_key_lookup PASSED         [ 35%]
tests/test_conclusion_lint.py::test_r3_harvey_no_pair PASSED             [ 39%]
tests/test_conclusion_lint.py::test_r3_harvey_with_pair_clean PASSED     [ 42%]
tests/test_conclusion_lint.py::test_r3_chinese_strict_stat PASSED        [ 46%]
tests/test_conclusion_lint.py::test_r4_vague_alone PASSED                [ 50%]
tests/test_conclusion_lint.py::test_r4_vague_with_numeric_clean PASSED   [ 53%]
tests/test_conclusion_lint.py::test_multiline_only_problem_sentence_flagged PASSED [ 57%]
tests/test_conclusion_lint.py::test_mixed_chinese_english PASSED         [ 60%]
tests/test_conclusion_lint.py::test_k947_old_warns_at_least_three PASSED [ 64%]
tests/test_conclusion_lint.py::test_k947_new_clean PASSED                [ 67%]
tests/test_conclusion_lint.py::test_extract_from_dict_conclusion PASSED  [ 71%]
tests/test_conclusion_lint.py::test_extract_handles_missing PASSED       [ 75%]
tests/test_conclusion_lint.py::test_extract_from_list_conclusions_field PASSED [ 78%]
tests/test_conclusion_lint.py::test_lint_results_payload_warn_only_default PASSED [ 82%]
tests/test_conclusion_lint.py::test_lint_results_payload_strict_flag_raises PASSED [ 85%]
tests/test_conclusion_lint.py::test_lint_results_payload_strict_env_var_raises PASSED [ 89%]
tests/test_conclusion_lint.py::test_lint_results_payload_strict_clean_passes PASSED [ 92%]
tests/test_conclusion_lint.py::test_lint_results_payload_dm_tests_used PASSED [ 96%]
tests/test_conclusion_lint.py::test_lint_results_payload_no_conclusion_field PASSED [100%]

============================== 28 passed in 0.03s ==============================
