=== 1. cron ï¿½ï¿½åº· ===
2026-05-20T10:00 release_pool
2026-05-20T10:00 paper_sync_all
2026-05-20T07:00 collect_tw_data
2026-05-20T06:47 collect_us_data
2026-05-20T05:00 release_settings_audit
2026-05-20T00:00 research_backlog_daily
2026-05-19T22:00 memory_health_daily
2026-05-19T12:00 refresh_paper_snapshots
2026-05-19T12:00 market_calendar_sync
2026-05-17T23:00 populate_events_weekly

=== check_alerts hourly ï¿½œ€ï¿½‘ fire ===
=== [check_alerts] exit 0 at 2026-05-20 18:00:11 CST (duration=7s) ===

=== 2. compact threshold ï¿½­ï¿½š ===
--- project settings.local.json env ---
{
  "CLAUDE_AUTOCOMPACT_PCT_OVERRIDE": "62"
}
--- global settings.json env ---
[]
