tests/test_publish_draft_experiment_refs.py::test_parse_lowercase_normalized_to_uppercase
tests/test_publish_draft_experiment_refs.py::test_normalize_refs_uppercase_kid
tests/test_publish_draft_experiment_refs.py::test_normalize_refs_dedupe_preserves_first_occurrence
tests/test_publish_draft_experiment_refs.py::test_normalize_refs_drops_empty_and_none
tests/test_publish_draft_experiment_refs.py::test_normalize_refs_preserves_non_k_strings
tests/test_publish_draft_experiment_refs.py::test_normalize_refs_preserves_kid_suffix
tests/test_publish_draft_experiment_refs.py::test_kid_plus_frontmatter_merges_no_duplicate
tests/test_publish_draft_experiment_refs.py::test_kid_only_legacy_path_still_works
tests/test_publish_draft_experiment_refs.py::test_frontmatter_only_no_kid
tests/test_publish_draft_experiment_refs.py::test_kid_added_to_frontmatter_list_when_not_present
tests/test_publish_draft_experiment_refs.py::test_kid_lowercase_normalizes
tests/test_publish_draft_experiment_refs.py::test_update_mode_merges_frontmatter_into_existing_refs
tests/test_publish_draft_experiment_refs.py::test_update_mode_no_frontmatter_refs_preserves_existing
tests/test_publish_draft_image_validation.py::test_normalize_passthrough_https_only
tests/test_publish_draft_image_validation.py::test_normalize_passthrough_http_too
tests/test_publish_draft_image_validation.py::test_normalize_mixed_only_relative_uploaded
tests/test_publish_draft_image_validation.py::test_normalize_all_relative_uploaded
tests/test_publish_draft_image_validation.py::test_normalize_missing_file_raises_with_actionable_message
tests/test_publish_draft_image_validation.py::test_normalize_image_url_field_passthrough_https
tests/test_publish_draft_image_validation.py::test_normalize_image_url_field_local_uploaded
tests/test_publish_draft_image_validation.py::test_normalize_image_url_field_missing_raises
tests/test_publish_draft_image_validation.py::test_normalize_image_url_field_empty_passthrough
tests/test_publish_draft_image_validation.py::test_apply_update_uploads_local_image_paths
tests/test_publish_draft_image_validation.py::test_apply_update_missing_image_fails_with_code
tests/test_publish_draft_image_validation.py::test_apply_update_image_url_frontmatter_field
tests/test_publish_draft_image_validation.py::test_normalize_caches_repeated_path
tests/test_publish_draft_image_validation.py::test_normalize_image_url_field_shares_cache_with_body
tests/test_publish_draft_image_validation.py::test_apply_update_no_image_gate_bypasses_upload

79 tests collected in 0.02s
