critical=0 warn=1
  [warn] Draft pool below threshold (<4) :: {'draft_count': 2, 'scheduled_count': 0, 'eligible_count': 2, 'feed_path': 'storage/reports/feed.json'}
---
=== [release_pool] exit 0 at 2026-04-29T23:00:02+00:00 (fallback) ===
=== [release_pool] check_alerts fallback fire at 2026-04-30T00:00:14+00:00 ===
=== [release_pool] exit 0 at 2026-04-30T00:00:14+00:00 (fallback) ===
=== [release_pool] check_alerts fallback fire at 2026-04-30T01:02:51+00:00 ===
=== [release_pool] exit 0 at 2026-04-30T01:02:52+00:00 (fallback) ===
=== [release_pool] check_alerts fallback fire at 2026-04-30T02:00:06+00:00 ===
=== [release_pool] exit 0 at 2026-04-30T02:00:06+00:00 (fallback) ===
Skipped release run
JSON: {"action": "release_article_pool_by_settings", "mode": "auto", 
"released_count": 0, "released": [], "skipped": true, "reason": 
"interval_not_due", "next_release_at": "2026-04-30T08:20:00+00:00", "settings": 
{"mode": "auto", "interval_minutes": 360, "max_articles_per_run": 1, "due_only":
true, "include_drafts": true, "preferred_audiences": [], "last_released_at": 
"2026-04-30T02:20:45.128554+00:00", "updated_at": 
"2026-04-30T02:21:02.946747+00:00"}}
=== [release_pool] piggy-back fire at 2026-04-30T05:00:04.916734+00:00 ===
Skipped release run
JSON: {"action": "release_article_pool_by_settings", "mode": "auto", 
"released_count": 0, "released": [], "skipped": true, "reason": 
"interval_not_due", "next_release_at": "2026-04-30T08:20:00+00:00", "settings": 
{"mode": "auto", "interval_minutes": 360, "max_articles_per_run": 1, "due_only":
true, "include_drafts": true, "preferred_audiences": [], "last_released_at": 
"2026-04-30T02:20:45.128554+00:00", "updated_at": 
"2026-04-30T02:21:02.946747+00:00"}}
=== [release_pool] exit 0 at 2026-04-30T05:00:05.213960+00:00 (duration=0.3s) ===
