=== 16:07 LaunchAgent fire? ===
=== hourly-dispatch 2026-05-12 14:17:43 CST ===
=== hourly-dispatch 2026-05-12 15:07:00 CST ===
Not logged in · Please run /login
SessionEnd hook [node "${CLAUDE_PLUGIN_ROOT}/scripts/session-lifecycle-hook.mjs" SessionEnd] failed: /bin/sh: node: command not found

=== hourly-dispatch end 2026-05-12 15:07:08 CST ===
=== hourly-dispatch 2026-05-12 15:17:48 CST ===
=== hourly-dispatch end 2026-05-12 15:26:15 CST ===
=== hourly-dispatch 2026-05-12 16:07:04 CST ===
/Users/yhlai0911/.volpred/bin/cron_hourly_dispatch.sh: line 24: timeout: command not found
=== hourly-dispatch end 2026-05-12 16:07:04 CST ===

=== git log 16:00+ ===
=== dispatch state ===
[dispatch] slots: occupied=0/4 (worktrees=0, active_agents=0) free=4
[dispatch] pending: total=82 agentable=4 main_thread=50 blocked=28
[dispatch] candidates to dispatch (4):
  - P3 K1312 :: K1312: GARCH-to-Neural — AAAI 2024
  - P3 K1314 :: K1314: Graph Signal Processing HAR — arXiv:2410.22706
  - P3 K868_K1301_K1303_K1309_article_general :: K868_K1301_K1303_K1309: write general-audience article (auto-discovered uncovered K)
  - P3 tsmc_0050_concentration_2020_acceleration_article_general :: tsmc_0050_concentration_2020_acceleration: write general-audience article (auto-discovered uncovered K)
