============================================================
K981: HAR + Wavelet Decomposition
============================================================
Total observations: 5094
Date range: 2006-01-04 to 2026-04-06
r² mean: 1.4858, std: 5.9924

Computing wavelet features (db4, 5 levels)...
Wavelet features computed.
Non-null wavelet rows: 0
Computing Haar wavelet features...

Applying shift(1) to all features...
IS: 2006-01-04 to 2018-12-31 (3270 obs)
OOS: 2019-01-02 to 2026-04-06 (1824 obs)

--- AR(1) ---
  OOS predictions: 1823
  QLIKE: 1.736838
  MSE: 30.2435
  R² OOS: 0.1976
  MZ: α=0.1489, β=0.8961, R²=0.2003

--- HAR ---
  OOS predictions: 1823
  QLIKE: 1.540765
  MSE: 29.3013
  R² OOS: 0.2226
  MZ: α=0.2317, β=0.8353, R²=0.2317

--- WHAR_db4 ---
  OOS predictions: 0

--- WHAR_haar ---
  OOS predictions: 0

--- WHAR_HAR_db4 ---
  OOS predictions: 0

--- GJR-GARCH ---
  OOS predictions: 1823
  QLIKE: 1.530753
  MSE: 28.0764
  R² OOS: 0.2551
  MZ: α=0.2590, β=0.7647, R²=0.2824

============================================================
Diebold-Mariano Tests (QLIKE loss, vs AR(1) baseline)
============================================================
  HAR vs AR(1): t=-3.301, p=0.0010 *** (better)
  GJR-GARCH vs AR(1): t=-2.650, p=0.0081 *** (better)

--- HAR vs WHAR_db4 ---

============================================================
Wavelet Component Importance (IS OLS)
============================================================
