Using volpred.stats.model_evaluation.strategy_dm_test
================================================================================
K901: INTERNATIONAL VT EVIDENCE — 13 Markets for Paper 3 Table 5
================================================================================
Date: 2026-05-16 11:45
Markets: 13 — SPY, EWJ, EWG, EWU, EWA, EWC, EWZ, EEM, EFA, FXI, EWH, EWT, EWY
Strategy: w = min(12/VIX_{t-1}, 1.0) equity, rest SHY
GJR window: 2000
Rf: 4%
Lag: signal.shift(1) enforced

[1/6] Downloading market data from yfinance...
  SPY: 5628 rows, 2004-01-02 to 2026-05-15
  EWJ: 5628 rows, 2004-01-02 to 2026-05-15
  EWG: 5628 rows, 2004-01-02 to 2026-05-15
  EWU: 5628 rows, 2004-01-02 to 2026-05-15
  EWA: 5628 rows, 2004-01-02 to 2026-05-15
  EWC: 5628 rows, 2004-01-02 to 2026-05-15
  EWZ: 5628 rows, 2004-01-02 to 2026-05-15
  EEM: 5628 rows, 2004-01-02 to 2026-05-15
  EFA: 5628 rows, 2004-01-02 to 2026-05-15
  FXI: 5435 rows, 2004-10-08 to 2026-05-15
  EWH: 5628 rows, 2004-01-02 to 2026-05-15
  EWT: 5628 rows, 2004-01-02 to 2026-05-15
  EWY: 5628 rows, 2004-01-02 to 2026-05-15
  ^VIX: 5628 rows, 2004-01-02 to 2026-05-15
  SHY: 5628 rows, 2004-01-02 to 2026-05-15

  VIX: 5628 rows
  SHY: 5628 rows

[2/6] Running per-market analysis...

--- SPY: US (S&P 500) ---
  Period: 2005-01-04 to 2026-05-15 (5375 days)
  B&H: Sharpe=0.3325, MDD=-0.5647
  VT:  Sharpe=0.2010, MDD=-0.2829
  MDD improvement: 49.9% (+28.2pp)
  Sharpe diff: -0.1315
  DM test: t=2.4153, p=0.0158
  Bootstrap Sharpe diff: -0.1361 [-0.3361, 0.0617]
  Estimating GJR gamma (window=2000)...
  GJR convergence: 15/15 windows converged
  GJR gamma (full): 0.2047 (t=6.81, p=0.0000)
  GJR gamma (rolling mean, converged only): 0.2392 (14 windows)
  GJR tstat (rolling mean): 5.26

--- EWJ: Japan (MSCI Japan) ---
  Period: 2005-01-04 to 2026-05-15 (5375 days)
  B&H: Sharpe=0.0776, MDD=-0.5582
  VT:  Sharpe=-0.0733, MDD=-0.3028
  MDD improvement: 45.8% (+25.5pp)
  Sharpe diff: -0.1510
  DM test: t=1.4689, p=0.1419
  Bootstrap Sharpe diff: -0.1570 [-0.3489, 0.0388]
  Estimating GJR gamma (window=2000)...
  GJR convergence: 15/15 windows converged
  GJR gamma (full): 0.0948 (t=4.41, p=0.0000)
  GJR gamma (rolling mean, converged only): 0.1105 (14 windows)
  GJR tstat (rolling mean): 2.82

--- EWG: Germany (MSCI Germany) ---
  Period: 2005-01-04 to 2026-05-15 (5375 days)
  B&H: Sharpe=0.1152, MDD=-0.6512
  VT:  Sharpe=-0.0325, MDD=-0.3779
  MDD improvement: 42.0% (+27.3pp)
  Sharpe diff: -0.1477
  DM test: t=1.2997, p=0.1938
  Bootstrap Sharpe diff: -0.1529 [-0.3465, 0.0422]
  Estimating GJR gamma (window=2000)...
  GJR convergence: 15/15 windows converged
  GJR gamma (full): 0.1166 (t=6.35, p=0.0000)
  GJR gamma (rolling mean, converged only): 0.1197 (14 windows)
  GJR tstat (rolling mean): 3.81

--- EWU: UK (MSCI UK) ---
  Period: 2005-01-04 to 2026-05-15 (5375 days)
  B&H: Sharpe=-0.0158, MDD=-0.6694
  VT:  Sharpe=-0.2550, MDD=-0.4438
  MDD improvement: 33.7% (+22.6pp)
  Sharpe diff: -0.2392
  DM test: t=1.2219, p=0.2218
  Bootstrap Sharpe diff: -0.2439 [-0.4435, -0.0414]
  Estimating GJR gamma (window=2000)...
  GJR convergence: 15/15 windows converged
  GJR gamma (full): 0.1346 (t=5.25, p=0.0000)
  GJR gamma (rolling mean, converged only): 0.1528 (14 windows)
  GJR tstat (rolling mean): 3.51

--- EWA: Australia (MSCI Australia) ---
  Period: 2005-01-04 to 2026-05-15 (5375 days)
  B&H: Sharpe=0.0856, MDD=-0.6972
  VT:  Sharpe=-0.1427, MDD=-0.4949
  MDD improvement: 29.0% (+20.2pp)
  Sharpe diff: -0.2282
  DM test: t=1.7091, p=0.0875
  Bootstrap Sharpe diff: -0.2332 [-0.4363, -0.0242]
  Estimating GJR gamma (window=2000)...
  GJR convergence: 15/15 windows converged
  GJR gamma (full): 0.0938 (t=5.17, p=0.0000)
  GJR gamma (rolling mean, converged only): 0.1016 (14 windows)
  GJR tstat (rolling mean): 3.52

--- EWC: Canada (MSCI Canada) ---
  Period: 2005-01-04 to 2026-05-15 (5375 days)
  B&H: Sharpe=0.1866, MDD=-0.6214
  VT:  Sharpe=0.0714, MDD=-0.3943
  MDD improvement: 36.5% (+22.7pp)
  Sharpe diff: -0.1152
  DM test: t=1.3475, p=0.1779
  Bootstrap Sharpe diff: -0.1224 [-0.3303, 0.0867]
  Estimating GJR gamma (window=2000)...
  GJR convergence: 15/15 windows converged
  GJR gamma (full): 0.1145 (t=6.08, p=0.0000)
  GJR gamma (rolling mean, converged only): 0.1229 (14 windows)
  GJR tstat (rolling mean): 4.46

--- EWZ: Brazil (MSCI Brazil) ---
  Period: 2005-01-04 to 2026-05-15 (5375 days)
  B&H: Sharpe=0.1446, MDD=-0.8275
  VT:  Sharpe=-0.0345, MDD=-0.7693
  MDD improvement: 7.0% (+5.8pp)
  Sharpe diff: -0.1791
  DM test: t=1.8924, p=0.0585
  Bootstrap Sharpe diff: -0.1868 [-0.3836, 0.0069]
  Estimating GJR gamma (window=2000)...
  GJR convergence: 15/15 windows converged
  GJR gamma (full): 0.0808 (t=4.57, p=0.0000)
  GJR gamma (rolling mean, converged only): 0.0913 (14 windows)
  GJR tstat (rolling mean): 2.89

--- EEM: Emerging Markets (MSCI EM) ---
  Period: 2005-01-04 to 2026-05-15 (5375 days)
  B&H: Sharpe=0.1754, MDD=-0.6723
  VT:  Sharpe=-0.0725, MDD=-0.5311
  MDD improvement: 21.0% (+14.1pp)
  Sharpe diff: -0.2479
  DM test: t=2.5377, p=0.0112
  Bootstrap Sharpe diff: -0.2538 [-0.4630, -0.0446]
  Estimating GJR gamma (window=2000)...
  GJR convergence: 15/15 windows converged
  GJR gamma (full): 0.1109 (t=6.34, p=0.0000)
  GJR gamma (rolling mean, converged only): 0.1123 (14 windows)
  GJR tstat (rolling mean): 4.40

--- EFA: EAFE (Dev ex-US) ---
  Period: 2005-01-04 to 2026-05-15 (5375 days)
  B&H: Sharpe=0.0614, MDD=-0.6318
  VT:  Sharpe=-0.1567, MDD=-0.3369
  MDD improvement: 46.7% (+29.5pp)
  Sharpe diff: -0.2180
  DM test: t=1.5044, p=0.1325
  Bootstrap Sharpe diff: -0.2236 [-0.4249, -0.0217]
  Estimating GJR gamma (window=2000)...
  GJR convergence: 15/15 windows converged
  GJR gamma (full): 0.1358 (t=5.49, p=0.0000)
  GJR gamma (rolling mean, converged only): 0.1503 (14 windows)
  GJR tstat (rolling mean): 3.88

--- FXI: China (China Large-Cap) ---
  Period: 2005-01-04 to 2026-05-15 (5375 days)
  B&H: Sharpe=0.1386, MDD=-0.7334
  VT:  Sharpe=-0.0360, MDD=-0.6826
  MDD improvement: 6.9% (+5.1pp)
  Sharpe diff: -0.1746
  DM test: t=1.9942, p=0.0462
  Bootstrap Sharpe diff: -0.1796 [-0.3676, 0.0118]
  Estimating GJR gamma (window=2000)...
  GJR convergence: 15/15 windows converged
  GJR gamma (full): 0.0651 (t=3.74, p=0.0002)
  GJR gamma (rolling mean, converged only): 0.0755 (14 windows)
  GJR tstat (rolling mean): 3.02

--- EWH: Hong Kong (MSCI HK) ---
  Period: 2005-01-04 to 2026-05-15 (5375 days)
  B&H: Sharpe=0.0882, MDD=-0.6469
  VT:  Sharpe=-0.1356, MDD=-0.4422
  MDD improvement: 31.6% (+20.5pp)
  Sharpe diff: -0.2238
  DM test: t=1.9092, p=0.0563
  Bootstrap Sharpe diff: -0.2302 [-0.4261, -0.0286]
  Estimating GJR gamma (window=2000)...
  GJR convergence: 15/15 windows converged
  GJR gamma (full): 0.0719 (t=4.88, p=0.0000)
  GJR gamma (rolling mean, converged only): 0.0877 (14 windows)
  GJR tstat (rolling mean): 3.38

--- EWT: Taiwan (MSCI Taiwan) ---
  Period: 2005-01-04 to 2026-05-15 (5375 days)
  B&H: Sharpe=0.2186, MDD=-0.6471
  VT:  Sharpe=0.0189, MDD=-0.3733
  MDD improvement: 42.3% (+27.4pp)
  Sharpe diff: -0.1998
  DM test: t=2.3049, p=0.0212
  Bootstrap Sharpe diff: -0.2050 [-0.3940, -0.0195]
  Estimating GJR gamma (window=2000)...
  GJR convergence: 15/15 windows converged
  GJR gamma (full): 0.0518 (t=1.63, p=0.1033)
  GJR gamma (rolling mean, converged only): 0.0704 (14 windows)
  GJR tstat (rolling mean): 2.72

--- EWY: South Korea (MSCI Korea) ---
  Period: 2005-01-04 to 2026-05-15 (5375 days)
  B&H: Sharpe=0.3011, MDD=-0.7459
  VT:  Sharpe=0.1210, MDD=-0.4694
  MDD improvement: 37.1% (+27.6pp)
  Sharpe diff: -0.1801
  DM test: t=2.5048, p=0.0123
  Bootstrap Sharpe diff: -0.1859 [-0.3819, 0.0135]
  Estimating GJR gamma (window=2000)...
  GJR convergence: 15/15 windows converged
  GJR gamma (full): 0.0630 (t=4.01, p=0.0001)
  GJR gamma (rolling mean, converged only): 0.0822 (14 windows)
  GJR tstat (rolling mean): 3.25

================================================================================
[3/6] SUMMARY TABLE — Paper 3 Table 5
================================================================================
Market   Region BH_Sharpe VT_Sharpe  ΔSharpe   BH_MDD   VT_MDD     ΔMDD  γ_full    γ_t   DM_t
---------------------------------------------------------------------------------------------
SPY      DM      0.3325    0.2010  -0.1315  -0.5647  -0.2829    +28.2  0.2047   6.81   2.42
EWJ      DM      0.0776   -0.0733  -0.1510  -0.5582  -0.3028    +25.5  0.0948   4.41   1.47
EWG      DM      0.1152   -0.0325  -0.1477  -0.6512  -0.3779    +27.3  0.1166   6.35   1.30
EWU      DM     -0.0158   -0.2550  -0.2392  -0.6694  -0.4438    +22.6  0.1346   5.25   1.22
EWA      DM      0.0856   -0.1427  -0.2282  -0.6972  -0.4949    +20.2  0.0938   5.17   1.71
EWC      DM      0.1866    0.0714  -0.1152  -0.6214  -0.3943    +22.7  0.1145   6.08   1.35
EWZ      EM      0.1446   -0.0345  -0.1791  -0.8275  -0.7693     +5.8  0.0808   4.57   1.89
EEM      EM      0.1754   -0.0725  -0.2479  -0.6723  -0.5311    +14.1  0.1109   6.34   2.54
EFA      DM      0.0614   -0.1567  -0.2180  -0.6318  -0.3369    +29.5  0.1358   5.49   1.50
FXI      EM      0.1386   -0.0360  -0.1746  -0.7334  -0.6826     +5.1  0.0651   3.74   1.99
EWH      EM      0.0882   -0.1356  -0.2238  -0.6469  -0.4422    +20.5  0.0719   4.88   1.91
EWT      EM      0.2186    0.0189  -0.1998  -0.6471  -0.3733    +27.4  0.0518   1.63   2.30
EWY      EM      0.3011    0.1210  -0.1801  -0.7459  -0.4694    +27.6  0.0630   4.01   2.50

================================================================================
[4/6] CROSS-SECTIONAL ANALYSIS
================================================================================

Valid markets for cross-sectional: 13 / 13

Spearman(gamma, ΔSharpe): rho=0.1484, p=0.6286
Spearman(gamma, ΔMDD): rho=0.3462, p=0.2466

MDD improvement: 13/13 markets
Sharpe improvement: 0/13 markets
DM |t|>3.0 (Harvey): 0/13 markets

Gamma > 0: 13/13 markets
Gamma significant (t>1.96): 12/13 markets
Mean gamma: 0.1029
Median gamma: 0.0948

================================================================================
[5/6] DM vs EM SUBGROUP ANALYSIS
================================================================================

DM (7 markets):
  Mean gamma: 0.1278
  Mean Sharpe diff: -0.1758
  Mean MDD improvement: +25.1pp
  MDD improved: 7/7

EM (6 markets):
  Mean gamma: 0.0739
  Mean Sharpe diff: -0.2009
  Mean MDD improvement: +16.8pp
  MDD improved: 6/6

================================================================================
[6/6] Saving results...

Conclusion: 12/VIX VT across 13 international markets: MDD improvement in 13/13 markets, Sharpe improvement in 0/13 markets. GJR gamma > 0 in 13/13 markets. Spearman(gamma, ΔMDD) = 0.346 (p=0.247). Spearman(gamma, ΔSharpe) = 0.148 (p=0.629). VT is universal for MDD reduction but not universal for Sharpe improvement. Confirms VT's primary value as drawdown insurance across markets.

Results saved to: /Users/yhlai0911/Desktop/volpred-research/experiments/k901/k901_international_vt_13markets_results.json

✅ K901 COMPLETE
