K681b: Lookahead Fix — US/EFA VIX Percentile Strategy
============================================================

[1] Downloading data...
  Downloading SPY...
  Downloading GLD...
  Downloading EFA...
  Downloading ^VIX...
  Data: 2009-01-02 to 2026-03-26, 4334 rows

[2] Computing signals (original + fixed)...

[3] US (50/50 SPY/GLD) Backtest...
  Pct ORIGINAL: Sharpe=1.712, CAGR=15.21%
  12VIX ORIGINAL: Sharpe=1.117, CAGR=12.63%
  Pct FIXED:    Sharpe=0.341, CAGR=6.13%
  12VIX FIXED:  Sharpe=0.483, CAGR=7.60%
  DM ORIGINAL: t=3.109, Harvey=True
  DM FIXED:    t=-1.070, Harvey=False

[4] EFA (International Developed) Backtest...
  Pct ORIGINAL: Sharpe=1.871
  12VIX ORIGINAL: Sharpe=0.851
  Pct FIXED:    Sharpe=-0.054
  12VIX FIXED:  Sharpe=0.019
  DM ORIGINAL: t=5.368, Harvey=True
  DM FIXED:    t=-0.062, Harvey=False

[5] Summary Comparison:
Market                     Orig Sharpe Fixed Sharpe    Delta  Orig DM-t Fixed DM-t
--------------------------------------------------------------------------------
US (50/50 SPY/GLD)               1.712        0.341   -1.371      3.109      -1.07
EFA                              1.871       -0.054   -1.925      5.368     -0.062

Results saved to experiments/k681b/k681b_results.json
  → EFA result collapsed — major article correction or retraction needed
