============================================================
K1312: GARCH-to-Neural (AAAI 2024) -- GARCH-LSTM
============================================================
  Config: OOS=2021-01-04  REFIT=63  WINDOW=1500
  LSTM: hidden=32  layers=2  seq_len=20
  seed=42  device=cpu

=== SPY ===  n_obs=4851
  OOS rows: 1348  (2021-01-04 -> 2026-05-15)
  Refit points: 22
  [GJR refit @ 2021-01-04]  omega=0.03012  alpha=0.0205  gamma=0.2167  beta=0.8510
  Starting GARCH-LSTM walk-forward (1348 OOS steps)...
  [LSTM refit @ 2021-01-04]  elapsed=15.7s
    OOS progress: 250/1348  elapsed=25.3s
    OOS progress: 500/1348  elapsed=45.9s
    OOS progress: 750/1348  elapsed=59.2s
    OOS progress: 1000/1348  elapsed=72.6s
    OOS progress: 1250/1348  elapsed=89.6s
  Walk-forward done. Elapsed: 99.7s

  QLIKE  GJR=1.730418  LSTM=3.450973  rel=-99.43%
  DM-HLN (QLIKE): t=8.711  p=0.0000
  Gates: DM=False  RelImpr=False  SubPeriod=False  -> NULL -- ML ceiling 8th confirmation

=== QQQ ===  n_obs=4851
  OOS rows: 1348  (2021-01-04 -> 2026-05-15)
  Refit points: 22
  [GJR refit @ 2021-01-04]  omega=0.04530  alpha=0.0063  gamma=0.1909  beta=0.8717
  Starting GARCH-LSTM walk-forward (1348 OOS steps)...
  [LSTM refit @ 2021-01-04]  elapsed=3.5s
    OOS progress: 250/1348  elapsed=20.2s
    OOS progress: 500/1348  elapsed=36.4s
    OOS progress: 750/1348  elapsed=48.5s
    OOS progress: 1000/1348  elapsed=62.4s
    OOS progress: 1250/1348  elapsed=79.4s
  Walk-forward done. Elapsed: 86.7s

  QLIKE  GJR=1.746081  LSTM=3.291560  rel=-88.51%
  DM-HLN (QLIKE): t=9.316  p=0.0000
  Gates: DM=False  RelImpr=False  SubPeriod=False  -> NULL -- ML ceiling 8th confirmation
  Saved: /Users/yhlai0911/Desktop/volpred-research/experiments/k1312/k1312_qlike_comparison.png

Results saved: /Users/yhlai0911/Desktop/volpred-research/experiments/k1312/k1312_results.json

OVERALL VERDICT: NULL -- ML ceiling 8th confirmation (GARCH-LSTM fails all gates)
Total elapsed: 253.4s
