========================================================================
K1135: Skew-t GAS on negatively skewed commodities
Paper 4 Channel 3 final narrative block
========================================================================

[0] Downloading commodities...
  USO: n_full=4847, skew_full=-0.578, kurt_full=9.62
          n_post2010=4092, skew_post2010=-0.744, kurt_post2010=12.55
  UNG: n_full=4596, skew_full=+0.103, kurt_full=3.23
          n_post2010=4092, skew_post2010=+0.084, kurt_post2010=3.65
  GLD: n_full=5350, skew_full=-0.310, kurt_full=6.75
          n_post2010=4092, skew_post2010=-0.570, kurt_post2010=6.43
  SLV: n_full=5017, skew_full=-1.064, kurt_full=13.02
          n_post2010=4092, skew_post2010=-1.195, kurt_post2010=16.13

[0] Skew triage (threshold: skew < -0.3 → treatment):
  USO: skew=-0.578 → treatment
  UNG: skew=+0.103 → control
  GLD: skew=-0.310 → treatment
  SLV: skew=-1.064 → treatment

============================================================
  Processing: USO (treatment)
============================================================
  IS: 2010-01-04 ~ 2019-12-31
  OOS: 2020-01-02 ~ 2026-04-10 (1576 obs)
  IS diag: ν̂_M1=7.89, ν̂_M2=7.86, λ̂_M2=-0.050
  [USO]   0% (0/1576)  12.2s  λ=-0.05
  [USO]  12% (189/1576)  48.3s  λ=-0.04
  [USO]  24% (378/1576)  83.1s  λ=-0.06
  [USO]  36% (567/1576) 117.2s  λ=-0.12
  [USO]  48% (756/1576) 151.5s  λ=-0.13
  [USO]  60% (945/1576) 185.8s  λ=-0.13
  [USO]  72% (1134/1576) 221.3s  λ=-0.14
  [USO]  84% (1323/1576) 256.1s  λ=-0.12
  [USO]  96% (1512/1576) 292.9s  λ=-0.11
  [USO] done in 305.4s
  Valid OOS: 1576
    M0 (GARCH-N): QLIKE=1.412237, rho=0.266
    M1 (GAS-t (sym)): QLIKE=1.435643, rho=0.267
    M2 (GAS-skewt): QLIKE=1.437549, rho=0.263
    DM-HLN M1_vs_M0: t=-2.126, p=3.367e-02, rel_impr=-1.66%
    DM-HLN M2_vs_M0: t=-1.995, p=4.623e-02, rel_impr=-1.79%
    DM-HLN M2_vs_M1: t=-0.579, p=5.629e-01, rel_impr=-0.13%

  --- H2: VaR backtests ---
    M0 @ 1%: viol=1.52% (exp 1%), Kupiec_p=0.053, CC_p=0.023, DQ_p=0.007
    M1 @ 1%: viol=1.40% (exp 1%), Kupiec_p=0.136, CC_p=0.004, DQ_p=0.000
    M2 @ 1%: viol=1.14% (exp 1%), Kupiec_p=0.579, CC_p=0.045, DQ_p=0.003
    M0 @ 5%: viol=5.14% (exp 5%), Kupiec_p=0.800, CC_p=0.391, DQ_p=0.702
    M1 @ 5%: viol=5.20% (exp 5%), Kupiec_p=0.713, CC_p=0.213, DQ_p=0.558
    M2 @ 5%: viol=4.51% (exp 5%), Kupiec_p=0.360, CC_p=0.593, DQ_p=0.692

  --- H3: ES backtests (Acerbi-Szekely 2014) ---
    M0 @ 1%: Z1=+2.765 (p=0.006), Z2=+2.199 (p=0.028)
    M1 @ 1%: Z1=+1.084 (p=0.278), Z2=+1.527 (p=0.127)
    M2 @ 1%: Z1=+0.965 (p=0.335), Z2=+0.793 (p=0.428)
    M0 @ 5%: Z1=+2.614 (p=0.009), Z2=+1.174 (p=0.241)
    M1 @ 5%: Z1=+1.447 (p=0.148), Z2=+0.874 (p=0.382)
    M2 @ 5%: Z1=+1.217 (p=0.224), Z2=-0.346 (p=0.729)

============================================================
  Processing: UNG (control)
============================================================
  IS: 2010-01-04 ~ 2019-12-31
  OOS: 2020-01-02 ~ 2026-04-10 (1576 obs)
  IS diag: ν̂_M1=12.31, ν̂_M2=11.92, λ̂_M2=+0.073
  [UNG]   0% (0/1576)  12.3s  λ=+0.07
  [UNG]  12% (189/1576)  54.8s  λ=+0.09
  [UNG]  24% (378/1576)  93.5s  λ=+0.05
  [UNG]  36% (567/1576) 133.1s  λ=+0.05
  [UNG]  48% (756/1576) 170.2s  λ=+0.03
  [UNG]  60% (945/1576) 211.4s  λ=+0.04
  [UNG]  72% (1134/1576) 256.4s  λ=+0.05
  [UNG]  84% (1323/1576) 304.7s  λ=+0.06
  [UNG]  96% (1512/1576) 353.3s  λ=+0.04
  [UNG] done in 370.0s
  Valid OOS: 1576
    M0 (GARCH-N): QLIKE=1.221078, rho=0.235
    M1 (GAS-t (sym)): QLIKE=1.215442, rho=0.238
    M2 (GAS-skewt): QLIKE=1.215836, rho=0.235
    DM-HLN M1_vs_M0: t=+1.691, p=9.106e-02, rel_impr=+0.46%
    DM-HLN M2_vs_M0: t=+1.557, p=1.197e-01, rel_impr=+0.43%
    DM-HLN M2_vs_M1: t=-0.390, p=6.962e-01, rel_impr=-0.03%

  --- H2: VaR backtests ---
    M0 @ 1%: viol=1.08% (exp 1%), Kupiec_p=0.757, CC_p=0.792, DQ_p=0.961
    M1 @ 1%: viol=0.82% (exp 1%), Kupiec_p=0.471, CC_p=0.692, DQ_p=0.987
    M2 @ 1%: viol=0.95% (exp 1%), Kupiec_p=0.846, CC_p=0.850, DQ_p=0.951
    M0 @ 5%: viol=4.44% (exp 5%), Kupiec_p=0.300, CC_p=0.514, DQ_p=0.561
    M1 @ 5%: viol=4.95% (exp 5%), Kupiec_p=0.926, CC_p=0.888, DQ_p=0.829
    M2 @ 5%: viol=5.39% (exp 5%), Kupiec_p=0.479, CC_p=0.745, DQ_p=0.818

  --- H3: ES backtests (Acerbi-Szekely 2014) ---
    M0 @ 1%: Z1=+1.232 (p=0.218), Z2=+0.476 (p=0.634)
    M1 @ 1%: Z1=-0.225 (p=0.822), Z2=-0.804 (p=0.422)
    M2 @ 1%: Z1=+0.050 (p=0.960), Z2=-0.186 (p=0.853)
    M0 @ 5%: Z1=+1.371 (p=0.171), Z2=-0.718 (p=0.473)
    M1 @ 5%: Z1=-1.004 (p=0.315), Z2=-0.324 (p=0.746)
    M2 @ 5%: Z1=-0.692 (p=0.489), Z2=+0.522 (p=0.602)

============================================================
  Processing: GLD (treatment)
============================================================
  IS: 2010-01-04 ~ 2019-12-31
  OOS: 2020-01-02 ~ 2026-04-10 (1576 obs)
  IS diag: ν̂_M1=5.00, ν̂_M2=4.97, λ̂_M2=-0.049
  [GLD]   0% (0/1576)  11.9s  λ=-0.02
  [GLD]  12% (189/1576)  48.7s  λ=-0.05
  [GLD]  24% (378/1576)  84.1s  λ=-0.09
  [GLD]  36% (567/1576) 121.2s  λ=-0.11
  [GLD]  48% (756/1576) 159.4s  λ=-0.10
  [GLD]  60% (945/1576) 194.0s  λ=-0.08
  [GLD]  72% (1134/1576) 225.2s  λ=-0.09
  [GLD]  84% (1323/1576) 257.5s  λ=-0.11
  [GLD]  96% (1512/1576) 290.1s  λ=-0.10
  [GLD] done in 301.3s
  Valid OOS: 1576
    M0 (GARCH-N): QLIKE=1.526940, rho=0.184
    M1 (GAS-t (sym)): QLIKE=1.528038, rho=0.187
    M2 (GAS-skewt): QLIKE=1.521279, rho=0.190
    DM-HLN M1_vs_M0: t=-0.126, p=9.001e-01, rel_impr=-0.07%
    DM-HLN M2_vs_M0: t=+0.739, p=4.600e-01, rel_impr=+0.37%
    DM-HLN M2_vs_M1: t=+1.729, p=8.402e-02, rel_impr=+0.44%

  --- H2: VaR backtests ---
    M0 @ 1%: viol=2.16% (exp 1%), Kupiec_p=0.000, CC_p=0.000, DQ_p=0.000
    M1 @ 1%: viol=1.40% (exp 1%), Kupiec_p=0.136, CC_p=0.198, DQ_p=0.355
    M2 @ 1%: viol=1.08% (exp 1%), Kupiec_p=0.757, CC_p=0.380, DQ_p=0.388
    M0 @ 5%: viol=5.52% (exp 5%), Kupiec_p=0.351, CC_p=0.121, DQ_p=0.283
    M1 @ 5%: viol=5.96% (exp 5%), Kupiec_p=0.088, CC_p=0.009, DQ_p=0.033
    M2 @ 5%: viol=5.33% (exp 5%), Kupiec_p=0.552, CC_p=0.005, DQ_p=0.015

  --- H3: ES backtests (Acerbi-Szekely 2014) ---
    M0 @ 1%: Z1=+3.407 (p=0.001), Z2=+3.481 (p=0.000)
    M1 @ 1%: Z1=+1.168 (p=0.243), Z2=+1.521 (p=0.128)
    M2 @ 1%: Z1=+1.143 (p=0.253), Z2=+0.557 (p=0.577)
    M0 @ 5%: Z1=+3.864 (p=0.000), Z2=+2.056 (p=0.040)
    M1 @ 5%: Z1=+1.343 (p=0.179), Z2=+1.912 (p=0.056)
    M2 @ 5%: Z1=+0.751 (p=0.453), Z2=+0.790 (p=0.429)

============================================================
  Processing: SLV (treatment)
============================================================
  IS: 2010-01-04 ~ 2019-12-31
  OOS: 2020-01-02 ~ 2026-04-10 (1576 obs)
  IS diag: ν̂_M1=4.17, ν̂_M2=4.16, λ̂_M2=-0.054
  [SLV]   0% (0/1576)  11.9s  λ=-0.04
  [SLV]  12% (189/1576)  55.4s  λ=-0.05
  [SLV]  24% (378/1576)  93.8s  λ=-0.06
  [SLV]  36% (567/1576) 133.8s  λ=-0.07
  [SLV]  48% (756/1576) 172.0s  λ=-0.05
  [SLV]  60% (945/1576) 208.6s  λ=-0.03
  [SLV]  72% (1134/1576) 247.0s  λ=-0.03
  [SLV]  84% (1323/1576) 283.8s  λ=-0.02
  [SLV]  96% (1512/1576) 323.9s  λ=-0.02
  [SLV] done in 337.4s
  Valid OOS: 1576
    M0 (GARCH-N): QLIKE=1.505982, rho=0.170
    M1 (GAS-t (sym)): QLIKE=1.513759, rho=0.167
    M2 (GAS-skewt): QLIKE=1.511010, rho=0.168
    DM-HLN M1_vs_M0: t=-0.381, p=7.031e-01, rel_impr=-0.52%
    DM-HLN M2_vs_M0: t=-0.252, p=8.010e-01, rel_impr=-0.33%
    DM-HLN M2_vs_M1: t=+1.751, p=8.014e-02, rel_impr=+0.18%

  --- H2: VaR backtests ---
    M0 @ 1%: viol=1.90% (exp 1%), Kupiec_p=0.001, CC_p=0.000, DQ_p=0.000
    M1 @ 1%: viol=1.40% (exp 1%), Kupiec_p=0.136, CC_p=0.004, DQ_p=0.000
    M2 @ 1%: viol=1.33% (exp 1%), Kupiec_p=0.207, CC_p=0.004, DQ_p=0.000
    M0 @ 5%: viol=4.57% (exp 5%), Kupiec_p=0.425, CC_p=0.673, DQ_p=0.696
    M1 @ 5%: viol=4.51% (exp 5%), Kupiec_p=0.360, CC_p=0.593, DQ_p=0.787
    M2 @ 5%: viol=4.31% (exp 5%), Kupiec_p=0.202, CC_p=0.366, DQ_p=0.593

  --- H3: ES backtests (Acerbi-Szekely 2014) ---
    M0 @ 1%: Z1=+3.677 (p=0.000), Z2=+3.094 (p=0.002)
    M1 @ 1%: Z1=+0.351 (p=0.726), Z2=+1.355 (p=0.175)
    M2 @ 1%: Z1=+0.023 (p=0.982), Z2=+1.103 (p=0.270)
    M0 @ 5%: Z1=+4.033 (p=0.000), Z2=+0.902 (p=0.367)
    M1 @ 5%: Z1=+1.727 (p=0.084), Z2=-0.083 (p=0.934)
    M2 @ 5%: Z1=+1.498 (p=0.134), Z2=-0.524 (p=0.600)

========================================================================
BH FDR ADJUSTMENT — across {H1 QLIKE DM M2 vs M0} × 4 tickers
========================================================================
  USO: DM_p=0.0462, BH_p=0.1849
  UNG: DM_p=0.1197, BH_p=0.2394
  GLD: DM_p=0.4600, BH_p=0.6133
  SLV: DM_p=0.8010, BH_p=0.8010

========================================================================
CROSS-ASSET SUMMARY
========================================================================

Asset    group          skew    kurt  ν̂_M1  ν̂_M2   λ̂_M2
------------------------------------------------------------
USO      treatment    -0.578    9.62   7.89   7.86  -0.050
UNG      control      +0.103    3.23  12.31  11.92  +0.073
GLD      treatment    -0.310    6.75   5.00   4.97  -0.049
SLV      treatment    -1.064   13.02   4.17   4.16  -0.054

Asset        M0 QL     M1 QL     M2 QL   M2 vs M0 t    BH_p
------------------------------------------------------------
USO         1.4122    1.4356    1.4375       -1.995   0.185
UNG         1.2211    1.2154    1.2158       +1.557   0.239
GLD         1.5269    1.5280    1.5213       +0.739   0.613
SLV         1.5060    1.5138    1.5110       -0.252   0.801

--- Hypothesis Summary ---
H1 (QLIKE DM M2>M0, t>+2 & BH_p<0.05): 0/4
H2 (VaR Trinity @1%): 2/4
H2 (VaR Trinity @5%): 3/4
H3 (ES Z1+Z2 @1%):    4/4
H3 (ES Z1+Z2 @5%):    4/4

>>> VERDICT: Scenario B — Only VaR/ES improved, QLIKE NULL
    Paper 4 Channel 3: add commodity subsection "GAS-skewt for tail risk only".

  Chart 1: /Users/yhlai0911/Desktop/volpred-research/experiments/k1135/commodity_skew_vs_gauss.png
  Chart 2: /Users/yhlai0911/Desktop/volpred-research/experiments/k1135/var_es_backtest.png

  Results saved: /Users/yhlai0911/Desktop/volpred-research/experiments/k1135/k1135_results.json

K1135 complete.
