======================================================================
K1379: HAR-RV / HAR-RV-VIX Benchmarks vs A4f (Paper 9)
======================================================================

[1] Loading snapshot CSV...
  SPY: 2000-01-04 to 2026-05-18, n=6642
  OOS: 2019-01-01 onwards, n_oos=1864

[2] Rolling window OOS forecasting (4 models)...
  OOS step 0/1864 (0.1s)
  OOS step 500/1864 (24.4s)
  OOS step 1000/1864 (49.5s)
  OOS step 1500/1864 (74.0s)
  Done in 92.0s

[3] Computing QLIKE losses...
  Valid OOS obs: 1852
  GJR    QLIKE: 624.326672
  A4f    QLIKE: 688.487540
  HAR-RV QLIKE: 718.477562
  HAR-VX QLIKE: 737.577298

[4] Diebold-Mariano tests (Harvey 2016 threshold |t| > 3.0)...
  A4f vs GJR          : t=-1.191, p=0.2338, Harvey=FAIL
  A4f vs HAR-RV       : t=+0.289, p=0.7723, Harvey=FAIL
  A4f vs HAR-VX       : t=+0.648, p=0.5171, Harvey=FAIL
  HAR-RV vs GJR       : t=-1.073, p=0.2833, Harvey=FAIL
  HAR-VX vs GJR       : t=-1.118, p=0.2638, Harvey=FAIL
  HAR-VX vs HAR-RV    : t=-0.207, p=0.8358, Harvey=FAIL

  Saved loss arrays for K_NEW_C

[5] Results saved to /Users/yhlai0911/Desktop/volpred-research/experiments/k1379/k1379_results.json

Total elapsed: 92.0s

==================================================
C4 VERDICT: C4 LIMITATION — A4f does NOT significantly beat HAR-RV (honest result, add as limitation)
==================================================
