[K1165-fetch] VIX...
  VIX rows=3017

[AU] n=10
  [01/10] CBA.AX price rows=3037
          earnings n=0
          analyst_count=14 mcap=306333057024
  [02/10] BHP.AX price rows=3037
          earnings n=1
          analyst_count=15 mcap=276135510016
  [03/10] RIO.AX price rows=3037
          earnings n=0
          analyst_count=15 mcap=279731929088
  [04/10] NAB.AX price rows=3037
          earnings n=1
          analyst_count=14 mcap=137347801088
  [05/10] ANZ.AX price rows=3037
          earnings n=0
          analyst_count=14 mcap=115888922624
  [06/10] WBC.AX price rows=3037
          earnings n=1
          analyst_count=14 mcap=145589092352
  [07/10] WES.AX price rows=3037
          earnings n=0
          analyst_count=14 mcap=85895495680
  [08/10] WOW.AX price rows=3037
          earnings n=0
          analyst_count=16 mcap=45394628608
  [09/10] FMG.AX price rows=3037
          earnings n=3
          analyst_count=16 mcap=62441410560
  [10/10] MQG.AX price rows=3037
          earnings n=0
          analyst_count=13 mcap=85275910144

[KR] n=10
  [01/10] 005930.KS price rows=2941
          earnings n=85
          analyst_count=37 mcap=1326265231474688
  [02/10] 000660.KS price rows=2941
          earnings n=83
          analyst_count=39 mcap=736628901412864
  [03/10] 207940.KS price rows=2236
          earnings n=21
          analyst_count=25 mcap=71750977060864
  [04/10] 005380.KS price rows=2941
          earnings n=85
          analyst_count=32 mcap=124551937654784
  [05/10] 035420.KS price rows=2941
          earnings n=83
          analyst_count=26 mcap=29747478265856
  [06/10] 005490.KS price rows=2941
          earnings n=86
          analyst_count=23 mcap=27223480336384
  [07/10] 035720.KS price rows=2941
          earnings n=46
          analyst_count=26 mcap=20674238218240
  [08/10] 028260.KS price rows=2704
          earnings n=36
          analyst_count=16 mcap=47372381978624
  [09/10] 105560.KS price rows=2941
          earnings n=68
          analyst_count=19 mcap=56154835124224
  [10/10] 055550.KS price rows=2941
          earnings n=86
          analyst_count=20 mcap=46658524020736

[CA] n=10
  [01/10] RY.TO price rows=3010
          earnings n=99
          analyst_count=14 mcap=332448628736
  [02/10] TD.TO price rows=3010
          earnings n=99
          analyst_count=14 mcap=234849271808
  [03/10] ENB.TO price rows=3010
          earnings n=99
          analyst_count=21 mcap=161711144960
  [04/10] BNS.TO price rows=3010
          earnings n=99
          analyst_count=14 mcap=124973834240
  [05/10] BMO.TO price rows=3010
          earnings n=97
          analyst_count=14 mcap=142192295936
  [06/10] CNQ.TO price rows=3010
          earnings n=96
          analyst_count=19 mcap=135320526848
  [07/10] BCE.TO price rows=3010
          earnings n=99
          analyst_count=17 mcap=30204510208
  [08/10] CP.TO price rows=3010
          earnings n=96
          analyst_count=20 mcap=99897933824
  [09/10] MFC.TO price rows=3010
          earnings n=99
          analyst_count=15 mcap=85789474816
  [10/10] CSU.TO price rows=3010
          earnings n=79
          analyst_count=12 mcap=52285861888

[HK] n=10
  [01/10] 0700.HK price rows=2955
          earnings n=85
          analyst_count=44 mcap=4428080873472
  [02/10] 0388.HK price rows=2955
          earnings n=82
          analyst_count=17 mcap=512943816704
  [03/10] 0939.HK price rows=2955
          earnings n=57
          analyst_count=17 mcap=2264319131648
  [04/10] 1299.HK price rows=2955
          earnings n=0
          analyst_count=18 mcap=913525899264
  [05/10] 0005.HK price rows=2955
          earnings n=57
          analyst_count=10 mcap=2388137345024
  [06/10] 1398.HK price rows=2955
          earnings n=61
          analyst_count=16 mcap=3265633976320
  [07/10] 0941.HK price rows=2955
          earnings n=32
          analyst_count=15 mcap=1775372599296
  [08/10] 0883.HK price rows=2955
          earnings n=7
          analyst_count=14 mcap=1312182108160
  [09/10] 0016.HK price rows=2955
          earnings n=0
          analyst_count=14 mcap=393518546944
  [10/10] 1109.HK price rows=2955
          earnings n=0
          analyst_count=16 mcap=210220089344

[K1165-fetch] wrote earnings_dates.json / institutional_ownership_new.json / ticker_info.json
